Archive member included to satisfy reference by file (symbol)

C:/Program Files/SEGGER/SEGGER Embedded Studio for ARM 7.10a/lib/libc_v7em_fpv4_sp_d16_hard_t_le_eabi_balanced.a(mbops.o)
                              Output/Debug/Obj/twi_scanner_pca10056/nrf_log_str_formatter.o (isprint)
C:/Program Files/SEGGER/SEGGER Embedded Studio for ARM 7.10a/lib/libc_v7em_fpv4_sp_d16_hard_t_le_eabi_balanced.a(sortops.o)
                              C:/Program Files/SEGGER/SEGGER Embedded Studio for ARM 7.10a/lib/libc_v7em_fpv4_sp_d16_hard_t_le_eabi_balanced.a(mbops.o) (bsearch)
C:/Program Files/SEGGER/SEGGER Embedded Studio for ARM 7.10a/lib/libc_v7em_fpv4_sp_d16_hard_t_le_eabi_balanced.a(strasmops_arm.o)
                              Output/Debug/Obj/twi_scanner_pca10056/nrf_fprintf_format.o (strlen)
C:/Program Files/SEGGER/SEGGER Embedded Studio for ARM 7.10a/lib/libc_v7em_fpv4_sp_d16_hard_t_le_eabi_balanced.a(strops.o)
                              Output/Debug/Obj/twi_scanner_pca10056/nrf_twi_mngr.o (memcmp)
C:/Program Files/SEGGER/SEGGER Embedded Studio for ARM 7.10a/lib/libc_v7em_fpv4_sp_d16_hard_t_le_eabi_balanced.a(timeops.o)
                              C:/Program Files/SEGGER/SEGGER Embedded Studio for ARM 7.10a/lib/libc_v7em_fpv4_sp_d16_hard_t_le_eabi_balanced.a(mbops.o) (__SEGGER_RTL_string_list_encode)
C:/Program Files/SEGGER/SEGGER Embedded Studio for ARM 7.10a/lib/libc_v7em_fpv4_sp_d16_hard_t_le_eabi_balanced.a(__SEGGER_RTL_vfprintf_long.o)
                              (__SEGGER_RTL_vfprintf_long)
C:/Program Files/SEGGER/SEGGER Embedded Studio for ARM 7.10a/lib/libc_v7em_fpv4_sp_d16_hard_t_le_eabi_balanced.a(__SEGGER_RTL_vfscanf_long.o)
                              (__SEGGER_RTL_vfscanf_long)
C:/Program Files/SEGGER/SEGGER Embedded Studio for ARM 7.10a/lib/libc_v7em_fpv4_sp_d16_hard_t_le_eabi_balanced.a(errno.o)
                              C:/Program Files/SEGGER/SEGGER Embedded Studio for ARM 7.10a/lib/libc_v7em_fpv4_sp_d16_hard_t_le_eabi_balanced.a(mbops.o) (__aeabi_errno_addr)
C:/Program Files/SEGGER/SEGGER Embedded Studio for ARM 7.10a/lib/libc_v7em_fpv4_sp_d16_hard_t_le_eabi_balanced.a(execops.o)
                              C:/Program Files/SEGGER/SEGGER Embedded Studio for ARM 7.10a/lib/libc_v7em_fpv4_sp_d16_hard_t_le_eabi_balanced.a(strops.o) (__SEGGER_RTL_constraint_violation)
C:/Program Files/SEGGER/SEGGER Embedded Studio for ARM 7.10a/lib/libc_v7em_fpv4_sp_d16_hard_t_le_eabi_balanced.a(execops_arm.o)
                              C:/Program Files/SEGGER/SEGGER Embedded Studio for ARM 7.10a/lib/libc_v7em_fpv4_sp_d16_hard_t_le_eabi_balanced.a(execops.o) (__aeabi_SIGABRT)
C:/Program Files/SEGGER/SEGGER Embedded Studio for ARM 7.10a/lib/libc_v7em_fpv4_sp_d16_hard_t_le_eabi_balanced.a(floatasmops_arm.o)
                              C:/Program Files/SEGGER/SEGGER Embedded Studio for ARM 7.10a/lib/libc_v7em_fpv4_sp_d16_hard_t_le_eabi_balanced.a(timeops.o) (__aeabi_i2d)
C:/Program Files/SEGGER/SEGGER Embedded Studio for ARM 7.10a/lib/libc_v7em_fpv4_sp_d16_hard_t_le_eabi_balanced.a(intasmops_arm.o)
                              C:/Program Files/SEGGER/SEGGER Embedded Studio for ARM 7.10a/lib/libc_v7em_fpv4_sp_d16_hard_t_le_eabi_balanced.a(__SEGGER_RTL_vfprintf_long.o) (__aeabi_uldivmod)
C:/Program Files/SEGGER/SEGGER Embedded Studio for ARM 7.10a/lib/libc_v7em_fpv4_sp_d16_hard_t_le_eabi_balanced.a(intops.o)
                              C:/Program Files/SEGGER/SEGGER Embedded Studio for ARM 7.10a/lib/libc_v7em_fpv4_sp_d16_hard_t_le_eabi_balanced.a(timeops.o) (div)
C:/Program Files/SEGGER/SEGGER Embedded Studio for ARM 7.10a/lib/libc_v7em_fpv4_sp_d16_hard_t_le_eabi_balanced.a(utilops.o)
                              C:/Program Files/SEGGER/SEGGER Embedded Studio for ARM 7.10a/lib/libc_v7em_fpv4_sp_d16_hard_t_le_eabi_balanced.a(__SEGGER_RTL_vfscanf_long.o) (__SEGGER_RTL_digit)
C:/Program Files/SEGGER/SEGGER Embedded Studio for ARM 7.10a/lib/libc_v7em_fpv4_sp_d16_hard_t_le_eabi_balanced.a(prinops.o)
                              C:/Program Files/SEGGER/SEGGER Embedded Studio for ARM 7.10a/lib/libc_v7em_fpv4_sp_d16_hard_t_le_eabi_balanced.a(__SEGGER_RTL_vfprintf_long.o) (__SEGGER_RTL_putc)
C:/Program Files/SEGGER/SEGGER Embedded Studio for ARM 7.10a/lib/libc_v7em_fpv4_sp_d16_hard_t_le_eabi_balanced.a(convops.o)
                              C:/Program Files/SEGGER/SEGGER Embedded Studio for ARM 7.10a/lib/libc_v7em_fpv4_sp_d16_hard_t_le_eabi_balanced.a(execops.o) (itoa)
C:/Program Files/SEGGER/SEGGER Embedded Studio for ARM 7.10a/lib/libc_v7em_fpv4_sp_d16_hard_t_le_eabi_balanced.a(fileops.o)
                              C:/Program Files/SEGGER/SEGGER Embedded Studio for ARM 7.10a/lib/libc_v7em_fpv4_sp_d16_hard_t_le_eabi_balanced.a(prinops.o) (fwrite)
C:/Program Files/SEGGER/SEGGER Embedded Studio for ARM 7.10a/lib/libc_v7em_fpv4_sp_d16_hard_t_le_eabi_balanced.a(floatops.o)
[...]
Memory Configuration

Name             Origin             Length             Attributes
UNPLACED_SECTIONS 0x0000000100000000 0x0000000000000000 xw
RAM1             0x0000000020000000 0x0000000000040000 xw
FLASH1           0x0000000000000000 0x0000000000100000 xw
*default*        0x0000000000000000 0xffffffffffffffff

Linker script and memory map

                0x0000000000000000                __SEGGER_RTL_vfprintf = __SEGGER_RTL_vfprintf_long
                0x0000000000000000                __SEGGER_RTL_vfscanf = __SEGGER_RTL_vfscanf_long
                0x0000000020000000                __RAM1_segment_start__ = 0x20000000
                0x0000000020040000                __RAM1_segment_end__ = 0x20040000
                0x0000000000040000                __RAM1_segment_size__ = 0x40000
                0x0000000000000000                __FLASH1_segment_start__ = 0x0
                0x0000000000100000                __FLASH1_segment_end__ = 0x100000
                0x0000000000100000                __FLASH1_segment_size__ = 0x100000
                0x0000000000002000                __HEAPSIZE__ = 0x2000
                0x0000000000000000                __STACKSIZE_PROCESS__ = 0x0
                0x0000000000002000                __STACKSIZE__ = 0x2000
                0x0000000020000000                __vectors_ram_load_start__ = 0x20000000

.vectors_ram    0x0000000020000000        0x0
                0x0000000020000000                __vectors_ram_start__ = .
                0x0000000020000000                __app_ram_start__ = __vectors_ram_start__
 *(.vectors_ram .vectors_ram.*)
                0x0000000020000000                __vectors_ram_end__ = (__vectors_ram_start__ + SIZEOF (.vectors_ram))
                0x0000000000000000                __vectors_ram_size__ = SIZEOF (.vectors_ram)
                0x0000000020000000                __vectors_ram_load_end__ = __vectors_ram_end__
                0x0000000000000001                . = ASSERT (((__vectors_ram_start__ == __vectors_ram_end__) || ((__vectors_ram_end__ - __RAM1_segment_start__) <= __RAM1_segment_size__)), error: .vectors_ram is too large to fit in RAM1 memory segment)
                0x0000000020000000                __nrf_sections_run_load_start__ = ALIGN (__vectors_ram_end__, 0x4)

.nrf_sections_run
                0x0000000020000000        0x0
                0x0000000020000000                __nrf_sections_run_start__ = .
                0x0000000020000000                __start_nrf_sections_run = __nrf_sections_run_start__
 *(.nrf_sections_run .nrf_sections_run.*)
                0x0000000020000000                __nrf_sections_run_end__ = (__nrf_sections_run_start__ + SIZEOF (.nrf_sections_run))
                0x0000000000000000                __nrf_sections_run_size__ = SIZEOF (.nrf_sections_run)
                0x0000000020000000                __nrf_sections_run_load_end__ = __nrf_sections_run_end__
                0x0000000000000001                . = ASSERT (((__nrf_sections_run_start__ == __nrf_sections_run_end__) || ((__nrf_sections_run_end__ - __RAM1_segment_start__) <= __RAM1_segment_size__)), error: .nrf_sections_run is too large to fit in RAM1 memory segment)
                0x0000000000000000                __vectors_load_start__ = 0x0

.vectors        0x0000000000000000      0x200
                0x0000000000000000                __vectors_start__ = .
 *(.vectors .vectors.*)
 .vectors       0x0000000000000000      0x200 Output/Debug/Obj/twi_scanner_pca10056/ses_startup_nrf52840.o
                0x0000000000000000                _vectors
                0x0000000000000200                __vectors_end__ = (__vectors_start__ + SIZEOF (.vectors))
                0x0000000000000200                __vectors_size__ = SIZEOF (.vectors)
                0x0000000000000200                __vectors_load_end__ = __vectors_end__
                0x0000000000000001                . = ASSERT (((__vectors_start__ == __vectors_end__) || ((__vectors_end__ - __FLASH1_segment_start__) <= __FLASH1_segment_size__)), error: .vectors is too large to fit in FLASH1 memory segment)
                0x0000000000000200                __init_load_start__ = ALIGN (__vectors_end__, 0x4)

.init           0x0000000000000200      0x1cc
                0x0000000000000200                __init_start__ = .
 *(.init .init.*)
 .init          0x0000000000000200       0x18 Output/Debug/Obj/twi_scanner_pca10056/ses_startup_nrf52840.o
                0x0000000000000200                NMI_Handler
                0x0000000000000202                HardFault_Handler
                0x0000000000000204                MemoryManagement_Handler
                0x0000000000000206                BusFault_Handler
                0x0000000000000208                UsageFault_Handler
                0x000000000000020a                SVC_Handler
                0x000000000000020c                DebugMon_Handler
                0x000000000000020e                PendSV_Handler
                0x0000000000000210                SysTick_Handler
                0x0000000000000212                PWM1_IRQHandler
                0x0000000000000212                GPIOTE_IRQHandler
                0x0000000000000212                RTC0_IRQHandler
                0x0000000000000212                POWER_CLOCK_IRQHandler
                0x0000000000000212                RADIO_IRQHandler
                0x0000000000000212                SWI2_EGU2_IRQHandler
                0x0000000000000212                TEMP_IRQHandler
                0x0000000000000212                QDEC_IRQHandler
                0x0000000000000212                TIMER3_IRQHandler
                0x0000000000000212                PWM3_IRQHandler
                0x0000000000000212                FPU_IRQHandler
                0x0000000000000212                USBD_IRQHandler
                0x0000000000000212                QSPI_IRQHandler
                0x0000000000000212                TIMER4_IRQHandler
                0x0000000000000212                PDM_IRQHandler
                0x0000000000000212                I2S_IRQHandler
                0x0000000000000212                SWI4_EGU4_IRQHandler
                0x0000000000000212                TIMER0_IRQHandler
                0x0000000000000212                UARTE1_IRQHandler
                0x0000000000000212                Dummy_Handler
                0x0000000000000212                TIMER1_IRQHandler
                0x0000000000000212                SPIM3_IRQHandler
                0x0000000000000212                PWM2_IRQHandler
                0x0000000000000212                ECB_IRQHandler
                0x0000000000000212                SAADC_IRQHandler
                0x0000000000000212                CCM_AAR_IRQHandler
                0x0000000000000212                WDT_IRQHandler
                0x0000000000000212                SWI0_EGU0_IRQHandler
                0x0000000000000212                SWI5_EGU5_IRQHandler
                0x0000000000000212                RNG_IRQHandler
                0x0000000000000212                RTC2_IRQHandler
                0x0000000000000212                PWM0_IRQHandler
                0x0000000000000212                SWI3_EGU3_IRQHandler
                0x0000000000000212                RTC1_IRQHandler
                0x0000000000000212                SWI1_EGU1_IRQHandler
                0x0000000000000212                SPIM2_SPIS2_SPI2_IRQHandler
                0x0000000000000212                NFCT_IRQHandler
                0x0000000000000212                CRYPTOCELL_IRQHandler
                0x0000000000000212                MWU_IRQHandler
                0x0000000000000212                TIMER2_IRQHandler
                0x0000000000000212                COMP_LPCOMP_IRQHandler
                0x0000000000000214                nRFInitialize
 .init          0x0000000000000218       0x5c Output/Debug/Obj/twi_scanner_pca10056/ses_startup_nrf_common.o
                0x0000000000000218                Reset_Handler
                0x000000000000021c                afterInitialize
                0x0000000000000240                InitializeUserMemorySections
 .init          0x0000000000000274      0x158 Output/Debug/Obj/twi_scanner_pca10056/thumb_crt0.o
                0x0000000000000274                _start
                0x0000000000000322                exit
                0x00000000000003cc                __init_end__ = (__init_start__ + SIZEOF (.init))
                0x00000000000001cc                __init_size__ = SIZEOF (.init)
                0x00000000000003cc                __init_load_end__ = __init_end__
                0x0000000000000001                . = ASSERT (((__init_start__ == __init_end__) || ((__init_end__ - __FLASH1_segment_start__) <= __FLASH1_segment_size__)), error: .init is too large to fit in FLASH1 memory segment)
                0x00000000000003cc                __init_rodata_load_start__ = ALIGN (__init_end__, 0x4)

.init_rodata    0x00000000000003cc        0x0
                0x00000000000003cc                __init_rodata_start__ = .
 *(.init_rodata .init_rodata.*)
                0x00000000000003cc                __init_rodata_end__ = (__init_rodata_start__ + SIZEOF (.init_rodata))
                0x0000000000000000                __init_rodata_size__ = SIZEOF (.init_rodata)
                0x00000000000003cc                __init_rodata_load_end__ = __init_rodata_end__
                0x0000000000000001                . = ASSERT (((__init_rodata_start__ == __init_rodata_end__) || ((__init_rodata_end__ - __FLASH1_segment_start__) <= __FLASH1_segment_size__)), error: .init_rodata is too large to fit in FLASH1 memory segment)
                0x00000000000003cc                __text_load_start__ = ALIGN (__init_rodata_end__, 0x4)

.text           0x00000000000003cc     0x60e0
                0x00000000000003cc                __text_start__ = .
 *(.text .text.* .gnu.linkonce.t.* .glue_7t .glue_7 .gcc_except_table .ARM.extab* .gnu.linkonce.armextab.*)
 .glue_7        0x00000000000003cc        0x0 linker stubs
 .glue_7t       0x00000000000003cc        0x0 linker stubs
 .text.nrfx_coredep_delay_us
                0x00000000000003cc       0x30 Output/Debug/Obj/twi_scanner_pca10056/main.o
 .text.nrf_gpio_pin_port_decode
                0x00000000000003fc       0x4c Output/Debug/Obj/twi_scanner_pca10056/main.o
 .text.nrf_gpio_cfg
                0x0000000000000448       0x62 Output/Debug/Obj/twi_scanner_pca10056/main.o
 .text.nrf_gpio_pin_set
                0x00000000000004aa       0x28 Output/Debug/Obj/twi_scanner_pca10056/main.o
 .text.nrf_gpio_port_out_set
                0x00000000000004d2       0x14 Output/Debug/Obj/twi_scanner_pca10056/main.o
 .text.nrf_gpio_pin_present_check
                0x00000000000004e6       0x50 Output/Debug/Obj/twi_scanner_pca10056/main.o
 .text.nrf_drv_twi_enable
                0x0000000000000536       0x18 Output/Debug/Obj/twi_scanner_pca10056/main.o
 .text.nrf_drv_twi_tx
                0x000000000000054e       0x40 Output/Debug/Obj/twi_scanner_pca10056/main.o
 .text.nrf_drv_twi_rx
                0x000000000000058e       0x38 Output/Debug/Obj/twi_scanner_pca10056/main.o
 .text.nrf_delay_ms
                0x00000000000005c6       0x2a Output/Debug/Obj/twi_scanner_pca10056/main.o
 .text.twi_handler
                0x00000000000005f0       0x24 Output/Debug/Obj/twi_scanner_pca10056/main.o
                0x00000000000005f0                twi_handler
 .text.twi_init_sensor
                0x0000000000000614       0x88 Output/Debug/Obj/twi_scanner_pca10056/main.o
                0x0000000000000614                twi_init_sensor
 .text.twi_init_oled
                0x000000000000069c       0x9c Output/Debug/Obj/twi_scanner_pca10056/main.o
                0x000000000000069c                twi_init_oled
 .text.APDS9960_WRITE
                0x0000000000000738       0xc4 Output/Debug/Obj/twi_scanner_pca10056/main.o
                0x0000000000000738                APDS9960_WRITE
 .text.APDS9960_READ
                0x00000000000007fc       0xa8 Output/Debug/Obj/twi_scanner_pca10056/main.o
                0x00000000000007fc                APDS9960_READ
 .text.getGSTATUS
                0x00000000000008a4       0x2c Output/Debug/Obj/twi_scanner_pca10056/main.o
                0x00000000000008a4                getGSTATUS
 .text.getGFLVL
                0x00000000000008d0       0x2c Output/Debug/Obj/twi_scanner_pca10056/main.o
                0x00000000000008d0                getGFLVL
 .text.getENABLE
                0x00000000000008fc       0x2c Output/Debug/Obj/twi_scanner_pca10056/main.o
                0x00000000000008fc                getENABLE
 .text.setENABLE
                0x0000000000000928       0x34 Output/Debug/Obj/twi_scanner_pca10056/main.o
                0x0000000000000928                setENABLE
 .text.gestureFIFOAvailable
                0x000000000000095c       0x5a Output/Debug/Obj/twi_scanner_pca10056/main.o
                0x000000000000095c                gestureFIFOAvailable
 *fill*         0x00000000000009b6        0x2 
 .text.enableGesture
                0x00000000000009b8       0x6c Output/Debug/Obj/twi_scanner_pca10056/main.o
                0x00000000000009b8                enableGesture
 .text.readGFIFO_U
                0x0000000000000a24       0x30 Output/Debug/Obj/twi_scanner_pca10056/main.o
                0x0000000000000a24                readGFIFO_U
 .text.handleGesture
                0x0000000000000a54      0x1ec Output/Debug/Obj/twi_scanner_pca10056/main.o
                0x0000000000000a54                handleGesture
 .text.gesture_init
                0x0000000000000c40      0x184 Output/Debug/Obj/twi_scanner_pca10056/main.o
                0x0000000000000c40                gesture_init
 .text.main     0x0000000000000dc4      0x298 Output/Debug/Obj/twi_scanner_pca10056/main.o
                0x0000000000000dc4                main
 .text.nrf_gpio_pin_port_decode
                0x000000000000105c       0x4c Output/Debug/Obj/twi_scanner_pca10056/boards.o
 .text.nrf_gpio_cfg
                0x00000000000010a8       0x62 Output/Debug/Obj/twi_scanner_pca10056/boards.o
 .text.nrf_gpio_cfg_output
                0x000000000000110a       0x22 Output/Debug/Obj/twi_scanner_pca10056/boards.o
 .text.nrf_gpio_cfg_input
                0x000000000000112c       0x2a Output/Debug/Obj/twi_scanner_pca10056/boards.o
 .text.nrf_gpio_pin_set
                0x0000000000001156       0x28 Output/Debug/Obj/twi_scanner_pca10056/boards.o
 .text.nrf_gpio_pin_clear
                0x000000000000117e       0x28 Output/Debug/Obj/twi_scanner_pca10056/boards.o
 .text.nrf_gpio_pin_write
                0x00000000000011a6       0x24 Output/Debug/Obj/twi_scanner_pca10056/boards.o
 .text.nrf_gpio_port_out_set
                0x00000000000011ca       0x14 Output/Debug/Obj/twi_scanner_pca10056/boards.o
 .text.nrf_gpio_port_out_clear
                0x00000000000011de       0x14 Output/Debug/Obj/twi_scanner_pca10056/boards.o
 .text.nrf_gpio_pin_present_check
                0x00000000000011f2       0x50 Output/Debug/Obj/twi_scanner_pca10056/boards.o
 *fill*         0x0000000000001242        0x2 
 .text.bsp_board_led_on
                0x0000000000001244       0x34 Output/Debug/Obj/twi_scanner_pca10056/boards.o
                0x0000000000001244                bsp_board_led_on
 .text.bsp_board_led_off
                0x0000000000001278       0x34 Output/Debug/Obj/twi_scanner_pca10056/boards.o
                0x0000000000001278                bsp_board_led_off
 .text.bsp_board_leds_off
                0x00000000000012ac       0x26 Output/Debug/Obj/twi_scanner_pca10056/boards.o
                0x00000000000012ac                bsp_board_leds_off
 *fill*         0x00000000000012d2        0x2 
 .text.bsp_board_leds_init
                0x00000000000012d4       0x34 Output/Debug/Obj/twi_scanner_pca10056/boards.o
 .text.bsp_board_buttons_init
                0x0000000000001308       0x34 Output/Debug/Obj/twi_scanner_pca10056/boards.o
 .text.bsp_board_init
                0x000000000000133c       0x2a Output/Debug/Obj/twi_scanner_pca10056/boards.o
                0x000000000000133c                bsp_board_init
 *fill*         0x0000000000001366        0x2 
 .text.__NVIC_SystemReset
                0x0000000000001368       0x28 Output/Debug/Obj/twi_scanner_pca10056/system_nrf52840.o
 .text.nrf52_errata_36
                0x0000000000001390       0x64 Output/Debug/Obj/twi_scanner_pca10056/system_nrf52840.o
 .text.nrf52_errata_66
                0x00000000000013f4       0x64 Output/Debug/Obj/twi_scanner_pca10056/system_nrf52840.o
 .text.nrf52_errata_98
                0x0000000000001458       0x64 Output/Debug/Obj/twi_scanner_pca10056/system_nrf52840.o
 .text.nrf52_errata_103
                0x00000000000014bc       0x64 Output/Debug/Obj/twi_scanner_pca10056/system_nrf52840.o
 .text.nrf52_errata_115
                0x0000000000001520       0x64 Output/Debug/Obj/twi_scanner_pca10056/system_nrf52840.o
 .text.nrf52_errata_120
                0x0000000000001584       0x64 Output/Debug/Obj/twi_scanner_pca10056/system_nrf52840.o
 .text.nrf52_errata_136
                0x00000000000015e8       0x64 Output/Debug/Obj/twi_scanner_pca10056/system_nrf52840.o
 .text.nrf52_errata_249
                0x000000000000164c       0x64 Output/Debug/Obj/twi_scanner_pca10056/system_nrf52840.o
 .text.nrf52_handle_approtect
                0x00000000000016b0       0x20 Output/Debug/Obj/twi_scanner_pca10056/system_nrf52840.o
 .text.nvmc_wait
                0x00000000000016d0       0x18 Output/Debug/Obj/twi_scanner_pca10056/system_nrf52840.o
                0x00000000000016d0                nvmc_wait
 .text.nvmc_config
                0x00000000000016e8       0x20 Output/Debug/Obj/twi_scanner_pca10056/system_nrf52840.o
                0x00000000000016e8                nvmc_config
 .text.SystemCoreClockUpdate
                0x0000000000001708       0x14 Output/Debug/Obj/twi_scanner_pca10056/system_nrf52840.o
                0x0000000000001708                SystemCoreClockUpdate
 .text.SystemInit
                0x000000000000171c      0x228 Output/Debug/Obj/twi_scanner_pca10056/system_nrf52840.o
                0x000000000000171c                SystemInit
 .text.abort    0x0000000000001944        0x2 Output/Debug/Obj/twi_scanner_pca10056/thumb_crt0.o
                0x0000000000001944                abort
 *fill*         0x0000000000001946        0x2 
 .text.nrfx_coredep_delay_us
                0x0000000000001948       0x30 Output/Debug/Obj/twi_scanner_pca10056/nrf_drv_twi.o
 .text.nrf_gpio_pin_port_decode
                0x0000000000001978       0x4c Output/Debug/Obj/twi_scanner_pca10056/nrf_drv_twi.o
 .text.nrf_gpio_pin_set
                0x00000000000019c4       0x28 Output/Debug/Obj/twi_scanner_pca10056/nrf_drv_twi.o
 .text.nrf_gpio_pin_clear
                0x00000000000019ec       0x28 Output/Debug/Obj/twi_scanner_pca10056/nrf_drv_twi.o
 .text.nrf_gpio_pin_read
                0x0000000000001a14       0x2a Output/Debug/Obj/twi_scanner_pca10056/nrf_drv_twi.o
 .text.nrf_gpio_port_in_read
                0x0000000000001a3e       0x10 Output/Debug/Obj/twi_scanner_pca10056/nrf_drv_twi.o
 .text.nrf_gpio_port_out_set
                0x0000000000001a4e       0x14 Output/Debug/Obj/twi_scanner_pca10056/nrf_drv_twi.o
 .text.nrf_gpio_port_out_clear
                0x0000000000001a62       0x14 Output/Debug/Obj/twi_scanner_pca10056/nrf_drv_twi.o
 .text.nrf_gpio_pin_present_check
                0x0000000000001a76       0x50 Output/Debug/Obj/twi_scanner_pca10056/nrf_drv_twi.o
 .text.twi_clear_bus
                0x0000000000001ac6       0xde Output/Debug/Obj/twi_scanner_pca10056/nrf_drv_twi.o
 .text.twim_evt_handler
                0x0000000000001ba4       0x6c Output/Debug/Obj/twi_scanner_pca10056/nrf_drv_twi.o
 .text.nrf_drv_twi_init
                0x0000000000001c10       0x68 Output/Debug/Obj/twi_scanner_pca10056/nrf_drv_twi.o
                0x0000000000001c10                nrf_drv_twi_init
 .text.UARTE0_UART0_IRQHandler
                0x0000000000001c78       0x24 Output/Debug/Obj/twi_scanner_pca10056/nrfx_prs.o
                0x0000000000001c78                UARTE0_UART0_IRQHandler
 .text.prs_box_get
                0x0000000000001c9c       0x20 Output/Debug/Obj/twi_scanner_pca10056/nrfx_prs.o
 .text.nrfx_prs_acquire
                0x0000000000001cbc       0x74 Output/Debug/Obj/twi_scanner_pca10056/nrfx_prs.o
                0x0000000000001cbc                nrfx_prs_acquire
 .text.nrfx_prs_release
                0x0000000000001d30       0x3c Output/Debug/Obj/twi_scanner_pca10056/nrfx_prs.o
                0x0000000000001d30                nrfx_prs_release
 .text.__NVIC_EnableIRQ
                0x0000000000001d6c       0x34 Output/Debug/Obj/twi_scanner_pca10056/nrfx_twim.o
 .text.__NVIC_DisableIRQ
                0x0000000000001da0       0x44 Output/Debug/Obj/twi_scanner_pca10056/nrfx_twim.o
 .text.__NVIC_ClearPendingIRQ
                0x0000000000001de4       0x38 Output/Debug/Obj/twi_scanner_pca10056/nrfx_twim.o
 .text.__NVIC_SetPriority
                0x0000000000001e1c       0x50 Output/Debug/Obj/twi_scanner_pca10056/nrfx_twim.o
 .text.nrfx_is_in_ram
                0x0000000000001e6c       0x1c Output/Debug/Obj/twi_scanner_pca10056/nrfx_twim.o
 .text.nrfx_get_irq_number
                0x0000000000001e88       0x10 Output/Debug/Obj/twi_scanner_pca10056/nrfx_twim.o
 .text._NRFX_IRQ_PRIORITY_SET
                0x0000000000001e98       0x40 Output/Debug/Obj/twi_scanner_pca10056/nrfx_twim.o
 .text._NRFX_IRQ_ENABLE
                0x0000000000001ed8       0x1c Output/Debug/Obj/twi_scanner_pca10056/nrfx_twim.o
 .text._NRFX_IRQ_DISABLE
                0x0000000000001ef4       0x1c Output/Debug/Obj/twi_scanner_pca10056/nrfx_twim.o
 .text._NRFX_IRQ_PENDING_CLEAR
                0x0000000000001f10       0x1c Output/Debug/Obj/twi_scanner_pca10056/nrfx_twim.o
 .text.nrf_twim_task_trigger
                0x0000000000001f2c       0x1c Output/Debug/Obj/twi_scanner_pca10056/nrfx_twim.o
 .text.nrf_twim_event_clear
                0x0000000000001f48       0x2a Output/Debug/Obj/twi_scanner_pca10056/nrfx_twim.o
 .text.nrf_twim_event_check
                0x0000000000001f72       0x24 Output/Debug/Obj/twi_scanner_pca10056/nrfx_twim.o
 .text.nrf_twim_shorts_disable
                0x0000000000001f96       0x1e Output/Debug/Obj/twi_scanner_pca10056/nrfx_twim.o
 .text.nrf_twim_int_enable
                0x0000000000001fb4       0x14 Output/Debug/Obj/twi_scanner_pca10056/nrfx_twim.o
 .text.nrf_twim_int_disable
                0x0000000000001fc8       0x14 Output/Debug/Obj/twi_scanner_pca10056/nrfx_twim.o
 .text.nrf_twim_enable
                0x0000000000001fdc       0x12 Output/Debug/Obj/twi_scanner_pca10056/nrfx_twim.o
 .text.nrf_twim_disable
                0x0000000000001fee       0x12 Output/Debug/Obj/twi_scanner_pca10056/nrfx_twim.o
 .text.nrf_twim_pins_set
                0x0000000000002000       0x1e Output/Debug/Obj/twi_scanner_pca10056/nrfx_twim.o
 .text.nrf_twim_frequency_set
                0x000000000000201e       0x14 Output/Debug/Obj/twi_scanner_pca10056/nrfx_twim.o
 .text.nrf_twim_errorsrc_get_and_clear
                0x0000000000002032       0x1c Output/Debug/Obj/twi_scanner_pca10056/nrfx_twim.o
 .text.nrf_twim_address_set
                0x000000000000204e       0x1a Output/Debug/Obj/twi_scanner_pca10056/nrfx_twim.o
 .text.nrf_twim_tx_buffer_set
                0x0000000000002068       0x1e Output/Debug/Obj/twi_scanner_pca10056/nrfx_twim.o
 .text.nrf_twim_rx_buffer_set
                0x0000000000002086       0x1e Output/Debug/Obj/twi_scanner_pca10056/nrfx_twim.o
 .text.nrf_twim_shorts_set
                0x00000000000020a4       0x14 Output/Debug/Obj/twi_scanner_pca10056/nrfx_twim.o
 .text.nrf_twim_txd_amount_get
                0x00000000000020b8       0x10 Output/Debug/Obj/twi_scanner_pca10056/nrfx_twim.o
 .text.nrf_twim_shorts_get
                0x00000000000020c8       0x10 Output/Debug/Obj/twi_scanner_pca10056/nrfx_twim.o
 .text.nrf_twim_rxd_amount_get
                0x00000000000020d8       0x10 Output/Debug/Obj/twi_scanner_pca10056/nrfx_twim.o
 .text.nrf_twim_tx_list_enable
                0x00000000000020e8       0x12 Output/Debug/Obj/twi_scanner_pca10056/nrfx_twim.o
 .text.nrf_twim_tx_list_disable
                0x00000000000020fa       0x12 Output/Debug/Obj/twi_scanner_pca10056/nrfx_twim.o
 .text.nrf_twim_rx_list_enable
                0x000000000000210c       0x12 Output/Debug/Obj/twi_scanner_pca10056/nrfx_twim.o
 .text.nrf_twim_rx_list_disable
                0x000000000000211e       0x12 Output/Debug/Obj/twi_scanner_pca10056/nrfx_twim.o
 .text.nrf_gpio_pin_port_decode
                0x0000000000002130       0x4c Output/Debug/Obj/twi_scanner_pca10056/nrfx_twim.o
 .text.nrf_gpio_cfg
                0x000000000000217c       0x62 Output/Debug/Obj/twi_scanner_pca10056/nrfx_twim.o
 .text.nrf_gpio_cfg_default
                0x00000000000021de       0x22 Output/Debug/Obj/twi_scanner_pca10056/nrfx_twim.o
 .text.nrf_gpio_pin_present_check
                0x0000000000002200       0x50 Output/Debug/Obj/twi_scanner_pca10056/nrfx_twim.o
 .text.twi_process_error
                0x0000000000002250       0x40 Output/Debug/Obj/twi_scanner_pca10056/nrfx_twim.o
 .text.xfer_completeness_check
                0x0000000000002290       0xfc Output/Debug/Obj/twi_scanner_pca10056/nrfx_twim.o
 .text.nrfx_twim_init
                0x000000000000238c      0x148 Output/Debug/Obj/twi_scanner_pca10056/nrfx_twim.o
                0x000000000000238c                nrfx_twim_init
 .text.nrfx_twim_uninit
                0x00000000000024d4       0x9c Output/Debug/Obj/twi_scanner_pca10056/nrfx_twim.o
                0x00000000000024d4                nrfx_twim_uninit
 .text.nrfx_twim_enable
                0x0000000000002570       0x50 Output/Debug/Obj/twi_scanner_pca10056/nrfx_twim.o
                0x0000000000002570                nrfx_twim_enable
 .text.nrfx_twim_disable
                0x00000000000025c0       0x6c Output/Debug/Obj/twi_scanner_pca10056/nrfx_twim.o
                0x00000000000025c0                nrfx_twim_disable
 .text.twim_list_enable_handle
                0x000000000000262c       0x40 Output/Debug/Obj/twi_scanner_pca10056/nrfx_twim.o
 .text.twim_xfer
                0x000000000000266c      0x440 Output/Debug/Obj/twi_scanner_pca10056/nrfx_twim.o
 .text.nrfx_twim_xfer
                0x0000000000002aac       0xb8 Output/Debug/Obj/twi_scanner_pca10056/nrfx_twim.o
                0x0000000000002aac                nrfx_twim_xfer
 .text.nrfx_twim_tx
                0x0000000000002b64       0x50 Output/Debug/Obj/twi_scanner_pca10056/nrfx_twim.o
                0x0000000000002b64                nrfx_twim_tx
 .text.nrfx_twim_rx
                0x0000000000002bb4       0x44 Output/Debug/Obj/twi_scanner_pca10056/nrfx_twim.o
                0x0000000000002bb4                nrfx_twim_rx
 .text.twim_irq_handler
                0x0000000000002bf8      0x2a4 Output/Debug/Obj/twi_scanner_pca10056/nrfx_twim.o
 .text.SPIM0_SPIS0_TWIM0_TWIS0_SPI0_TWI0_IRQHandler
                0x0000000000002e9c       0x18 Output/Debug/Obj/twi_scanner_pca10056/nrfx_twim.o
                0x0000000000002e9c                SPIM0_SPIS0_TWIM0_TWIS0_SPI0_TWI0_IRQHandler
 .text.SPIM1_SPIS1_TWIM1_TWIS1_SPI1_TWI1_IRQHandler
                0x0000000000002eb4       0x14 Output/Debug/Obj/twi_scanner_pca10056/nrfx_twim.o
                0x0000000000002eb4                SPIM1_SPIS1_TWIM1_TWIS1_SPI1_TWI1_IRQHandler
 .text.app_error_save_and_stop
                0x0000000000002ec8       0x98 Output/Debug/Obj/twi_scanner_pca10056/app_error.o
                0x0000000000002ec8                app_error_save_and_stop
 .text.app_error_handler
                0x0000000000002f60       0x1c Output/Debug/Obj/twi_scanner_pca10056/app_error_handler_gcc.o
                0x0000000000002f60                app_error_handler
 .text.app_error_fault_handler
                0x0000000000002f7c      0x104 Output/Debug/Obj/twi_scanner_pca10056/app_error_weak.o
                0x0000000000002f7c                app_error_fault_handler
 .text.app_util_disable_irq
                0x0000000000003080       0x18 Output/Debug/Obj/twi_scanner_pca10056/app_util_platform.o
                0x0000000000003080                app_util_disable_irq
 .text.app_util_enable_irq
                0x0000000000003098       0x20 Output/Debug/Obj/twi_scanner_pca10056/app_util_platform.o
                0x0000000000003098                app_util_enable_irq
 .text.app_util_critical_region_enter
                0x00000000000030b8       0x28 Output/Debug/Obj/twi_scanner_pca10056/app_util_platform.o
                0x00000000000030b8                app_util_critical_region_enter
 .text.app_util_critical_region_exit
                0x00000000000030e0       0x2c Output/Debug/Obj/twi_scanner_pca10056/app_util_platform.o
                0x00000000000030e0                app_util_critical_region_exit
 .text.privilege_level_get
                0x000000000000310c       0x3a Output/Debug/Obj/twi_scanner_pca10056/app_util_platform.o
                0x000000000000310c                privilege_level_get
 .text.assert_nrf_callback
                0x0000000000003146       0x2c Output/Debug/Obj/twi_scanner_pca10056/nrf_assert.o
                0x0000000000003146                assert_nrf_callback
 .text.nrf_atomic_u32_fetch_store
                0x0000000000003172       0x2e Output/Debug/Obj/twi_scanner_pca10056/nrf_atomic.o
                0x0000000000003172                nrf_atomic_u32_fetch_store
 .text.nrf_atomic_u32_or
                0x00000000000031a0       0x30 Output/Debug/Obj/twi_scanner_pca10056/nrf_atomic.o
                0x00000000000031a0                nrf_atomic_u32_or
 .text.nrf_atomic_u32_fetch_and
                0x00000000000031d0       0x30 Output/Debug/Obj/twi_scanner_pca10056/nrf_atomic.o
                0x00000000000031d0                nrf_atomic_u32_fetch_and
 .text.nrf_atomic_u32_add
                0x0000000000003200       0x30 Output/Debug/Obj/twi_scanner_pca10056/nrf_atomic.o
                0x0000000000003200                nrf_atomic_u32_add
 .text.nrf_atomic_u32_sub
                0x0000000000003230       0x30 Output/Debug/Obj/twi_scanner_pca10056/nrf_atomic.o
                0x0000000000003230                nrf_atomic_u32_sub
 .text.nrf_atomic_flag_set
                0x0000000000003260       0x18 Output/Debug/Obj/twi_scanner_pca10056/nrf_atomic.o
                0x0000000000003260                nrf_atomic_flag_set
 .text.nrf_atomic_flag_clear_fetch
                0x0000000000003278       0x18 Output/Debug/Obj/twi_scanner_pca10056/nrf_atomic.o
                0x0000000000003278                nrf_atomic_flag_clear_fetch
 .text.nrf_balloc_idx2block
                0x0000000000003290       0x38 Output/Debug/Obj/twi_scanner_pca10056/nrf_balloc.o
 .text.nrf_balloc_block2idx
                0x00000000000032c8       0x34 Output/Debug/Obj/twi_scanner_pca10056/nrf_balloc.o
 .text.nrf_balloc_init
                0x00000000000032fc       0xb8 Output/Debug/Obj/twi_scanner_pca10056/nrf_balloc.o
                0x00000000000032fc                nrf_balloc_init
 .text.nrf_balloc_alloc
                0x00000000000033b4       0x84 Output/Debug/Obj/twi_scanner_pca10056/nrf_balloc.o
                0x00000000000033b4                nrf_balloc_alloc
 .text.nrf_balloc_free
                0x0000000000003438       0x58 Output/Debug/Obj/twi_scanner_pca10056/nrf_balloc.o
                0x0000000000003438                nrf_balloc_free
 .text.nrf_fprintf_buffer_flush
                0x0000000000003490       0x44 Output/Debug/Obj/twi_scanner_pca10056/nrf_fprintf.o
                0x0000000000003490                nrf_fprintf_buffer_flush
 .text.nrf_fprintf
                0x00000000000034d4       0x74 Output/Debug/Obj/twi_scanner_pca10056/nrf_fprintf.o
                0x00000000000034d4                nrf_fprintf
 .text.buffer_add
                0x0000000000003548       0x3c Output/Debug/Obj/twi_scanner_pca10056/nrf_fprintf_format.o
 .text.string_print
                0x0000000000003584       0xc2 Output/Debug/Obj/twi_scanner_pca10056/nrf_fprintf_format.o
 *fill*         0x0000000000003646        0x2 
 .text.unsigned_print
                0x0000000000003648      0x130 Output/Debug/Obj/twi_scanner_pca10056/nrf_fprintf_format.o
 .text.int_print
                0x0000000000003778      0x11c Output/Debug/Obj/twi_scanner_pca10056/nrf_fprintf_format.o
 .text.nrf_fprintf_fmt
                0x0000000000003894      0x388 Output/Debug/Obj/twi_scanner_pca10056/nrf_fprintf_format.o
                0x0000000000003894                nrf_fprintf_fmt
 .text.nrf_memobj_pool_init
                0x0000000000003c1c       0x16 Output/Debug/Obj/twi_scanner_pca10056/nrf_memobj.o
                0x0000000000003c1c                nrf_memobj_pool_init
 .text.nrf_memobj_alloc
                0x0000000000003c32       0xae Output/Debug/Obj/twi_scanner_pca10056/nrf_memobj.o
                0x0000000000003c32                nrf_memobj_alloc
 .text.nrf_memobj_free
                0x0000000000003ce0       0x74 Output/Debug/Obj/twi_scanner_pca10056/nrf_memobj.o
                0x0000000000003ce0                nrf_memobj_free
 .text.nrf_memobj_get
                0x0000000000003d54       0x1e Output/Debug/Obj/twi_scanner_pca10056/nrf_memobj.o
                0x0000000000003d54                nrf_memobj_get
 .text.nrf_memobj_put
                0x0000000000003d72       0x34 Output/Debug/Obj/twi_scanner_pca10056/nrf_memobj.o
                0x0000000000003d72                nrf_memobj_put
 *fill*         0x0000000000003da6        0x2 
 .text.memobj_op
                0x0000000000003da8      0x124 Output/Debug/Obj/twi_scanner_pca10056/nrf_memobj.o
 .text.nrf_memobj_write
                0x0000000000003ecc       0x3c Output/Debug/Obj/twi_scanner_pca10056/nrf_memobj.o
                0x0000000000003ecc                nrf_memobj_write
 .text.nrf_memobj_read
                0x0000000000003f08       0x40 Output/Debug/Obj/twi_scanner_pca10056/nrf_memobj.o
                0x0000000000003f08                nrf_memobj_read
 .text.circullar_buffer_size_get
                0x0000000000003f48       0x18 Output/Debug/Obj/twi_scanner_pca10056/nrf_queue.o
 .text.nrf_queue_next_idx
                0x0000000000003f60       0x34 Output/Debug/Obj/twi_scanner_pca10056/nrf_queue.o
 .text.queue_utilization_get
                0x0000000000003f94       0x3e Output/Debug/Obj/twi_scanner_pca10056/nrf_queue.o
 *fill*         0x0000000000003fd2        0x2 
 .text.nrf_queue_is_full
                0x0000000000003fd4       0x48 Output/Debug/Obj/twi_scanner_pca10056/nrf_queue.o
                0x0000000000003fd4                nrf_queue_is_full
 .text.nrf_queue_push
                0x000000000000401c      0x160 Output/Debug/Obj/twi_scanner_pca10056/nrf_queue.o
                0x000000000000401c                nrf_queue_push
 .text.nrf_queue_generic_pop
                0x000000000000417c      0x128 Output/Debug/Obj/twi_scanner_pca10056/nrf_queue.o
                0x000000000000417c                nrf_queue_generic_pop
 .text.nrf_queue_is_empty
                0x00000000000042a4       0x40 Output/Debug/Obj/twi_scanner_pca10056/nrf_queue.o
                0x00000000000042a4                nrf_queue_is_empty
 .text.nrf_ringbuf_init
                0x00000000000042e4       0x3a Output/Debug/Obj/twi_scanner_pca10056/nrf_ringbuf.o
                0x00000000000042e4                nrf_ringbuf_init
 *fill*         0x000000000000431e        0x2 
 .text.nrf_strerror_get
                0x0000000000004320       0x28 Output/Debug/Obj/twi_scanner_pca10056/nrf_strerror.o
                0x0000000000004320                nrf_strerror_get
 .text.nrf_strerror_find
                0x0000000000004348       0x68 Output/Debug/Obj/twi_scanner_pca10056/nrf_strerror.o
                0x0000000000004348                nrf_strerror_find
 .text.nrf_drv_twi_uninit
                0x00000000000043b0       0x18 Output/Debug/Obj/twi_scanner_pca10056/nrf_twi_mngr.o
 .text.nrf_drv_twi_enable
                0x00000000000043c8       0x18 Output/Debug/Obj/twi_scanner_pca10056/nrf_twi_mngr.o
 .text.nrf_drv_twi_xfer
                0x00000000000043e0       0x50 Output/Debug/Obj/twi_scanner_pca10056/nrf_twi_mngr.o
 .text.nrf_twi_mngr_is_idle
                0x0000000000004430       0x1a Output/Debug/Obj/twi_scanner_pca10056/nrf_twi_mngr.o
 *fill*         0x000000000000444a        0x2 
 .text.start_transfer
                0x000000000000444c      0x130 Output/Debug/Obj/twi_scanner_pca10056/nrf_twi_mngr.o
 .text.transaction_end_signal
                0x000000000000457c       0x48 Output/Debug/Obj/twi_scanner_pca10056/nrf_twi_mngr.o
 .text.start_pending_transaction
                0x00000000000045c4      0x114 Output/Debug/Obj/twi_scanner_pca10056/nrf_twi_mngr.o
 .text.twi_event_handler
                0x00000000000046d8       0x94 Output/Debug/Obj/twi_scanner_pca10056/nrf_twi_mngr.o
 .text.nrf_twi_mngr_init
                0x000000000000476c       0xac Output/Debug/Obj/twi_scanner_pca10056/nrf_twi_mngr.o
                0x000000000000476c                nrf_twi_mngr_init
 .text.nrf_twi_mngr_schedule
                0x0000000000004818       0x7c Output/Debug/Obj/twi_scanner_pca10056/nrf_twi_mngr.o
                0x0000000000004818                nrf_twi_mngr_schedule
 .text.nrf_twi_sensor_init
                0x0000000000004894       0x1a Output/Debug/Obj/twi_scanner_pca10056/nrf_twi_sensor.o
                0x0000000000004894                nrf_twi_sensor_init
 .text.sensor_write_reg_cb
                0x00000000000048ae       0x24 Output/Debug/Obj/twi_scanner_pca10056/nrf_twi_sensor.o
 *fill*         0x00000000000048d2        0x2 
 .text.nrf_twi_sensor_write
                0x00000000000048d4      0x11c Output/Debug/Obj/twi_scanner_pca10056/nrf_twi_sensor.o
                0x00000000000048d4                nrf_twi_sensor_write
 .text.nrf_twi_sensor_reg_write
                0x00000000000049f0       0x7c Output/Debug/Obj/twi_scanner_pca10056/nrf_twi_sensor.o
                0x00000000000049f0                nrf_twi_sensor_reg_write
 .text.nrfx_coredep_delay_us
                0x0000000000004a6c       0x30 Output/Debug/Obj/twi_scanner_pca10056/oled_display.o
 .text.nrf_delay_ms
                0x0000000000004a9c       0x2a Output/Debug/Obj/twi_scanner_pca10056/oled_display.o
 *fill*         0x0000000000004ac6        0x2 
 .text.oled_command
                0x0000000000004ac8       0x54 Output/Debug/Obj/twi_scanner_pca10056/oled_display.o
                0x0000000000004ac8                oled_command
 .text.OLED_INIT
                0x0000000000004b1c       0xbc Output/Debug/Obj/twi_scanner_pca10056/oled_display.o
                0x0000000000004b1c                OLED_INIT
 .text.OLED_BLANK
                0x0000000000004bd8       0x74 Output/Debug/Obj/twi_scanner_pca10056/oled_display.o
                0x0000000000004bd8                OLED_BLANK
 .text.OLED_LOGO
                0x0000000000004c4c       0xa0 Output/Debug/Obj/twi_scanner_pca10056/oled_display.o
                0x0000000000004c4c                OLED_LOGO
 .text.OLED_CLOCK
                0x0000000000004cec       0xd0 Output/Debug/Obj/twi_scanner_pca10056/oled_display.o
                0x0000000000004cec                OLED_CLOCK
 .text.OLED_INVERT
                0x0000000000004dbc       0x18 Output/Debug/Obj/twi_scanner_pca10056/oled_display.o
                0x0000000000004dbc                OLED_INVERT
 .text.OLED_NORMAL
                0x0000000000004dd4       0x18 Output/Debug/Obj/twi_scanner_pca10056/oled_display.o
                0x0000000000004dd4                OLED_NORMAL
 .text.nrfx_coredep_delay_us
                0x0000000000004dec       0x30 Output/Debug/Obj/twi_scanner_pca10056/nrf_log_backend_rtt.o
 .text.nrf_delay_ms
                0x0000000000004e1c       0x2a Output/Debug/Obj/twi_scanner_pca10056/nrf_log_backend_rtt.o
 .text.nrf_log_backend_rtt_init
                0x0000000000004e46        0xa Output/Debug/Obj/twi_scanner_pca10056/nrf_log_backend_rtt.o
                0x0000000000004e46                nrf_log_backend_rtt_init
 .text.serial_tx
                0x0000000000004e50       0x84 Output/Debug/Obj/twi_scanner_pca10056/nrf_log_backend_rtt.o
 .text.nrf_log_backend_rtt_put
                0x0000000000004ed4       0x28 Output/Debug/Obj/twi_scanner_pca10056/nrf_log_backend_rtt.o
 .text.nrf_log_backend_rtt_flush
                0x0000000000004efc        0xa Output/Debug/Obj/twi_scanner_pca10056/nrf_log_backend_rtt.o
 .text.nrf_log_backend_rtt_panic_set
                0x0000000000004f06        0xa Output/Debug/Obj/twi_scanner_pca10056/nrf_log_backend_rtt.o
 .text.nrf_log_backend_serial_put
                0x0000000000004f10      0x124 Output/Debug/Obj/twi_scanner_pca10056/nrf_log_backend_serial.o
                0x0000000000004f10                nrf_log_backend_serial_put
 .text.nrf_log_backend_enable
                0x0000000000005034       0x12 Output/Debug/Obj/twi_scanner_pca10056/nrf_log_default_backends.o
 *fill*         0x0000000000005046        0x2 
 .text.nrf_log_default_backends_init
                0x0000000000005048       0x3c Output/Debug/Obj/twi_scanner_pca10056/nrf_log_default_backends.o
                0x0000000000005048                nrf_log_default_backends_init
 .text.nrf_log_backend_put
                0x0000000000005084       0x1c Output/Debug/Obj/twi_scanner_pca10056/nrf_log_frontend.o
 .text.nrf_log_backend_panic_set
                0x00000000000050a0       0x18 Output/Debug/Obj/twi_scanner_pca10056/nrf_log_frontend.o
 .text.nrf_log_backend_flush
                0x00000000000050b8       0x18 Output/Debug/Obj/twi_scanner_pca10056/nrf_log_frontend.o
 .text.nrf_log_backend_id_set
                0x00000000000050d0       0x1a Output/Debug/Obj/twi_scanner_pca10056/nrf_log_frontend.o
 .text.nrf_log_backend_id_get
                0x00000000000050ea       0x10 Output/Debug/Obj/twi_scanner_pca10056/nrf_log_frontend.o
 .text.nrf_log_backend_enable
                0x00000000000050fa       0x12 Output/Debug/Obj/twi_scanner_pca10056/nrf_log_frontend.o
 .text.nrf_log_backend_is_enabled
                0x000000000000510c       0x10 Output/Debug/Obj/twi_scanner_pca10056/nrf_log_frontend.o
 .text.nrf_log_init
                0x000000000000511c       0x50 Output/Debug/Obj/twi_scanner_pca10056/nrf_log_frontend.o
                0x000000000000511c                nrf_log_init
 .text.nrf_log_module_cnt_get
                0x000000000000516c       0x14 Output/Debug/Obj/twi_scanner_pca10056/nrf_log_frontend.o
                0x000000000000516c                nrf_log_module_cnt_get
 .text.module_idx_get
                0x0000000000005180       0x64 Output/Debug/Obj/twi_scanner_pca10056/nrf_log_frontend.o
 .text.nrf_log_module_name_get
                0x00000000000051e4       0x40 Output/Debug/Obj/twi_scanner_pca10056/nrf_log_frontend.o
                0x00000000000051e4                nrf_log_module_name_get
 .text.nrf_log_color_id_get
                0x0000000000005224       0x70 Output/Debug/Obj/twi_scanner_pca10056/nrf_log_frontend.o
                0x0000000000005224                nrf_log_color_id_get
 .text.invalid_packets_omit
                0x0000000000005294       0x6e Output/Debug/Obj/twi_scanner_pca10056/nrf_log_frontend.o
 *fill*         0x0000000000005302        0x2 
 .text.log_skip
                0x0000000000005304      0x118 Output/Debug/Obj/twi_scanner_pca10056/nrf_log_frontend.o
 .text.dropped_sat16_get
                0x000000000000541c       0x28 Output/Debug/Obj/twi_scanner_pca10056/nrf_log_frontend.o
 .text.std_header_set
                0x0000000000005444       0xb4 Output/Debug/Obj/twi_scanner_pca10056/nrf_log_frontend.o
 .text.buf_prealloc
                0x00000000000054f8      0x128 Output/Debug/Obj/twi_scanner_pca10056/nrf_log_frontend.o
 .text.std_n    0x0000000000005620       0x90 Output/Debug/Obj/twi_scanner_pca10056/nrf_log_frontend.o
 .text.nrf_log_frontend_std_0
                0x00000000000056b0       0x1c Output/Debug/Obj/twi_scanner_pca10056/nrf_log_frontend.o
                0x00000000000056b0                nrf_log_frontend_std_0
 .text.nrf_log_frontend_std_1
                0x00000000000056cc       0x22 Output/Debug/Obj/twi_scanner_pca10056/nrf_log_frontend.o
                0x00000000000056cc                nrf_log_frontend_std_1
 .text.nrf_log_frontend_std_2
                0x00000000000056ee       0x28 Output/Debug/Obj/twi_scanner_pca10056/nrf_log_frontend.o
                0x00000000000056ee                nrf_log_frontend_std_2
 .text.nrf_log_frontend_std_4
                0x0000000000005716       0x30 Output/Debug/Obj/twi_scanner_pca10056/nrf_log_frontend.o
                0x0000000000005716                nrf_log_frontend_std_4
 .text.nrf_log_frontend_std_5
                0x0000000000005746       0x34 Output/Debug/Obj/twi_scanner_pca10056/nrf_log_frontend.o
                0x0000000000005746                nrf_log_frontend_std_5
 *fill*         0x000000000000577a        0x2 
 .text.buffer_is_empty
                0x000000000000577c       0x1c Output/Debug/Obj/twi_scanner_pca10056/nrf_log_frontend.o
                0x000000000000577c                buffer_is_empty
 .text.nrf_log_frontend_dequeue
                0x0000000000005798      0x3a0 Output/Debug/Obj/twi_scanner_pca10056/nrf_log_frontend.o
                0x0000000000005798                nrf_log_frontend_dequeue
 .text.backend_id_assign
                0x0000000000005b38       0x68 Output/Debug/Obj/twi_scanner_pca10056/nrf_log_frontend.o
 .text.nrf_log_backend_add
                0x0000000000005ba0       0x70 Output/Debug/Obj/twi_scanner_pca10056/nrf_log_frontend.o
                0x0000000000005ba0                nrf_log_backend_add
 .text.nrf_log_panic
                0x0000000000005c10       0x3c Output/Debug/Obj/twi_scanner_pca10056/nrf_log_frontend.o
                0x0000000000005c10                nrf_log_panic
 .text.timestamp_print
                0x0000000000005c4c        0xc Output/Debug/Obj/twi_scanner_pca10056/nrf_log_str_formatter.o
 .text.prefix_process
                0x0000000000005c58       0xb0 Output/Debug/Obj/twi_scanner_pca10056/nrf_log_str_formatter.o
 .text.postfix_process
                0x0000000000005d08       0x60 Output/Debug/Obj/twi_scanner_pca10056/nrf_log_str_formatter.o
 .text.nrf_log_std_entry_process
                0x0000000000005d68      0x144 Output/Debug/Obj/twi_scanner_pca10056/nrf_log_str_formatter.o
                0x0000000000005d68                nrf_log_std_entry_process
 .text.nrf_log_hexdump_entry_process
                0x0000000000005eac       0xf0 Output/Debug/Obj/twi_scanner_pca10056/nrf_log_str_formatter.o
                0x0000000000005eac                nrf_log_hexdump_entry_process
 .text._DoInit  0x0000000000005f9c       0x9c Output/Debug/Obj/twi_scanner_pca10056/SEGGER_RTT.o
 .text._WriteBlocking
                0x0000000000006038       0xb2 Output/Debug/Obj/twi_scanner_pca10056/SEGGER_RTT.o
 .text._WriteNoCheck
                0x00000000000060ea       0x7e Output/Debug/Obj/twi_scanner_pca10056/SEGGER_RTT.o
 .text._GetAvailWriteSpace
                0x0000000000006168       0x3c Output/Debug/Obj/twi_scanner_pca10056/SEGGER_RTT.o
 .text.SEGGER_RTT_WriteNoLock
                0x00000000000061a4       0xa0 Output/Debug/Obj/twi_scanner_pca10056/SEGGER_RTT.o
                0x00000000000061a4                SEGGER_RTT_WriteNoLock
 .text.SEGGER_RTT_Init
                0x0000000000006244        0xa Output/Debug/Obj/twi_scanner_pca10056/SEGGER_RTT.o
                0x0000000000006244                SEGGER_RTT_Init
 .text.libc.__SEGGER_RTL_ascii_mbtowc
                0x000000000000624e       0x30 C:/Program Files/SEGGER/SEGGER Embedded Studio for ARM 7.10a/lib/libc_v7em_fpv4_sp_d16_hard_t_le_eabi_balanced.a(mbops.o)
                0x000000000000624e                __SEGGER_RTL_ascii_mbtowc
 .text.libc.__SEGGER_RTL_ascii_wctomb
                0x000000000000627e        0xe C:/Program Files/SEGGER/SEGGER Embedded Studio for ARM 7.10a/lib/libc_v7em_fpv4_sp_d16_hard_t_le_eabi_balanced.a(mbops.o)
                0x000000000000627e                __SEGGER_RTL_ascii_wctomb
 .text.libc.__SEGGER_RTL_isctype
                0x000000000000628c       0x20 C:/Program Files/SEGGER/SEGGER Embedded Studio for ARM 7.10a/lib/libc_v7em_fpv4_sp_d16_hard_t_le_eabi_balanced.a(mbops.o)
 .text.libc.isprint
                0x00000000000062ac        0x6 C:/Program Files/SEGGER/SEGGER Embedded Studio for ARM 7.10a/lib/libc_v7em_fpv4_sp_d16_hard_t_le_eabi_balanced.a(mbops.o)
                0x00000000000062ac                isprint
 .text.libc.__SEGGER_RTL_ascii_isctype
                0x00000000000062b2       0x20 C:/Program Files/SEGGER/SEGGER Embedded Studio for ARM 7.10a/lib/libc_v7em_fpv4_sp_d16_hard_t_le_eabi_balanced.a(mbops.o)
 .text.libc.__SEGGER_RTL_ascii_toupper
                0x00000000000062d2        0xc C:/Program Files/SEGGER/SEGGER Embedded Studio for ARM 7.10a/lib/libc_v7em_fpv4_sp_d16_hard_t_le_eabi_balanced.a(mbops.o)
 .text.libc.__SEGGER_RTL_ascii_tolower
                0x00000000000062de        0xc C:/Program Files/SEGGER/SEGGER Embedded Studio for ARM 7.10a/lib/libc_v7em_fpv4_sp_d16_hard_t_le_eabi_balanced.a(mbops.o)
 .text.libc.__SEGGER_RTL_ascii_iswctype
                0x00000000000062ea       0x20 C:/Program Files/SEGGER/SEGGER Embedded Studio for ARM 7.10a/lib/libc_v7em_fpv4_sp_d16_hard_t_le_eabi_balanced.a(mbops.o)
 .text.libc.__SEGGER_RTL_ascii_towupper
                0x000000000000630a        0xc C:/Program Files/SEGGER/SEGGER Embedded Studio for ARM 7.10a/lib/libc_v7em_fpv4_sp_d16_hard_t_le_eabi_balanced.a(mbops.o)
 .text.libc.__SEGGER_RTL_ascii_towlower
                0x0000000000006316        0xc C:/Program Files/SEGGER/SEGGER Embedded Studio for ARM 7.10a/lib/libc_v7em_fpv4_sp_d16_hard_t_le_eabi_balanced.a(mbops.o)
 *fill*         0x0000000000006322        0x2 
 .text.libc.strlen
                0x0000000000006324       0x60 C:/Program Files/SEGGER/SEGGER Embedded Studio for ARM 7.10a/lib/libc_v7em_fpv4_sp_d16_hard_t_le_eabi_balanced.a(strasmops_arm.o)
                0x0000000000006324                strlen
 .text.libc.memcpy
                0x0000000000006384       0x64 C:/Program Files/SEGGER/SEGGER Embedded Studio for ARM 7.10a/lib/libc_v7em_fpv4_sp_d16_hard_t_le_eabi_balanced.a(strasmops_arm.o)
                0x0000000000006384                __aeabi_memcpy
                0x0000000000006384                memcpy
                0x00000000000063a6                __aeabi_memcpy8
                0x00000000000063a6                __aeabi_memcpy4
 .text.libc.__aeabi_memclr
                0x00000000000063e8       0x68 C:/Program Files/SEGGER/SEGGER Embedded Studio for ARM 7.10a/lib/libc_v7em_fpv4_sp_d16_hard_t_le_eabi_balanced.a(strasmops_arm.o)
                0x00000000000063e8                __aeabi_memclr8
                0x00000000000063e8                __aeabi_memclr
                0x00000000000063e8                __aeabi_memclr4
                0x00000000000063ea                __aeabi_memset4
                0x00000000000063ea                __aeabi_memset8
                0x00000000000063ea                __aeabi_memset
                0x00000000000063f0                memset
 .text.libc.memcmp
                0x0000000000006450       0x46 C:/Program Files/SEGGER/SEGGER Embedded Studio for ARM 7.10a/lib/libc_v7em_fpv4_sp_d16_hard_t_le_eabi_balanced.a(strops.o)
                0x0000000000006450                memcmp
 *fill*         0x0000000000006496        0x2 
 .text.libc.__SEGGER_RTL_init_heap
                0x0000000000006498       0x14 C:/Program Files/SEGGER/SEGGER Embedded Studio for ARM 7.10a/lib/heapops_basic_v7em_fpv4_sp_d16_hard_t_le_eabi_balanced.a(heapops_basic.o)
                0x0000000000006498                __SEGGER_RTL_init_heap
                0x00000000000064ac                __text_end__ = (__text_start__ + SIZEOF (.text))
                0x00000000000060e0                __text_size__ = SIZEOF (.text)
                0x00000000000064ac                __text_load_end__ = __text_end__

.vfp11_veneer   0x0000000100000000        0x0
 .vfp11_veneer  0x0000000100000000        0x0 linker stubs

.v4_bx          0x0000000100000000        0x0
 .v4_bx         0x0000000100000000        0x0 linker stubs

.iplt           0x0000000100000000        0x0
 .iplt          0x0000000100000000        0x0 Output/Debug/Obj/twi_scanner_pca10056/main.o
                0x0000000000000001                . = ASSERT (((__text_start__ == __text_end__) || ((__text_end__ - __FLASH1_segment_start__) <= __FLASH1_segment_size__)), error: .text is too large to fit in FLASH1 memory segment)
                0x00000000000064ac                __log_const_data_load_start__ = ALIGN (__text_end__, 0x4)

.log_const_data
                0x00000000000064ac       0x30
                0x00000000000064ac                __log_const_data_start__ = .
                0x00000000000064ac                __start_log_const_data = __log_const_data_start__
 *(SORT_BY_NAME(.log_const_data*))
 .log_const_data_PRS
                0x00000000000064ac        0x8 Output/Debug/Obj/twi_scanner_pca10056/nrfx_prs.o
                0x00000000000064ac                m_nrf_log_PRS_logs_data_const
 .log_const_data_TWIM
                0x00000000000064b4        0x8 Output/Debug/Obj/twi_scanner_pca10056/nrfx_twim.o
                0x00000000000064b4                m_nrf_log_TWIM_logs_data_const
 .log_const_data_UART
                0x00000000000064bc        0x8 Output/Debug/Obj/twi_scanner_pca10056/nrfx_uart.o
                0x00000000000064bc                m_nrf_log_UART_logs_data_const
 .log_const_data_UARTE
                0x00000000000064c4        0x8 Output/Debug/Obj/twi_scanner_pca10056/nrfx_uarte.o
                0x00000000000064c4                m_nrf_log_UARTE_logs_data_const
 .log_const_data_app
                0x00000000000064cc        0x8 Output/Debug/Obj/twi_scanner_pca10056/nrf_log_frontend.o
                0x00000000000064cc                m_nrf_log_app_logs_data_const
 .log_const_data_twi_sensor
                0x00000000000064d4        0x8 Output/Debug/Obj/twi_scanner_pca10056/nrf_twi_sensor.o
                0x00000000000064d4                m_nrf_log_twi_sensor_logs_data_const
                0x00000000000064dc                __log_const_data_end__ = (__log_const_data_start__ + SIZEOF (.log_const_data))
                0x0000000000000030                __log_const_data_size__ = SIZEOF (.log_const_data)
                0x00000000000064dc                __stop_log_const_data = __log_const_data_end__
                0x00000000000064dc                __log_const_data_load_end__ = __log_const_data_end__
                0x0000000000000001                . = ASSERT (((__log_const_data_start__ == __log_const_data_end__) || ((__log_const_data_end__ - __FLASH1_segment_start__) <= __FLASH1_segment_size__)), error: .log_const_data is too large to fit in FLASH1 memory segment)
                0x00000000000064dc                __log_backends_load_start__ = ALIGN (__log_const_data_end__, 0x4)

.log_backends   0x00000000000064dc       0x10
                0x00000000000064dc                __log_backends_start__ = .
                0x00000000000064dc                __start_log_backends = __log_backends_start__
 *(SORT_BY_NAME(.log_backends*))
 .log_backends  0x00000000000064dc       0x10 Output/Debug/Obj/twi_scanner_pca10056/nrf_log_default_backends.o
                0x00000000000064ec                __log_backends_end__ = (__log_backends_start__ + SIZEOF (.log_backends))
                0x0000000000000010                __log_backends_size__ = SIZEOF (.log_backends)
                0x00000000000064ec                __stop_log_backends = __log_backends_end__
                0x00000000000064ec                __log_backends_load_end__ = __log_backends_end__
                0x0000000000000001                . = ASSERT (((__log_backends_start__ == __log_backends_end__) || ((__log_backends_end__ - __FLASH1_segment_start__) <= __FLASH1_segment_size__)), error: .log_backends is too large to fit in FLASH1 memory segment)
                0x00000000000064ec                __nrf_balloc_load_start__ = ALIGN (__log_backends_end__, 0x4)

.nrf_balloc     0x00000000000064ec       0x28
                0x00000000000064ec                __nrf_balloc_start__ = .
                0x00000000000064ec                __start_nrf_balloc = __nrf_balloc_start__
 *(.nrf_balloc*)
 .nrf_balloc    0x00000000000064ec       0x14 Output/Debug/Obj/twi_scanner_pca10056/main.o
                0x00000000000064ec                m_twi_oled_pool
 .nrf_balloc    0x0000000000006500       0x14 Output/Debug/Obj/twi_scanner_pca10056/nrf_log_frontend.o
                0x0000000000006500                log_mempool
                0x0000000000006514                __nrf_balloc_end__ = (__nrf_balloc_start__ + SIZEOF (.nrf_balloc))
                0x0000000000000028                __nrf_balloc_size__ = SIZEOF (.nrf_balloc)
                0x0000000000006514                __stop_nrf_balloc = __nrf_balloc_end__
                0x0000000000006514                __nrf_balloc_load_end__ = __nrf_balloc_end__
                0x0000000000000001                . = ASSERT (((__nrf_balloc_start__ == __nrf_balloc_end__) || ((__nrf_balloc_end__ - __FLASH1_segment_start__) <= __FLASH1_segment_size__)), error: .nrf_balloc is too large to fit in FLASH1 memory segment)
                0x0000000000006514                __nrf_sections_load_start__ = ALIGN (__nrf_balloc_end__, 0x4)

.nrf_sections   0x0000000000006514        0x0
                0x0000000000006514                __nrf_sections_start__ = .
                0x0000000000006514                __start_nrf_sections = __nrf_sections_start__
 *(.nrf_sections .nrf_sections.*)
                0x0000000000006514                __nrf_sections_end__ = (__nrf_sections_start__ + SIZEOF (.nrf_sections))
                0x0000000000000000                __nrf_sections_size__ = SIZEOF (.nrf_sections)
                0x0000000000006514                __nrf_sections_load_end__ = __nrf_sections_end__
                0x0000000000000001                . = ASSERT (((__nrf_sections_start__ == __nrf_sections_end__) || ((__nrf_sections_end__ - __FLASH1_segment_start__) <= __FLASH1_segment_size__)), error: .nrf_sections is too large to fit in FLASH1 memory segment)
                0x0000000000006514                __nrf_queue_load_start__ = ALIGN (__nrf_sections_end__, 0x4)

.nrf_queue      0x0000000000006514       0x14
                0x0000000000006514                __nrf_queue_start__ = .
                0x0000000000006514                __start_nrf_queue = __nrf_queue_start__
 *(.nrf_queue*)
 .nrf_queue     0x0000000000006514       0x14 Output/Debug/Obj/twi_scanner_pca10056/main.o
                0x0000000000006514                m_twi_oled_mngr_queue
                0x0000000000006528                __nrf_queue_end__ = (__nrf_queue_start__ + SIZEOF (.nrf_queue))
                0x0000000000000014                __nrf_queue_size__ = SIZEOF (.nrf_queue)
                0x0000000000006528                __stop_nrf_queue = __nrf_queue_end__
                0x0000000000006528                __nrf_queue_load_end__ = __nrf_queue_end__
                0x0000000000000001                . = ASSERT (((__nrf_queue_start__ == __nrf_queue_end__) || ((__nrf_queue_end__ - __FLASH1_segment_start__) <= __FLASH1_segment_size__)), error: .nrf_queue is too large to fit in FLASH1 memory segment)
                0x0000000000006528                __log_dynamic_data_load_start__ = ALIGN (__nrf_queue_end__, 0x4)

.log_dynamic_data
                0x0000000020000000        0x0 load address 0x0000000000006528
                0x0000000020000000                __log_dynamic_data_start__ = .
 *(SORT_BY_NAME(.log_dynamic_data*))
                0x0000000020000000                __log_dynamic_data_end__ = (__log_dynamic_data_start__ + SIZEOF (.log_dynamic_data))
                0x0000000000000000                __log_dynamic_data_size__ = SIZEOF (.log_dynamic_data)
                0x0000000000006528                __log_dynamic_data_load_end__ = (__log_dynamic_data_load_start__ + SIZEOF (.log_dynamic_data))
                0x0000000000000001                . = ASSERT (((__log_dynamic_data_load_start__ == __log_dynamic_data_load_end__) || ((__log_dynamic_data_load_end__ - __FLASH1_segment_start__) <= __FLASH1_segment_size__)), error: .log_dynamic_data is too large to fit in FLASH1 memory segment)

.log_dynamic_data_run
                0x0000000020000000        0x0
                0x0000000020000000                __log_dynamic_data_run_start__ = .
                0x0000000020000000                __start_log_dynamic_data = __log_dynamic_data_run_start__
                0x0000000020000000                __log_dynamic_data_run_end__ = (__log_dynamic_data_run_start__ + SIZEOF (.log_dynamic_data))
                0x0000000000000000                __log_dynamic_data_run_size__ = (__log_dynamic_data_run_end__ - __log_dynamic_data_run_start__)
                0x0000000020000000                __stop_log_dynamic_data = __log_dynamic_data_run_end__
                0x0000000020000000                __log_dynamic_data_run_load_end__ = __log_dynamic_data_run_end__
                0x0000000000000001                . = ASSERT (((__log_dynamic_data_run_start__ == __log_dynamic_data_run_end__) || ((__log_dynamic_data_run_end__ - __RAM1_segment_start__) <= __RAM1_segment_size__)), error: .log_dynamic_data_run is too large to fit in RAM1 memory segment)
                0x0000000000006528                __log_filter_data_load_start__ = ALIGN ((__log_dynamic_data_load_start__ + SIZEOF (.log_dynamic_data)), 0x4)

.log_filter_data
                0x0000000020000000        0x0 load address 0x0000000000006528
                0x0000000020000000                __log_filter_data_start__ = .
 *(SORT_BY_NAME(.log_filter_data*))
                0x0000000020000000                __log_filter_data_end__ = (__log_filter_data_start__ + SIZEOF (.log_filter_data))
                0x0000000000000000                __log_filter_data_size__ = SIZEOF (.log_filter_data)
                0x0000000000006528                __log_filter_data_load_end__ = (__log_filter_data_load_start__ + SIZEOF (.log_filter_data))
                0x0000000000000001                . = ASSERT (((__log_filter_data_load_start__ == __log_filter_data_load_end__) || ((__log_filter_data_load_end__ - __FLASH1_segment_start__) <= __FLASH1_segment_size__)), error: .log_filter_data is too large to fit in FLASH1 memory segment)

.log_filter_data_run
                0x0000000020000000        0x0
                0x0000000020000000                __log_filter_data_run_start__ = .
                0x0000000020000000                __start_log_filter_data = __log_filter_data_run_start__
                0x0000000020000000                __log_filter_data_run_end__ = (__log_filter_data_run_start__ + SIZEOF (.log_filter_data))
                0x0000000000000000                __log_filter_data_run_size__ = (__log_filter_data_run_end__ - __log_filter_data_run_start__)
                0x0000000020000000                __stop_log_filter_data = __log_filter_data_run_end__
                0x0000000020000000                __log_filter_data_run_load_end__ = __log_filter_data_run_end__
                0x0000000000000001                . = ASSERT (((__log_filter_data_run_start__ == __log_filter_data_run_end__) || ((__log_filter_data_run_end__ - __RAM1_segment_start__) <= __RAM1_segment_size__)), error: .log_filter_data_run is too large to fit in RAM1 memory segment)
                0x0000000020000000                __nrf_sections_run_end_load_start__ = ALIGN (__log_filter_data_run_end__, 0x4)

.nrf_sections_run_end
                0x0000000020000000        0x0
                0x0000000020000000                __nrf_sections_run_end_start__ = .
                0x0000000020000000                __end_nrf_sections_run = __nrf_sections_run_end_start__
 *(.nrf_sections_run_end .nrf_sections_run_end.*)
                0x0000000020000000                __nrf_sections_run_end_end__ = (__nrf_sections_run_end_start__ + SIZEOF (.nrf_sections_run_end))
                0x0000000000000000                __nrf_sections_run_end_size__ = SIZEOF (.nrf_sections_run_end)
                0x0000000020000000                __nrf_sections_run_end_load_end__ = __nrf_sections_run_end_end__
                0x0000000000000001                . = ASSERT (((__nrf_sections_run_end_start__ == __nrf_sections_run_end_end__) || ((__nrf_sections_run_end_end__ - __RAM1_segment_start__) <= __RAM1_segment_size__)), error: .nrf_sections_run_end is too large to fit in RAM1 memory segment)
                0x0000000000006528                __dtors_load_start__ = ALIGN ((__log_filter_data_load_start__ + SIZEOF (.log_filter_data)), 0x4)

.dtors          0x0000000000006528        0x0
                0x0000000000006528                __dtors_start__ = .
 *(SORT_BY_NAME(.dtors.*))
 *(.dtors)
 *(.fini_array)
 *(SORT_BY_NAME(.fini_array.*))
                0x0000000000006528                __dtors_end__ = (__dtors_start__ + SIZEOF (.dtors))
                0x0000000000000000                __dtors_size__ = SIZEOF (.dtors)
                0x0000000000006528                __dtors_load_end__ = __dtors_end__
                0x0000000000000001                . = ASSERT (((__dtors_start__ == __dtors_end__) || ((__dtors_end__ - __FLASH1_segment_start__) <= __FLASH1_segment_size__)), error: .dtors is too large to fit in FLASH1 memory segment)
                0x0000000000006528                __ctors_load_start__ = ALIGN (__dtors_end__, 0x4)

.ctors          0x0000000000006528        0x0
                0x0000000000006528                __ctors_start__ = .
 *(SORT_BY_NAME(.ctors.*))
 *(.ctors)
 *(.init_array)
 *(SORT_BY_NAME(.init_array.*))
                0x0000000000006528                __ctors_end__ = (__ctors_start__ + SIZEOF (.ctors))
                0x0000000000000000                __ctors_size__ = SIZEOF (.ctors)
                0x0000000000006528                __ctors_load_end__ = __ctors_end__
                0x0000000000000001                . = ASSERT (((__ctors_start__ == __ctors_end__) || ((__ctors_end__ - __FLASH1_segment_start__) <= __FLASH1_segment_size__)), error: .ctors is too large to fit in FLASH1 memory segment)
                0x0000000000006528                __rodata_load_start__ = ALIGN (__ctors_end__, 0x4)

.rodata         0x0000000000006528     0x15e9
                0x0000000000006528                __rodata_start__ = .
 *(.rodata .rodata.* .gnu.linkonce.r.*)
 .rodata        0x0000000000006528       0xf8 Output/Debug/Obj/twi_scanner_pca10056/main.o
 .rodata.m_twi  0x0000000000006620       0x10 Output/Debug/Obj/twi_scanner_pca10056/main.o
 .rodata.m_twi_oled_mngr
                0x0000000000006630       0x18 Output/Debug/Obj/twi_scanner_pca10056/main.o
 *fill*         0x0000000000006648        0x8 
 .rodata.delay_machine_code.0
                0x0000000000006650        0x6 Output/Debug/Obj/twi_scanner_pca10056/main.o
 *fill*         0x0000000000006656        0x2 
 .rodata        0x0000000000006658       0x75 Output/Debug/Obj/twi_scanner_pca10056/boards.o
 *fill*         0x00000000000066cd        0x3 
 .rodata.m_board_led_list
                0x00000000000066d0        0x4 Output/Debug/Obj/twi_scanner_pca10056/boards.o
 .rodata.m_board_btn_list
                0x00000000000066d4        0x4 Output/Debug/Obj/twi_scanner_pca10056/boards.o
 .rodata        0x00000000000066d8       0x2e Output/Debug/Obj/twi_scanner_pca10056/nrf_drv_twi.o
 *fill*         0x0000000000006706        0xa 
 .rodata.delay_machine_code.0
                0x0000000000006710        0x6 Output/Debug/Obj/twi_scanner_pca10056/nrf_drv_twi.o
 *fill*         0x0000000000006716        0x2 
 .rodata        0x0000000000006718       0x56 Output/Debug/Obj/twi_scanner_pca10056/nrfx_prs.o
 *fill*         0x000000000000676e        0x2 
 .rodata        0x0000000000006770       0xb7 Output/Debug/Obj/twi_scanner_pca10056/nrfx_twim.o
 *fill*         0x0000000000006827        0x1 
 .rodata.irq_handlers.0
                0x0000000000006828        0x8 Output/Debug/Obj/twi_scanner_pca10056/nrfx_twim.o
 .rodata        0x0000000000006830       0xb7 Output/Debug/Obj/twi_scanner_pca10056/nrfx_uart.o
 *fill*         0x00000000000068e7        0x1 
 .rodata        0x00000000000068e8       0xb8 Output/Debug/Obj/twi_scanner_pca10056/nrfx_uarte.o
 .rodata        0x00000000000069a0       0x70 Output/Debug/Obj/twi_scanner_pca10056/app_error_weak.o
 .rodata        0x0000000000006a10       0x58 Output/Debug/Obj/twi_scanner_pca10056/app_util_platform.o
 .rodata.microsoftSansSerif_10ptBitmaps
                0x0000000000006a68       0xe0 Output/Debug/Obj/twi_scanner_pca10056/clock.o
                0x0000000000006a68                microsoftSansSerif_10ptBitmaps
 .rodata.smile_lab_logoBitmaps
                0x0000000000006b48      0x400 Output/Debug/Obj/twi_scanner_pca10056/logo.o
                0x0000000000006b48                smile_lab_logoBitmaps
 .rodata        0x0000000000006f48       0x53 Output/Debug/Obj/twi_scanner_pca10056/nrf_balloc.o
 *fill*         0x0000000000006f9b        0x1 
 .rodata        0x0000000000006f9c       0x49 Output/Debug/Obj/twi_scanner_pca10056/nrf_fprintf.o
 *fill*         0x0000000000006fe5        0x3 
 .rodata        0x0000000000006fe8       0x50 Output/Debug/Obj/twi_scanner_pca10056/nrf_fprintf_format.o
 .rodata._aV2C.0
                0x0000000000007038       0x10 Output/Debug/Obj/twi_scanner_pca10056/nrf_fprintf_format.o
 .rodata        0x0000000000007048       0x53 Output/Debug/Obj/twi_scanner_pca10056/nrf_memobj.o
 *fill*         0x000000000000709b        0x1 
 .rodata        0x000000000000709c       0x51 Output/Debug/Obj/twi_scanner_pca10056/nrf_queue.o
 .rodata.full_queue_indicator.0
                0x00000000000070ed        0x1 Output/Debug/Obj/twi_scanner_pca10056/nrf_queue.o
 *fill*         0x00000000000070ee        0x2 
 .rodata.m_unknown_str
                0x00000000000070f0       0x13 Output/Debug/Obj/twi_scanner_pca10056/nrf_strerror.o
 *fill*         0x0000000000007103        0x1 
 .rodata        0x0000000000007104      0x3bd Output/Debug/Obj/twi_scanner_pca10056/nrf_strerror.o
 *fill*         0x00000000000074c1        0x3 
 .rodata.nrf_strerror_array
                0x00000000000074c4      0x118 Output/Debug/Obj/twi_scanner_pca10056/nrf_strerror.o
 .rodata        0x00000000000075dc       0x57 Output/Debug/Obj/twi_scanner_pca10056/nrf_twi_mngr.o
 *fill*         0x0000000000007633        0x1 
 .rodata        0x0000000000007634       0x67 Output/Debug/Obj/twi_scanner_pca10056/nrf_twi_sensor.o
 *fill*         0x000000000000769b        0x1 
 .rodata        0x000000000000769c       0x72 Output/Debug/Obj/twi_scanner_pca10056/oled_display.o
 *fill*         0x000000000000770e        0x2 
 .rodata.delay_machine_code.0
                0x0000000000007710        0x6 Output/Debug/Obj/twi_scanner_pca10056/oled_display.o
 *fill*         0x0000000000007716        0x2 
 .rodata.nrf_log_backend_rtt_api
                0x0000000000007718        0xc Output/Debug/Obj/twi_scanner_pca10056/nrf_log_backend_rtt.o
                0x0000000000007718                nrf_log_backend_rtt_api
 *fill*         0x0000000000007724        0xc 
 .rodata.delay_machine_code.0
                0x0000000000007730        0x6 Output/Debug/Obj/twi_scanner_pca10056/nrf_log_backend_rtt.o
 *fill*         0x0000000000007736        0x2 
 .rodata        0x0000000000007738       0x72 Output/Debug/Obj/twi_scanner_pca10056/nrf_log_default_backends.o
 *fill*         0x00000000000077aa        0x2 
 .rodata.m_log_push_ringbuf
                0x00000000000077ac        0xc Output/Debug/Obj/twi_scanner_pca10056/nrf_log_frontend.o
 .rodata        0x00000000000077b8       0x71 Output/Debug/Obj/twi_scanner_pca10056/nrf_log_frontend.o
 *fill*         0x0000000000007829        0x3 
 .rodata        0x000000000000782c       0xaa Output/Debug/Obj/twi_scanner_pca10056/nrf_log_str_formatter.o
 *fill*         0x00000000000078d6        0x2 
 .rodata        0x00000000000078d8       0x17 Output/Debug/Obj/twi_scanner_pca10056/SEGGER_RTT.o
 *fill*         0x00000000000078ef        0x1 
 .rodata.libc.__SEGGER_RTL_c_locale
                0x00000000000078f0        0xc C:/Program Files/SEGGER/SEGGER Embedded Studio for ARM 7.10a/lib/libc_v7em_fpv4_sp_d16_hard_t_le_eabi_balanced.a(mbops.o)
                0x00000000000078f0                __SEGGER_RTL_c_locale
 .rodata.libc..L.str
                0x00000000000078fc        0x2 C:/Program Files/SEGGER/SEGGER Embedded Studio for ARM 7.10a/lib/libc_v7em_fpv4_sp_d16_hard_t_le_eabi_balanced.a(mbops.o)
 *fill*         0x00000000000078fe        0x2 
 .rodata.libc.__SEGGER_RTL_codeset_ascii
                0x0000000000007900       0x20 C:/Program Files/SEGGER/SEGGER Embedded Studio for ARM 7.10a/lib/libc_v7em_fpv4_sp_d16_hard_t_le_eabi_balanced.a(mbops.o)
                0x0000000000007900                __SEGGER_RTL_codeset_ascii
 .rodata.libc.__SEGGER_RTL_c_locale_abbrev_day_names
                0x0000000000007920       0x1d C:/Program Files/SEGGER/SEGGER Embedded Studio for ARM 7.10a/lib/libc_v7em_fpv4_sp_d16_hard_t_le_eabi_balanced.a(mbops.o)
                0x0000000000007920                __SEGGER_RTL_c_locale_abbrev_day_names
 .rodata.libc.__SEGGER_RTL_c_locale_abbrev_month_names
                0x000000000000793d       0x31 C:/Program Files/SEGGER/SEGGER Embedded Studio for ARM 7.10a/lib/libc_v7em_fpv4_sp_d16_hard_t_le_eabi_balanced.a(mbops.o)
                0x000000000000793d                __SEGGER_RTL_c_locale_abbrev_month_names
 .rodata.libc.__SEGGER_RTL_data_utf8_period
                0x000000000000796e        0x2 C:/Program Files/SEGGER/SEGGER Embedded Studio for ARM 7.10a/lib/libc_v7em_fpv4_sp_d16_hard_t_le_eabi_balanced.a(mbops.o)
                0x000000000000796e                __SEGGER_RTL_data_utf8_period
 .rodata.libc.__SEGGER_RTL_data_empty_string
                0x0000000000007970        0x1 C:/Program Files/SEGGER/SEGGER Embedded Studio for ARM 7.10a/lib/libc_v7em_fpv4_sp_d16_hard_t_le_eabi_balanced.a(mbops.o)
                0x0000000000007970                __SEGGER_RTL_data_empty_string
 .rodata.libc.__SEGGER_RTL_c_locale_day_names
                0x0000000000007971       0x3a C:/Program Files/SEGGER/SEGGER Embedded Studio for ARM 7.10a/lib/libc_v7em_fpv4_sp_d16_hard_t_le_eabi_balanced.a(mbops.o)
 .rodata.libc.__SEGGER_RTL_c_locale_month_names
                0x00000000000079ab       0x57 C:/Program Files/SEGGER/SEGGER Embedded Studio for ARM 7.10a/lib/libc_v7em_fpv4_sp_d16_hard_t_le_eabi_balanced.a(mbops.o)
 .rodata.libc.__SEGGER_RTL_c_locale_am_pm_indicator
                0x0000000000007a02        0x7 C:/Program Files/SEGGER/SEGGER Embedded Studio for ARM 7.10a/lib/libc_v7em_fpv4_sp_d16_hard_t_le_eabi_balanced.a(mbops.o)
 .rodata.libc.__SEGGER_RTL_c_locale_date_format
                0x0000000000007a09        0x9 C:/Program Files/SEGGER/SEGGER Embedded Studio for ARM 7.10a/lib/libc_v7em_fpv4_sp_d16_hard_t_le_eabi_balanced.a(mbops.o)
 .rodata.libc.__SEGGER_RTL_c_locale_time_format
                0x0000000000007a12        0x9 C:/Program Files/SEGGER/SEGGER Embedded Studio for ARM 7.10a/lib/libc_v7em_fpv4_sp_d16_hard_t_le_eabi_balanced.a(mbops.o)
 .rodata.libc.__SEGGER_RTL_c_locale_date_time_format
                0x0000000000007a1b        0xf C:/Program Files/SEGGER/SEGGER Embedded Studio for ARM 7.10a/lib/libc_v7em_fpv4_sp_d16_hard_t_le_eabi_balanced.a(mbops.o)
 *fill*         0x0000000000007a2a        0x2 
 .rodata.libc.__SEGGER_RTL_c_locale_data
                0x0000000000007a2c       0x58 C:/Program Files/SEGGER/SEGGER Embedded Studio for ARM 7.10a/lib/libc_v7em_fpv4_sp_d16_hard_t_le_eabi_balanced.a(mbops.o)
                0x0000000000007a2c                __SEGGER_RTL_c_locale_data
 .rodata.libc.__SEGGER_RTL_ascii_ctype_map
                0x0000000000007a84       0x80 C:/Program Files/SEGGER/SEGGER Embedded Studio for ARM 7.10a/lib/libc_v7em_fpv4_sp_d16_hard_t_le_eabi_balanced.a(mbops.o)
 .rodata.libc.__SEGGER_RTL_ascii_ctype_mask
                0x0000000000007b04        0xd C:/Program Files/SEGGER/SEGGER Embedded Studio for ARM 7.10a/lib/libc_v7em_fpv4_sp_d16_hard_t_le_eabi_balanced.a(mbops.o)
                0x0000000000007b11                __rodata_end__ = (__rodata_start__ + SIZEOF (.rodata))
                0x00000000000015e9                __rodata_size__ = SIZEOF (.rodata)
                0x0000000000007b11                __rodata_load_end__ = __rodata_end__

.rel.dyn        0x0000000000007b14        0x0
 .rel.iplt      0x0000000000007b14        0x0 Output/Debug/Obj/twi_scanner_pca10056/main.o
                0x0000000000000001                . = ASSERT (((__rodata_start__ == __rodata_end__) || ((__rodata_end__ - __FLASH1_segment_start__) <= __FLASH1_segment_size__)), error: .rodata is too large to fit in FLASH1 memory segment)
                0x0000000000007b14                __ARM.exidx_load_start__ = ALIGN (__rodata_end__, 0x4)

.ARM.exidx      0x0000000000007b14        0x0
                0x0000000000007b14                __ARM.exidx_start__ = .
                0x0000000000007b14                __exidx_start = __ARM.exidx_start__
 *(.ARM.exidx .ARM.exidx.*)
                0x0000000000007b14                __ARM.exidx_end__ = (__ARM.exidx_start__ + SIZEOF (.ARM.exidx))
                0x0000000000000000                __ARM.exidx_size__ = SIZEOF (.ARM.exidx)
                0x0000000000007b14                __exidx_end = __ARM.exidx_end__
                0x0000000000007b14                __ARM.exidx_load_end__ = __ARM.exidx_end__
                0x0000000000000001                . = ASSERT (((__ARM.exidx_start__ == __ARM.exidx_end__) || ((__ARM.exidx_end__ - __FLASH1_segment_start__) <= __FLASH1_segment_size__)), error: .ARM.exidx is too large to fit in FLASH1 memory segment)
                0x0000000000007b14                __fast_load_start__ = ALIGN (__ARM.exidx_end__, 0x4)

.fast           0x0000000020000000        0x0 load address 0x0000000000007b14
                0x0000000020000000                __fast_start__ = .
 *(.fast .fast.*)
                0x0000000020000000                __fast_end__ = (__fast_start__ + SIZEOF (.fast))
                0x0000000000000000                __fast_size__ = SIZEOF (.fast)
                0x0000000000007b14                __fast_load_end__ = (__fast_load_start__ + SIZEOF (.fast))
                0x0000000000000001                . = ASSERT (((__fast_load_start__ == __fast_load_end__) || ((__fast_load_end__ - __FLASH1_segment_start__) <= __FLASH1_segment_size__)), error: .fast is too large to fit in FLASH1 memory segment)

.fast_run       0x0000000020000000        0x0
                0x0000000020000000                __fast_run_start__ = .
                0x0000000020000000                __fast_run_end__ = (__fast_run_start__ + SIZEOF (.fast))
                0x0000000000000000                __fast_run_size__ = (__fast_run_end__ - __fast_run_start__)
                0x0000000020000000                __fast_run_load_end__ = __fast_run_end__
                0x0000000000000001                . = ASSERT (((__fast_run_start__ == __fast_run_end__) || ((__fast_run_end__ - __RAM1_segment_start__) <= __RAM1_segment_size__)), error: .fast_run is too large to fit in RAM1 memory segment)
                0x0000000000007b14                __data_load_start__ = ALIGN ((__fast_load_start__ + SIZEOF (.fast)), 0x4)

.data           0x0000000020000000       0x6c load address 0x0000000000007b14
                0x0000000020000000                __data_start__ = .
 *(.data .data.* .gnu.linkonce.d.*)
 .data._gestureSensitivity
                0x0000000020000000        0x4 Output/Debug/Obj/twi_scanner_pca10056/main.o
                0x0000000020000000                _gestureSensitivity
 .data._detectedGesture
                0x0000000020000004        0x4 Output/Debug/Obj/twi_scanner_pca10056/main.o
                0x0000000020000004                _detectedGesture
 .data.m_twi_oled
                0x0000000020000008        0x8 Output/Debug/Obj/twi_scanner_pca10056/main.o
 .data.SystemCoreClock
                0x0000000020000010        0x4 Output/Debug/Obj/twi_scanner_pca10056/system_nrf52840.o
                0x0000000020000010                SystemCoreClock
 .data.log_backend_cb_rtt_log_backend
                0x0000000020000014        0x8 Output/Debug/Obj/twi_scanner_pca10056/nrf_log_default_backends.o
 .data.m_buffer_mask
                0x000000002000001c        0x4 Output/Debug/Obj/twi_scanner_pca10056/nrf_log_frontend.o
 .data.severity_names
                0x0000000020000020       0x14 Output/Debug/Obj/twi_scanner_pca10056/nrf_log_str_formatter.o
 .data.m_colors
                0x0000000020000034       0x24 Output/Debug/Obj/twi_scanner_pca10056/nrf_log_str_formatter.o
 .data.libc.__SEGGER_RTL_global_locale
                0x0000000020000058       0x14 C:/Program Files/SEGGER/SEGGER Embedded Studio for ARM 7.10a/lib/libc_v7em_fpv4_sp_d16_hard_t_le_eabi_balanced.a(mbops.o)
                0x0000000020000058                __SEGGER_RTL_global_locale
                0x0000000020000058                __RAL_global_locale
                0x000000002000006c                __data_end__ = (__data_start__ + SIZEOF (.data))
                0x000000000000006c                __data_size__ = SIZEOF (.data)
                0x0000000000007b80                __data_load_end__ = (__data_load_start__ + SIZEOF (.data))

.igot.plt       0x0000000100000000        0x0
 .igot.plt      0x0000000100000000        0x0 Output/Debug/Obj/twi_scanner_pca10056/main.o
                0x0000000000000001                . = ASSERT (((__data_load_start__ == __data_load_end__) || ((__data_load_end__ - __FLASH1_segment_start__) <= __FLASH1_segment_size__)), error: .data is too large to fit in FLASH1 memory segment)

.data_run       0x0000000020000000        0x0
                0x0000000020000000                __data_run_start__ = .
                0x000000002000006c                __data_run_end__ = (__data_run_start__ + SIZEOF (.data))
                0x000000000000006c                __data_run_size__ = (__data_run_end__ - __data_run_start__)
                0x000000002000006c                __data_run_load_end__ = __data_run_end__
                0x0000000000000001                . = ASSERT (((__data_run_start__ == __data_run_end__) || ((__data_run_end__ - __RAM1_segment_start__) <= __RAM1_segment_size__)), error: .data_run is too large to fit in RAM1 memory segment)
                0x0000000000007b80                __tdata_load_start__ = ALIGN ((__data_load_start__ + SIZEOF (.data)), 0x4)

.tdata          0x000000002000006c        0x0 load address 0x0000000000007b80
                0x000000002000006c                __tdata_start__ = .
 *(.tdata .tdata.*)
                0x000000002000006c                __tdata_end__ = (__tdata_start__ + SIZEOF (.tdata))
                0x0000000000000000                __tdata_size__ = SIZEOF (.tdata)
                0x0000000000007b80                __tdata_load_end__ = (__tdata_load_start__ + SIZEOF (.tdata))
                0x0000000000007b80                __FLASH1_segment_used_end__ = (ALIGN ((__data_load_start__ + SIZEOF (.data)), 0x4) + SIZEOF (.tdata))
                0x0000000000007b80                __FLASH1_segment_used_size__ = (__FLASH1_segment_used_end__ - __FLASH1_segment_start__)
                0x0000000000000001                . = ASSERT (((__tdata_load_start__ == __tdata_load_end__) || ((__tdata_load_end__ - __FLASH1_segment_start__) <= __FLASH1_segment_size__)), error: .tdata is too large to fit in FLASH1 memory segment)

.tdata_run      0x000000002000006c        0x0
                0x000000002000006c                __tdata_run_start__ = .
                0x000000002000006c                __tdata_run_end__ = (__tdata_run_start__ + SIZEOF (.tdata))
                0x0000000000000000                __tdata_run_size__ = (__tdata_run_end__ - __tdata_run_start__)
                0x000000002000006c                __tdata_run_load_end__ = __tdata_run_end__
                0x0000000000000001                . = ASSERT (((__tdata_run_start__ == __tdata_run_end__) || ((__tdata_run_end__ - __RAM1_segment_start__) <= __RAM1_segment_size__)), error: .tdata_run is too large to fit in RAM1 memory segment)
                0x000000002000006c                __bss_load_start__ = ALIGN (__tdata_run_end__, 0x4)

.bss            0x000000002000006c     0x5be0
                0x000000002000006c                __bss_start__ = .
 *(.bss .bss.* .gnu.linkonce.b.*)
 .bss._gestureEnabled
                0x000000002000006c        0x1 Output/Debug/Obj/twi_scanner_pca10056/main.o
                0x000000002000006c                _gestureEnabled
 .bss._gestureIn
                0x000000002000006d        0x1 Output/Debug/Obj/twi_scanner_pca10056/main.o
                0x000000002000006d                _gestureIn
 *fill*         0x000000002000006e        0x2 
 .bss._gestureDirectionX
                0x0000000020000070        0x4 Output/Debug/Obj/twi_scanner_pca10056/main.o
                0x0000000020000070                _gestureDirectionX
 .bss._gestureDirectionY
                0x0000000020000074        0x4 Output/Debug/Obj/twi_scanner_pca10056/main.o
                0x0000000020000074                _gestureDirectionY
 .bss._gestureDirInX
                0x0000000020000078        0x4 Output/Debug/Obj/twi_scanner_pca10056/main.o
                0x0000000020000078                _gestureDirInX
 .bss._gestureDirInY
                0x000000002000007c        0x4 Output/Debug/Obj/twi_scanner_pca10056/main.o
                0x000000002000007c                _gestureDirInY
 .bss.m_xfer_done
                0x0000000020000080        0x1 Output/Debug/Obj/twi_scanner_pca10056/main.o
 *fill*         0x0000000020000081        0x3 
 .bss.m_twi_oled_mngr_queue_nrf_queue_buffer
                0x0000000020000084       0x18 Output/Debug/Obj/twi_scanner_pca10056/main.o
 .bss.m_twi_oled_mngr_queue_nrf_queue_cb
                0x000000002000009c        0xc Output/Debug/Obj/twi_scanner_pca10056/main.o
 .bss.m_twi_oled_mngr_cb
                0x00000000200000a8       0x1c Output/Debug/Obj/twi_scanner_pca10056/main.o
 .bss.m_twi_oled_pool_nrf_balloc_pool_stack
                0x00000000200000c4       0x80 Output/Debug/Obj/twi_scanner_pca10056/main.o
 .bss.m_twi_oled_pool_nrf_balloc_pool_mem
                0x0000000020000144     0x5200 Output/Debug/Obj/twi_scanner_pca10056/main.o
 .bss.m_twi_oled_pool_nrf_balloc_cb
                0x0000000020005344        0x8 Output/Debug/Obj/twi_scanner_pca10056/main.o
 .bss.m_handlers
                0x000000002000534c        0x8 Output/Debug/Obj/twi_scanner_pca10056/nrf_drv_twi.o
 .bss.m_contexts
                0x0000000020005354        0x8 Output/Debug/Obj/twi_scanner_pca10056/nrf_drv_twi.o
 .bss.m_prs_box_4
                0x000000002000535c        0x8 Output/Debug/Obj/twi_scanner_pca10056/nrfx_prs.o
 .bss.m_cb      0x0000000020005364       0x68 Output/Debug/Obj/twi_scanner_pca10056/nrfx_twim.o
 .bss.m_error_data.0
                0x00000000200053cc       0x20 Output/Debug/Obj/twi_scanner_pca10056/app_error.o
 .bss.m_in_critical_region
                0x00000000200053ec        0x4 Output/Debug/Obj/twi_scanner_pca10056/app_util_platform.o
 .bss.m_host_present
                0x00000000200053f0        0x1 Output/Debug/Obj/twi_scanner_pca10056/nrf_log_backend_rtt.o
 *fill*         0x00000000200053f1        0x3 
 .bss.m_string_buff
                0x00000000200053f4       0x40 Output/Debug/Obj/twi_scanner_pca10056/nrf_log_backend_rtt.o
 .bss.log_mempool_nrf_balloc_pool_stack
                0x0000000020005434        0x8 Output/Debug/Obj/twi_scanner_pca10056/nrf_log_frontend.o
 .bss.log_mempool_nrf_balloc_pool_mem
                0x000000002000543c       0xc0 Output/Debug/Obj/twi_scanner_pca10056/nrf_log_frontend.o
 .bss.log_mempool_nrf_balloc_cb
                0x00000000200054fc        0x8 Output/Debug/Obj/twi_scanner_pca10056/nrf_log_frontend.o
 .bss.m_log_push_ringbuf_buf
                0x0000000020005504       0x80 Output/Debug/Obj/twi_scanner_pca10056/nrf_log_frontend.o
 .bss.m_log_push_ringbuf_cb
                0x0000000020005584       0x18 Output/Debug/Obj/twi_scanner_pca10056/nrf_log_frontend.o
 .bss.m_log_data
                0x000000002000559c      0x420 Output/Debug/Obj/twi_scanner_pca10056/nrf_log_frontend.o
 .bss._SEGGER_RTT
                0x00000000200059bc       0x78 Output/Debug/Obj/twi_scanner_pca10056/SEGGER_RTT.o
                0x00000000200059bc                _SEGGER_RTT
 .bss._acUpBuffer
                0x0000000020005a34      0x200 Output/Debug/Obj/twi_scanner_pca10056/SEGGER_RTT.o
 .bss._acDownBuffer
                0x0000000020005c34       0x10 Output/Debug/Obj/twi_scanner_pca10056/SEGGER_RTT.o
 .bss.libc.__SEGGER_RTL_locale_ptr
                0x0000000020005c44        0x4 C:/Program Files/SEGGER/SEGGER Embedded Studio for ARM 7.10a/lib/libc_v7em_fpv4_sp_d16_hard_t_le_eabi_balanced.a(mbops.o)
                0x0000000020005c44                __SEGGER_RTL_locale_ptr
 .bss.libc.__SEGGER_RTL_heap_globals
                0x0000000020005c48        0x4 C:/Program Files/SEGGER/SEGGER Embedded Studio for ARM 7.10a/lib/heapops_basic_v7em_fpv4_sp_d16_hard_t_le_eabi_balanced.a(heapops_basic.o)
 *(COMMON)
                0x0000000020005c4c                __bss_end__ = (__bss_start__ + SIZEOF (.bss))
                0x0000000000005be0                __bss_size__ = SIZEOF (.bss)
                0x0000000020005c4c                __bss_load_end__ = __bss_end__
                0x0000000000000001                . = ASSERT (((__bss_start__ == __bss_end__) || ((__bss_end__ - __RAM1_segment_start__) <= __RAM1_segment_size__)), error: .bss is too large to fit in RAM1 memory segment)
                0x0000000020005c4c                __tbss_load_start__ = ALIGN (__bss_end__, 0x4)

.tbss           0x0000000020005c4c        0x0
                0x0000000020005c4c                __tbss_start__ = .
 *(.tbss .tbss.*)
                0x0000000020005c4c                __tbss_end__ = (__tbss_start__ + SIZEOF (.tbss))
                0x0000000000000000                __tbss_size__ = SIZEOF (.tbss)
                0x0000000020005c4c                __tbss_load_end__ = __tbss_end__
                0x0000000000000001                . = ASSERT (((__tbss_start__ == __tbss_end__) || ((__tbss_end__ - __RAM1_segment_start__) <= __RAM1_segment_size__)), error: .tbss is too large to fit in RAM1 memory segment)
                0x0000000020005c4c                __non_init_load_start__ = ALIGN (__tbss_end__, 0x4)

.non_init       0x0000000020005c4c        0x0
                0x0000000020005c4c                __non_init_start__ = .
 *(.non_init .non_init.*)
                0x0000000020005c4c                __non_init_end__ = (__non_init_start__ + SIZEOF (.non_init))
                0x0000000000000000                __non_init_size__ = SIZEOF (.non_init)
                0x0000000020005c4c                __non_init_load_end__ = __non_init_end__
                0x0000000000000001                . = ASSERT (((__non_init_start__ == __non_init_end__) || ((__non_init_end__ - __RAM1_segment_start__) <= __RAM1_segment_size__)), error: .non_init is too large to fit in RAM1 memory segment)
                0x0000000020005c4c                __heap_load_start__ = ALIGN (__non_init_end__, 0x4)

.heap           0x0000000020005c4c     0x2000
                0x0000000020005c4c                __heap_start__ = .
 *(.heap .heap.*)
                0x0000000020007c4c                . = ALIGN (MAX ((__heap_start__ + __HEAPSIZE__), .), 0x4)
 *fill*         0x0000000020005c4c     0x2000 
                0x0000000020007c4c                __heap_end__ = (__heap_start__ + SIZEOF (.heap))
                0x0000000000002000                __heap_size__ = SIZEOF (.heap)
                0x0000000020007c4c                __heap_load_end__ = __heap_end__
                0x0000000000000001                . = ASSERT (((__heap_start__ == __heap_end__) || ((__heap_end__ - __RAM1_segment_start__) <= __RAM1_segment_size__)), error: .heap is too large to fit in RAM1 memory segment)
                0x0000000000000001                . = ASSERT ((__heap_size__ <= __HEAPSIZE__), error: .heap is larger than specified size)
                0x000000002003e000                __stack_load_start__ = (__RAM1_segment_start__ + (__RAM1_segment_size__ - 0x2000))

.stack          0x000000002003e000     0x2000
                0x000000002003e000                __stack_start__ = .
                0x000000002003e000                __StackLimit = __stack_start__
 *(.stack .stack.*)
                0x0000000020040000                . = ALIGN (MAX ((__stack_start__ + __STACKSIZE__), .), 0x8)
 *fill*         0x000000002003e000     0x2000 
                0x0000000020040000                __stack_end__ = (__stack_start__ + SIZEOF (.stack))
                0x0000000000002000                __stack_size__ = SIZEOF (.stack)
                0x0000000020040000                __StackTop = __stack_end__
                0x0000000020040000                __stack_load_end__ = __stack_end__
                0x0000000000000001                . = ASSERT (((__stack_start__ == __stack_end__) || ((__stack_end__ - __RAM1_segment_start__) <= __RAM1_segment_size__)), error: .stack is too large to fit in RAM1 memory segment)
                0x0000000000000001                . = ASSERT ((__heap_end__ <= __stack_start__), error: section .heap overlaps absolute placed section .stack)
                0x0000000000000001                . = ASSERT ((__stack_size__ <= __STACKSIZE__), error: .stack is larger than specified size)
                0x0000000020040000                __stack_process_load_start__ = ALIGN (__stack_end__, 0x8)

.stack_process  0x0000000020040000        0x0
                0x0000000020040000                __stack_process_start__ = .
 *(.stack_process .stack_process.*)
                0x0000000020040000                . = ALIGN (MAX ((__stack_process_start__ + __STACKSIZE_PROCESS__), .), 0x8)
                0x0000000020040000                __stack_process_end__ = (__stack_process_start__ + SIZEOF (.stack_process))
                0x0000000000000000                __stack_process_size__ = SIZEOF (.stack_process)
                0x0000000020040000                __stack_process_load_end__ = __stack_process_end__