Archive member included to satisfy reference by file (symbol)

C:/Program Files/SEGGER/SEGGER Embedded Studio for ARM 7.10a/lib/libc_v7em_fpv4_sp_d16_hard_t_le_eabi_balanced.a(mbops.o)
                              Output/Debug/Obj/twi_sensor_pca10056/nrf_log_str_formatter.o (isprint)
C:/Program Files/SEGGER/SEGGER Embedded Studio for ARM 7.10a/lib/libc_v7em_fpv4_sp_d16_hard_t_le_eabi_balanced.a(sortops.o)
                              C:/Program Files/SEGGER/SEGGER Embedded Studio for ARM 7.10a/lib/libc_v7em_fpv4_sp_d16_hard_t_le_eabi_balanced.a(mbops.o) (bsearch)
C:/Program Files/SEGGER/SEGGER Embedded Studio for ARM 7.10a/lib/libc_v7em_fpv4_sp_d16_hard_t_le_eabi_balanced.a(strasmops_arm.o)
                              Output/Debug/Obj/twi_sensor_pca10056/nrf_log_frontend.o (strlen)
C:/Program Files/SEGGER/SEGGER Embedded Studio for ARM 7.10a/lib/libc_v7em_fpv4_sp_d16_hard_t_le_eabi_balanced.a(strops.o)
                              C:/Program Files/SEGGER/SEGGER Embedded Studio for ARM 7.10a/lib/libc_v7em_fpv4_sp_d16_hard_t_le_eabi_balanced.a(mbops.o) (strcat)
C:/Program Files/SEGGER/SEGGER Embedded Studio for ARM 7.10a/lib/libc_v7em_fpv4_sp_d16_hard_t_le_eabi_balanced.a(timeops.o)
                              C:/Program Files/SEGGER/SEGGER Embedded Studio for ARM 7.10a/lib/libc_v7em_fpv4_sp_d16_hard_t_le_eabi_balanced.a(mbops.o) (__SEGGER_RTL_string_list_encode)
C:/Program Files/SEGGER/SEGGER Embedded Studio for ARM 7.10a/lib/libc_v7em_fpv4_sp_d16_hard_t_le_eabi_balanced.a(__SEGGER_RTL_vfprintf_short_float_long.o)
                              (__SEGGER_RTL_vfprintf_short_float_long)
C:/Program Files/SEGGER/SEGGER Embedded Studio for ARM 7.10a/lib/libc_v7em_fpv4_sp_d16_hard_t_le_eabi_balanced.a(__SEGGER_RTL_vfscanf_long.o)
                              (__SEGGER_RTL_vfscanf_long)
C:/Program Files/SEGGER/SEGGER Embedded Studio for ARM 7.10a/lib/libc_v7em_fpv4_sp_d16_hard_t_le_eabi_balanced.a(errno.o)
                              C:/Program Files/SEGGER/SEGGER Embedded Studio for ARM 7.10a/lib/libc_v7em_fpv4_sp_d16_hard_t_le_eabi_balanced.a(mbops.o) (__aeabi_errno_addr)
C:/Program Files/SEGGER/SEGGER Embedded Studio for ARM 7.10a/lib/libc_v7em_fpv4_sp_d16_hard_t_le_eabi_balanced.a(execops.o)
                              C:/Program Files/SEGGER/SEGGER Embedded Studio for ARM 7.10a/lib/libc_v7em_fpv4_sp_d16_hard_t_le_eabi_balanced.a(strops.o) (__SEGGER_RTL_constraint_violation)
C:/Program Files/SEGGER/SEGGER Embedded Studio for ARM 7.10a/lib/libc_v7em_fpv4_sp_d16_hard_t_le_eabi_balanced.a(execops_arm.o)
                              C:/Program Files/SEGGER/SEGGER Embedded Studio for ARM 7.10a/lib/libc_v7em_fpv4_sp_d16_hard_t_le_eabi_balanced.a(execops.o) (__aeabi_SIGABRT)
C:/Program Files/SEGGER/SEGGER Embedded Studio for ARM 7.10a/lib/libc_v7em_fpv4_sp_d16_hard_t_le_eabi_balanced.a(floatasmops_arm.o)
                              C:/Program Files/SEGGER/SEGGER Embedded Studio for ARM 7.10a/lib/libc_v7em_fpv4_sp_d16_hard_t_le_eabi_balanced.a(__SEGGER_RTL_vfprintf_short_float_long.o) (__aeabi_f2ulz)
C:/Program Files/SEGGER/SEGGER Embedded Studio for ARM 7.10a/lib/libc_v7em_fpv4_sp_d16_hard_t_le_eabi_balanced.a(floatops.o)
                              C:/Program Files/SEGGER/SEGGER Embedded Studio for ARM 7.10a/lib/libc_v7em_fpv4_sp_d16_hard_t_le_eabi_balanced.a(__SEGGER_RTL_vfprintf_short_float_long.o) (ldexpf)
C:/Program Files/SEGGER/SEGGER Embedded Studio for ARM 7.10a/lib/libc_v7em_fpv4_sp_d16_hard_t_le_eabi_balanced.a(intasmops_arm.o)
                              C:/Program Files/SEGGER/SEGGER Embedded Studio for ARM 7.10a/lib/libc_v7em_fpv4_sp_d16_hard_t_le_eabi_balanced.a(__SEGGER_RTL_vfprintf_short_float_long.o) (__aeabi_uldivmod)
C:/Program Files/SEGGER/SEGGER Embedded Studio for ARM 7.10a/lib/libc_v7em_fpv4_sp_d16_hard_t_le_eabi_balanced.a(intops.o)
                              C:/Program Files/SEGGER/SEGGER Embedded Studio for ARM 7.10a/lib/libc_v7em_fpv4_sp_d16_hard_t_le_eabi_balanced.a(__SEGGER_RTL_vfprintf_short_float_long.o) (abs)
C:/Program Files/SEGGER/SEGGER Embedded Studio for ARM 7.10a/lib/libc_v7em_fpv4_sp_d16_hard_t_le_eabi_balanced.a(utilops.o)
                              C:/Program Files/SEGGER/SEGGER Embedded Studio for ARM 7.10a/lib/libc_v7em_fpv4_sp_d16_hard_t_le_eabi_balanced.a(__SEGGER_RTL_vfprintf_short_float_long.o) (__SEGGER_RTL_pow10f)
C:/Program Files/SEGGER/SEGGER Embedded Studio for ARM 7.10a/lib/libc_v7em_fpv4_sp_d16_hard_t_le_eabi_balanced.a(prinops.o)
                              C:/Program Files/SEGGER/SEGGER Embedded Studio for ARM 7.10a/lib/libc_v7em_fpv4_sp_d16_hard_t_le_eabi_balanced.a(__SEGGER_RTL_vfprintf_short_float_long.o) (__SEGGER_RTL_putc)
C:/Program Files/SEGGER/SEGGER Embedded Studio for ARM 7.10a/lib/libc_v7em_fpv4_sp_d16_hard_t_le_eabi_balanced.a(convops.o)
                              C:/Program Files/SEGGER/SEGGER Embedded Studio for ARM 7.10a/lib/libc_v7em_fpv4_sp_d16_hard_t_le_eabi_balanced.a(execops.o) (itoa)
[...]
Memory Configuration

Name             Origin             Length             Attributes
UNPLACED_SECTIONS 0x0000000100000000 0x0000000000000000 xw
RAM1             0x0000000020000000 0x0000000000040000 xw
FLASH1           0x0000000000000000 0x0000000000100000 xw
*default*        0x0000000000000000 0xffffffffffffffff

Linker script and memory map

                0x0000000000000000                __SEGGER_RTL_vfprintf = __SEGGER_RTL_vfprintf_short_float_long
                0x0000000000000000                __SEGGER_RTL_vfscanf = __SEGGER_RTL_vfscanf_long
                0x0000000020000000                __RAM1_segment_start__ = 0x20000000
                0x0000000020040000                __RAM1_segment_end__ = 0x20040000
                0x0000000000040000                __RAM1_segment_size__ = 0x40000
                0x0000000000000000                __FLASH1_segment_start__ = 0x0
                0x0000000000100000                __FLASH1_segment_end__ = 0x100000
                0x0000000000100000                __FLASH1_segment_size__ = 0x100000
                0x0000000000002000                __HEAPSIZE__ = 0x2000
                0x0000000000000000                __STACKSIZE_PROCESS__ = 0x0
                0x0000000000002000                __STACKSIZE__ = 0x2000
                0x0000000020000000                __vectors_ram_load_start__ = 0x20000000

.vectors_ram    0x0000000020000000        0x0
                0x0000000020000000                __vectors_ram_start__ = .
                0x0000000020000000                __app_ram_start__ = __vectors_ram_start__
 *(.vectors_ram .vectors_ram.*)
                0x0000000020000000                __vectors_ram_end__ = (__vectors_ram_start__ + SIZEOF (.vectors_ram))
                0x0000000000000000                __vectors_ram_size__ = SIZEOF (.vectors_ram)
                0x0000000020000000                __vectors_ram_load_end__ = __vectors_ram_end__
                0x0000000000000001                . = ASSERT (((__vectors_ram_start__ == __vectors_ram_end__) || ((__vectors_ram_end__ - __RAM1_segment_start__) <= __RAM1_segment_size__)), error: .vectors_ram is too large to fit in RAM1 memory segment)
                0x0000000020000000                __nrf_sections_run_load_start__ = ALIGN (__vectors_ram_end__, 0x4)

.nrf_sections_run
                0x0000000020000000        0x0
                0x0000000020000000                __nrf_sections_run_start__ = .
                0x0000000020000000                __start_nrf_sections_run = __nrf_sections_run_start__
 *(.nrf_sections_run .nrf_sections_run.*)
                0x0000000020000000                __nrf_sections_run_end__ = (__nrf_sections_run_start__ + SIZEOF (.nrf_sections_run))
                0x0000000000000000                __nrf_sections_run_size__ = SIZEOF (.nrf_sections_run)
                0x0000000020000000                __nrf_sections_run_load_end__ = __nrf_sections_run_end__
                0x0000000000000001                . = ASSERT (((__nrf_sections_run_start__ == __nrf_sections_run_end__) || ((__nrf_sections_run_end__ - __RAM1_segment_start__) <= __RAM1_segment_size__)), error: .nrf_sections_run is too large to fit in RAM1 memory segment)
                0x0000000000000000                __vectors_load_start__ = 0x0

.vectors        0x0000000000000000      0x200
                0x0000000000000000                __vectors_start__ = .
 *(.vectors .vectors.*)
 .vectors       0x0000000000000000      0x200 Output/Debug/Obj/twi_sensor_pca10056/ses_startup_nrf52840.o
                0x0000000000000000                _vectors
                0x0000000000000200                __vectors_end__ = (__vectors_start__ + SIZEOF (.vectors))
                0x0000000000000200                __vectors_size__ = SIZEOF (.vectors)
                0x0000000000000200                __vectors_load_end__ = __vectors_end__
                0x0000000000000001                . = ASSERT (((__vectors_start__ == __vectors_end__) || ((__vectors_end__ - __FLASH1_segment_start__) <= __FLASH1_segment_size__)), error: .vectors is too large to fit in FLASH1 memory segment)
                0x0000000000000200                __init_load_start__ = ALIGN (__vectors_end__, 0x4)

.init           0x0000000000000200      0x1cc
                0x0000000000000200                __init_start__ = .
 *(.init .init.*)
 .init          0x0000000000000200      0x158 Output/Debug/Obj/twi_sensor_pca10056/thumb_crt0.o
                0x0000000000000200                _start
                0x00000000000002ae                exit
 .init          0x0000000000000358       0x18 Output/Debug/Obj/twi_sensor_pca10056/ses_startup_nrf52840.o
                0x0000000000000358                NMI_Handler
                0x000000000000035a                HardFault_Handler
                0x000000000000035c                MemoryManagement_Handler
                0x000000000000035e                BusFault_Handler
                0x0000000000000360                UsageFault_Handler
                0x0000000000000362                SVC_Handler
                0x0000000000000364                DebugMon_Handler
                0x0000000000000366                PendSV_Handler
                0x0000000000000368                SysTick_Handler
                0x000000000000036a                PWM1_IRQHandler
                0x000000000000036a                GPIOTE_IRQHandler
                0x000000000000036a                RTC0_IRQHandler
                0x000000000000036a                POWER_CLOCK_IRQHandler
                0x000000000000036a                RADIO_IRQHandler
                0x000000000000036a                PDM_IRQHandler
                0x000000000000036a                TEMP_IRQHandler
                0x000000000000036a                QDEC_IRQHandler
                0x000000000000036a                TIMER3_IRQHandler
                0x000000000000036a                PWM3_IRQHandler
                0x000000000000036a                FPU_IRQHandler
                0x000000000000036a                USBD_IRQHandler
                0x000000000000036a                QSPI_IRQHandler
                0x000000000000036a                TIMER4_IRQHandler
                0x000000000000036a                CRYPTOCELL_IRQHandler
                0x000000000000036a                SWI2_EGU2_IRQHandler
                0x000000000000036a                SWI4_EGU4_IRQHandler
                0x000000000000036a                TIMER0_IRQHandler
                0x000000000000036a                UARTE1_IRQHandler
                0x000000000000036a                Dummy_Handler
                0x000000000000036a                TIMER1_IRQHandler
                0x000000000000036a                SPIM3_IRQHandler
                0x000000000000036a                PWM2_IRQHandler
                0x000000000000036a                ECB_IRQHandler
                0x000000000000036a                SPIM1_SPIS1_TWIM1_TWIS1_SPI1_TWI1_IRQHandler
                0x000000000000036a                SAADC_IRQHandler
                0x000000000000036a                CCM_AAR_IRQHandler
                0x000000000000036a                WDT_IRQHandler
                0x000000000000036a                SWI0_EGU0_IRQHandler
                0x000000000000036a                SWI5_EGU5_IRQHandler
                0x000000000000036a                RNG_IRQHandler
                0x000000000000036a                RTC2_IRQHandler
                0x000000000000036a                PWM0_IRQHandler
                0x000000000000036a                SWI3_EGU3_IRQHandler
                0x000000000000036a                RTC1_IRQHandler
                0x000000000000036a                SWI1_EGU1_IRQHandler
                0x000000000000036a                SPIM2_SPIS2_SPI2_IRQHandler
                0x000000000000036a                NFCT_IRQHandler
                0x000000000000036a                I2S_IRQHandler
                0x000000000000036a                MWU_IRQHandler
                0x000000000000036a                TIMER2_IRQHandler
                0x000000000000036a                COMP_LPCOMP_IRQHandler
                0x000000000000036c                nRFInitialize
 .init          0x0000000000000370       0x5c Output/Debug/Obj/twi_sensor_pca10056/ses_startup_nrf_common.o
                0x0000000000000370                Reset_Handler
                0x0000000000000374                afterInitialize
                0x0000000000000398                InitializeUserMemorySections
                0x00000000000003cc                __init_end__ = (__init_start__ + SIZEOF (.init))
                0x00000000000001cc                __init_size__ = SIZEOF (.init)
                0x00000000000003cc                __init_load_end__ = __init_end__
                0x0000000000000001                . = ASSERT (((__init_start__ == __init_end__) || ((__init_end__ - __FLASH1_segment_start__) <= __FLASH1_segment_size__)), error: .init is too large to fit in FLASH1 memory segment)
                0x00000000000003cc                __init_rodata_load_start__ = ALIGN (__init_end__, 0x4)

.init_rodata    0x00000000000003cc        0x0
                0x00000000000003cc                __init_rodata_start__ = .
 *(.init_rodata .init_rodata.*)
                0x00000000000003cc                __init_rodata_end__ = (__init_rodata_start__ + SIZEOF (.init_rodata))
                0x0000000000000000                __init_rodata_size__ = SIZEOF (.init_rodata)
                0x00000000000003cc                __init_rodata_load_end__ = __init_rodata_end__
                0x0000000000000001                . = ASSERT (((__init_rodata_start__ == __init_rodata_end__) || ((__init_rodata_end__ - __FLASH1_segment_start__) <= __FLASH1_segment_size__)), error: .init_rodata is too large to fit in FLASH1 memory segment)
                0x00000000000003cc                __text_load_start__ = ALIGN (__init_rodata_end__, 0x4)

.text           0x00000000000003cc     0x522c
                0x00000000000003cc                __text_start__ = .
 *(.text .text.* .gnu.linkonce.t.* .glue_7t .glue_7 .gcc_except_table .ARM.extab* .gnu.linkonce.armextab.*)
 .glue_7        0x00000000000003cc        0x0 linker stubs
 .glue_7t       0x00000000000003cc        0x0 linker stubs
 .text.nrfx_coredep_delay_us
                0x00000000000003cc       0x30 Output/Debug/Obj/twi_sensor_pca10056/nrf_log_backend_rtt.o
 .text.nrf_delay_ms
                0x00000000000003fc       0x2a Output/Debug/Obj/twi_sensor_pca10056/nrf_log_backend_rtt.o
 .text.nrf_log_backend_rtt_init
                0x0000000000000426        0xa Output/Debug/Obj/twi_sensor_pca10056/nrf_log_backend_rtt.o
                0x0000000000000426                nrf_log_backend_rtt_init
 .text.serial_tx
                0x0000000000000430       0x84 Output/Debug/Obj/twi_sensor_pca10056/nrf_log_backend_rtt.o
 .text.nrf_log_backend_rtt_put
                0x00000000000004b4       0x28 Output/Debug/Obj/twi_sensor_pca10056/nrf_log_backend_rtt.o
 .text.nrf_log_backend_rtt_flush
                0x00000000000004dc        0xa Output/Debug/Obj/twi_sensor_pca10056/nrf_log_backend_rtt.o
 .text.nrf_log_backend_rtt_panic_set
                0x00000000000004e6        0xa Output/Debug/Obj/twi_sensor_pca10056/nrf_log_backend_rtt.o
 .text.nrf_log_backend_serial_put
                0x00000000000004f0      0x124 Output/Debug/Obj/twi_sensor_pca10056/nrf_log_backend_serial.o
                0x00000000000004f0                nrf_log_backend_serial_put
 .text.nrf_log_backend_enable
                0x0000000000000614       0x12 Output/Debug/Obj/twi_sensor_pca10056/nrf_log_default_backends.o
 *fill*         0x0000000000000626        0x2 
 .text.nrf_log_default_backends_init
                0x0000000000000628       0x3c Output/Debug/Obj/twi_sensor_pca10056/nrf_log_default_backends.o
                0x0000000000000628                nrf_log_default_backends_init
 .text.nrf_log_backend_put
                0x0000000000000664       0x1c Output/Debug/Obj/twi_sensor_pca10056/nrf_log_frontend.o
 .text.nrf_log_backend_panic_set
                0x0000000000000680       0x18 Output/Debug/Obj/twi_sensor_pca10056/nrf_log_frontend.o
 .text.nrf_log_backend_flush
                0x0000000000000698       0x18 Output/Debug/Obj/twi_sensor_pca10056/nrf_log_frontend.o
 .text.nrf_log_backend_id_set
                0x00000000000006b0       0x1a Output/Debug/Obj/twi_sensor_pca10056/nrf_log_frontend.o
 .text.nrf_log_backend_id_get
                0x00000000000006ca       0x10 Output/Debug/Obj/twi_sensor_pca10056/nrf_log_frontend.o
 .text.nrf_log_backend_enable
                0x00000000000006da       0x12 Output/Debug/Obj/twi_sensor_pca10056/nrf_log_frontend.o
 .text.nrf_log_backend_is_enabled
                0x00000000000006ec       0x10 Output/Debug/Obj/twi_sensor_pca10056/nrf_log_frontend.o
 .text.nrf_log_init
                0x00000000000006fc       0x50 Output/Debug/Obj/twi_sensor_pca10056/nrf_log_frontend.o
                0x00000000000006fc                nrf_log_init
 .text.nrf_log_module_cnt_get
                0x000000000000074c       0x14 Output/Debug/Obj/twi_sensor_pca10056/nrf_log_frontend.o
                0x000000000000074c                nrf_log_module_cnt_get
 .text.module_idx_get
                0x0000000000000760       0x64 Output/Debug/Obj/twi_sensor_pca10056/nrf_log_frontend.o
 .text.nrf_log_module_name_get
                0x00000000000007c4       0x40 Output/Debug/Obj/twi_sensor_pca10056/nrf_log_frontend.o
                0x00000000000007c4                nrf_log_module_name_get
 .text.nrf_log_color_id_get
                0x0000000000000804       0x70 Output/Debug/Obj/twi_sensor_pca10056/nrf_log_frontend.o
                0x0000000000000804                nrf_log_color_id_get
 .text.invalid_packets_omit
                0x0000000000000874       0x6e Output/Debug/Obj/twi_sensor_pca10056/nrf_log_frontend.o
 *fill*         0x00000000000008e2        0x2 
 .text.log_skip
                0x00000000000008e4      0x118 Output/Debug/Obj/twi_sensor_pca10056/nrf_log_frontend.o
 .text.dropped_sat16_get
                0x00000000000009fc       0x28 Output/Debug/Obj/twi_sensor_pca10056/nrf_log_frontend.o
 .text.std_header_set
                0x0000000000000a24       0xb4 Output/Debug/Obj/twi_sensor_pca10056/nrf_log_frontend.o
 .text.buf_prealloc
                0x0000000000000ad8      0x128 Output/Debug/Obj/twi_sensor_pca10056/nrf_log_frontend.o
 .text.std_n    0x0000000000000c00       0x90 Output/Debug/Obj/twi_sensor_pca10056/nrf_log_frontend.o
 .text.nrf_log_frontend_std_0
                0x0000000000000c90       0x1c Output/Debug/Obj/twi_sensor_pca10056/nrf_log_frontend.o
                0x0000000000000c90                nrf_log_frontend_std_0
 .text.nrf_log_frontend_std_1
                0x0000000000000cac       0x22 Output/Debug/Obj/twi_sensor_pca10056/nrf_log_frontend.o
                0x0000000000000cac                nrf_log_frontend_std_1
 .text.nrf_log_frontend_std_2
                0x0000000000000cce       0x28 Output/Debug/Obj/twi_sensor_pca10056/nrf_log_frontend.o
                0x0000000000000cce                nrf_log_frontend_std_2
 .text.nrf_log_frontend_std_3
                0x0000000000000cf6       0x2c Output/Debug/Obj/twi_sensor_pca10056/nrf_log_frontend.o
                0x0000000000000cf6                nrf_log_frontend_std_3
 .text.nrf_log_frontend_std_5
                0x0000000000000d22       0x34 Output/Debug/Obj/twi_sensor_pca10056/nrf_log_frontend.o
                0x0000000000000d22                nrf_log_frontend_std_5
 *fill*         0x0000000000000d56        0x2 
 .text.buffer_is_empty
                0x0000000000000d58       0x1c Output/Debug/Obj/twi_sensor_pca10056/nrf_log_frontend.o
                0x0000000000000d58                buffer_is_empty
 .text.nrf_log_frontend_dequeue
                0x0000000000000d74      0x3a0 Output/Debug/Obj/twi_sensor_pca10056/nrf_log_frontend.o
                0x0000000000000d74                nrf_log_frontend_dequeue
 .text.backend_id_assign
                0x0000000000001114       0x68 Output/Debug/Obj/twi_sensor_pca10056/nrf_log_frontend.o
 .text.nrf_log_backend_add
                0x000000000000117c       0x70 Output/Debug/Obj/twi_sensor_pca10056/nrf_log_frontend.o
                0x000000000000117c                nrf_log_backend_add
 .text.nrf_log_panic
                0x00000000000011ec       0x3c Output/Debug/Obj/twi_sensor_pca10056/nrf_log_frontend.o
                0x00000000000011ec                nrf_log_panic
 .text.timestamp_print
                0x0000000000001228        0xc Output/Debug/Obj/twi_sensor_pca10056/nrf_log_str_formatter.o
 .text.prefix_process
                0x0000000000001234       0xb0 Output/Debug/Obj/twi_sensor_pca10056/nrf_log_str_formatter.o
 .text.postfix_process
                0x00000000000012e4       0x60 Output/Debug/Obj/twi_sensor_pca10056/nrf_log_str_formatter.o
 .text.nrf_log_std_entry_process
                0x0000000000001344      0x144 Output/Debug/Obj/twi_sensor_pca10056/nrf_log_str_formatter.o
                0x0000000000001344                nrf_log_std_entry_process
 .text.nrf_log_hexdump_entry_process
                0x0000000000001488       0xf0 Output/Debug/Obj/twi_sensor_pca10056/nrf_log_str_formatter.o
                0x0000000000001488                nrf_log_hexdump_entry_process
 .text.app_error_save_and_stop
                0x0000000000001578       0x98 Output/Debug/Obj/twi_sensor_pca10056/app_error.o
                0x0000000000001578                app_error_save_and_stop
 .text.app_error_handler
                0x0000000000001610       0x1c Output/Debug/Obj/twi_sensor_pca10056/app_error_handler_gcc.o
                0x0000000000001610                app_error_handler
 .text.app_error_fault_handler
                0x000000000000162c      0x104 Output/Debug/Obj/twi_sensor_pca10056/app_error_weak.o
                0x000000000000162c                app_error_fault_handler
 .text.app_util_disable_irq
                0x0000000000001730       0x18 Output/Debug/Obj/twi_sensor_pca10056/app_util_platform.o
                0x0000000000001730                app_util_disable_irq
 .text.app_util_enable_irq
                0x0000000000001748       0x20 Output/Debug/Obj/twi_sensor_pca10056/app_util_platform.o
                0x0000000000001748                app_util_enable_irq
 .text.app_util_critical_region_enter
                0x0000000000001768       0x28 Output/Debug/Obj/twi_sensor_pca10056/app_util_platform.o
                0x0000000000001768                app_util_critical_region_enter
 .text.app_util_critical_region_exit
                0x0000000000001790       0x2c Output/Debug/Obj/twi_sensor_pca10056/app_util_platform.o
                0x0000000000001790                app_util_critical_region_exit
 .text.privilege_level_get
                0x00000000000017bc       0x3a Output/Debug/Obj/twi_sensor_pca10056/app_util_platform.o
                0x00000000000017bc                privilege_level_get
 .text.assert_nrf_callback
                0x00000000000017f6       0x2c Output/Debug/Obj/twi_sensor_pca10056/nrf_assert.o
                0x00000000000017f6                assert_nrf_callback
 .text.nrf_atomic_u32_fetch_store
                0x0000000000001822       0x2e Output/Debug/Obj/twi_sensor_pca10056/nrf_atomic.o
                0x0000000000001822                nrf_atomic_u32_fetch_store
 .text.nrf_atomic_u32_or
                0x0000000000001850       0x30 Output/Debug/Obj/twi_sensor_pca10056/nrf_atomic.o
                0x0000000000001850                nrf_atomic_u32_or
 .text.nrf_atomic_u32_fetch_and
                0x0000000000001880       0x30 Output/Debug/Obj/twi_sensor_pca10056/nrf_atomic.o
                0x0000000000001880                nrf_atomic_u32_fetch_and
 .text.nrf_atomic_u32_add
                0x00000000000018b0       0x30 Output/Debug/Obj/twi_sensor_pca10056/nrf_atomic.o
                0x00000000000018b0                nrf_atomic_u32_add
 .text.nrf_atomic_u32_sub
                0x00000000000018e0       0x30 Output/Debug/Obj/twi_sensor_pca10056/nrf_atomic.o
                0x00000000000018e0                nrf_atomic_u32_sub
 .text.nrf_atomic_flag_set
                0x0000000000001910       0x18 Output/Debug/Obj/twi_sensor_pca10056/nrf_atomic.o
                0x0000000000001910                nrf_atomic_flag_set
 .text.nrf_atomic_flag_clear_fetch
                0x0000000000001928       0x18 Output/Debug/Obj/twi_sensor_pca10056/nrf_atomic.o
                0x0000000000001928                nrf_atomic_flag_clear_fetch
 .text.nrf_balloc_idx2block
                0x0000000000001940       0x38 Output/Debug/Obj/twi_sensor_pca10056/nrf_balloc.o
 .text.nrf_balloc_block2idx
                0x0000000000001978       0x34 Output/Debug/Obj/twi_sensor_pca10056/nrf_balloc.o
 .text.nrf_balloc_init
                0x00000000000019ac       0xb8 Output/Debug/Obj/twi_sensor_pca10056/nrf_balloc.o
                0x00000000000019ac                nrf_balloc_init
 .text.nrf_balloc_alloc
                0x0000000000001a64       0x84 Output/Debug/Obj/twi_sensor_pca10056/nrf_balloc.o
                0x0000000000001a64                nrf_balloc_alloc
 .text.nrf_balloc_free
                0x0000000000001ae8       0x58 Output/Debug/Obj/twi_sensor_pca10056/nrf_balloc.o
                0x0000000000001ae8                nrf_balloc_free
 .text.nrf_fprintf_buffer_flush
                0x0000000000001b40       0x44 Output/Debug/Obj/twi_sensor_pca10056/nrf_fprintf.o
                0x0000000000001b40                nrf_fprintf_buffer_flush
 .text.nrf_fprintf
                0x0000000000001b84       0x74 Output/Debug/Obj/twi_sensor_pca10056/nrf_fprintf.o
                0x0000000000001b84                nrf_fprintf
 .text.buffer_add
                0x0000000000001bf8       0x3c Output/Debug/Obj/twi_sensor_pca10056/nrf_fprintf_format.o
 .text.string_print
                0x0000000000001c34       0xc2 Output/Debug/Obj/twi_sensor_pca10056/nrf_fprintf_format.o
 *fill*         0x0000000000001cf6        0x2 
 .text.unsigned_print
                0x0000000000001cf8      0x130 Output/Debug/Obj/twi_sensor_pca10056/nrf_fprintf_format.o
 .text.int_print
                0x0000000000001e28      0x11c Output/Debug/Obj/twi_sensor_pca10056/nrf_fprintf_format.o
 .text.nrf_fprintf_fmt
                0x0000000000001f44      0x388 Output/Debug/Obj/twi_sensor_pca10056/nrf_fprintf_format.o
                0x0000000000001f44                nrf_fprintf_fmt
 .text.nrf_memobj_pool_init
                0x00000000000022cc       0x16 Output/Debug/Obj/twi_sensor_pca10056/nrf_memobj.o
                0x00000000000022cc                nrf_memobj_pool_init
 .text.nrf_memobj_alloc
                0x00000000000022e2       0xae Output/Debug/Obj/twi_sensor_pca10056/nrf_memobj.o
                0x00000000000022e2                nrf_memobj_alloc
 .text.nrf_memobj_free
                0x0000000000002390       0x74 Output/Debug/Obj/twi_sensor_pca10056/nrf_memobj.o
                0x0000000000002390                nrf_memobj_free
 .text.nrf_memobj_get
                0x0000000000002404       0x1e Output/Debug/Obj/twi_sensor_pca10056/nrf_memobj.o
                0x0000000000002404                nrf_memobj_get
 .text.nrf_memobj_put
                0x0000000000002422       0x34 Output/Debug/Obj/twi_sensor_pca10056/nrf_memobj.o
                0x0000000000002422                nrf_memobj_put
 *fill*         0x0000000000002456        0x2 
 .text.memobj_op
                0x0000000000002458      0x124 Output/Debug/Obj/twi_sensor_pca10056/nrf_memobj.o
 .text.nrf_memobj_write
                0x000000000000257c       0x3c Output/Debug/Obj/twi_sensor_pca10056/nrf_memobj.o
                0x000000000000257c                nrf_memobj_write
 .text.nrf_memobj_read
                0x00000000000025b8       0x40 Output/Debug/Obj/twi_sensor_pca10056/nrf_memobj.o
                0x00000000000025b8                nrf_memobj_read
 .text.nrf_ringbuf_init
                0x00000000000025f8       0x3a Output/Debug/Obj/twi_sensor_pca10056/nrf_ringbuf.o
                0x00000000000025f8                nrf_ringbuf_init
 *fill*         0x0000000000002632        0x2 
 .text.nrf_strerror_get
                0x0000000000002634       0x28 Output/Debug/Obj/twi_sensor_pca10056/nrf_strerror.o
                0x0000000000002634                nrf_strerror_get
 .text.nrf_strerror_find
                0x000000000000265c       0x68 Output/Debug/Obj/twi_sensor_pca10056/nrf_strerror.o
                0x000000000000265c                nrf_strerror_find
 .text.lsm9ds1_read_reg
                0x00000000000026c4       0x34 Output/Debug/Obj/twi_sensor_pca10056/lsm9ds1_reg.o
                0x00000000000026c4                lsm9ds1_read_reg
 .text.lsm9ds1_write_reg
                0x00000000000026f8       0x34 Output/Debug/Obj/twi_sensor_pca10056/lsm9ds1_reg.o
                0x00000000000026f8                lsm9ds1_write_reg
 .text.lsm9ds1_from_fs4g_to_mg
                0x000000000000272c       0x28 Output/Debug/Obj/twi_sensor_pca10056/lsm9ds1_reg.o
                0x000000000000272c                lsm9ds1_from_fs4g_to_mg
 .text.lsm9ds1_gy_full_scale_set
                0x0000000000002754       0x4e Output/Debug/Obj/twi_sensor_pca10056/lsm9ds1_reg.o
                0x0000000000002754                lsm9ds1_gy_full_scale_set
 .text.lsm9ds1_imu_data_rate_set
                0x00000000000027a2       0xd0 Output/Debug/Obj/twi_sensor_pca10056/lsm9ds1_reg.o
                0x00000000000027a2                lsm9ds1_imu_data_rate_set
 .text.lsm9ds1_xl_full_scale_set
                0x0000000000002872       0x4e Output/Debug/Obj/twi_sensor_pca10056/lsm9ds1_reg.o
                0x0000000000002872                lsm9ds1_xl_full_scale_set
 .text.lsm9ds1_block_data_update_set
                0x00000000000028c0       0xa8 Output/Debug/Obj/twi_sensor_pca10056/lsm9ds1_reg.o
                0x00000000000028c0                lsm9ds1_block_data_update_set
 .text.lsm9ds1_mag_data_rate_set
                0x0000000000002968      0x10c Output/Debug/Obj/twi_sensor_pca10056/lsm9ds1_reg.o
                0x0000000000002968                lsm9ds1_mag_data_rate_set
 .text.lsm9ds1_mag_full_scale_set
                0x0000000000002a74       0x4e Output/Debug/Obj/twi_sensor_pca10056/lsm9ds1_reg.o
                0x0000000000002a74                lsm9ds1_mag_full_scale_set
 .text.lsm9ds1_angular_rate_raw_get
                0x0000000000002ac2       0x20 Output/Debug/Obj/twi_sensor_pca10056/lsm9ds1_reg.o
                0x0000000000002ac2                lsm9ds1_angular_rate_raw_get
 .text.lsm9ds1_acceleration_raw_get
                0x0000000000002ae2       0x20 Output/Debug/Obj/twi_sensor_pca10056/lsm9ds1_reg.o
                0x0000000000002ae2                lsm9ds1_acceleration_raw_get
 .text.lsm9ds1_dev_id_get
                0x0000000000002b02       0x38 Output/Debug/Obj/twi_sensor_pca10056/lsm9ds1_reg.o
                0x0000000000002b02                lsm9ds1_dev_id_get
 .text.lsm9ds1_dev_status_get
                0x0000000000002b3a       0x38 Output/Debug/Obj/twi_sensor_pca10056/lsm9ds1_reg.o
                0x0000000000002b3a                lsm9ds1_dev_status_get
 .text.lsm9ds1_dev_reset_set
                0x0000000000002b72       0x8e Output/Debug/Obj/twi_sensor_pca10056/lsm9ds1_reg.o
                0x0000000000002b72                lsm9ds1_dev_reset_set
 .text.lsm9ds1_dev_reset_get
                0x0000000000002c00       0x54 Output/Debug/Obj/twi_sensor_pca10056/lsm9ds1_reg.o
                0x0000000000002c00                lsm9ds1_dev_reset_get
 .text.lsm9ds1_gy_filter_lp_bandwidth_set
                0x0000000000002c54       0x4e Output/Debug/Obj/twi_sensor_pca10056/lsm9ds1_reg.o
                0x0000000000002c54                lsm9ds1_gy_filter_lp_bandwidth_set
 .text.lsm9ds1_gy_filter_out_path_set
                0x0000000000002ca2       0x8e Output/Debug/Obj/twi_sensor_pca10056/lsm9ds1_reg.o
                0x0000000000002ca2                lsm9ds1_gy_filter_out_path_set
 .text.lsm9ds1_gy_filter_hp_bandwidth_set
                0x0000000000002d30       0x4e Output/Debug/Obj/twi_sensor_pca10056/lsm9ds1_reg.o
                0x0000000000002d30                lsm9ds1_gy_filter_hp_bandwidth_set
 .text.lsm9ds1_xl_filter_aalias_bandwidth_set
                0x0000000000002d7e       0x66 Output/Debug/Obj/twi_sensor_pca10056/lsm9ds1_reg.o
                0x0000000000002d7e                lsm9ds1_xl_filter_aalias_bandwidth_set
 .text.lsm9ds1_xl_filter_out_path_set
                0x0000000000002de4       0x4e Output/Debug/Obj/twi_sensor_pca10056/lsm9ds1_reg.o
                0x0000000000002de4                lsm9ds1_xl_filter_out_path_set
 .text.lsm9ds1_xl_filter_lp_bandwidth_set
                0x0000000000002e32       0x66 Output/Debug/Obj/twi_sensor_pca10056/lsm9ds1_reg.o
                0x0000000000002e32                lsm9ds1_xl_filter_lp_bandwidth_set
 .text.nrfx_coredep_delay_us
                0x0000000000002e98       0x30 Output/Debug/Obj/twi_sensor_pca10056/nrf_drv_twi.o
 .text.nrf_gpio_pin_port_decode
                0x0000000000002ec8       0x4c Output/Debug/Obj/twi_sensor_pca10056/nrf_drv_twi.o
 .text.nrf_gpio_pin_set
                0x0000000000002f14       0x28 Output/Debug/Obj/twi_sensor_pca10056/nrf_drv_twi.o
 .text.nrf_gpio_pin_clear
                0x0000000000002f3c       0x28 Output/Debug/Obj/twi_sensor_pca10056/nrf_drv_twi.o
 .text.nrf_gpio_pin_read
                0x0000000000002f64       0x2a Output/Debug/Obj/twi_sensor_pca10056/nrf_drv_twi.o
 .text.nrf_gpio_port_in_read
                0x0000000000002f8e       0x10 Output/Debug/Obj/twi_sensor_pca10056/nrf_drv_twi.o
 .text.nrf_gpio_port_out_set
                0x0000000000002f9e       0x14 Output/Debug/Obj/twi_sensor_pca10056/nrf_drv_twi.o
 .text.nrf_gpio_port_out_clear
                0x0000000000002fb2       0x14 Output/Debug/Obj/twi_sensor_pca10056/nrf_drv_twi.o
 .text.nrf_gpio_pin_present_check
                0x0000000000002fc6       0x50 Output/Debug/Obj/twi_sensor_pca10056/nrf_drv_twi.o
 .text.twi_clear_bus
                0x0000000000003016       0xde Output/Debug/Obj/twi_sensor_pca10056/nrf_drv_twi.o
 .text.twim_evt_handler
                0x00000000000030f4       0x6c Output/Debug/Obj/twi_sensor_pca10056/nrf_drv_twi.o
 .text.nrf_drv_twi_init
                0x0000000000003160       0x68 Output/Debug/Obj/twi_sensor_pca10056/nrf_drv_twi.o
                0x0000000000003160                nrf_drv_twi_init
 .text.UARTE0_UART0_IRQHandler
                0x00000000000031c8       0x24 Output/Debug/Obj/twi_sensor_pca10056/nrfx_prs.o
                0x00000000000031c8                UARTE0_UART0_IRQHandler
 .text.prs_box_get
                0x00000000000031ec       0x20 Output/Debug/Obj/twi_sensor_pca10056/nrfx_prs.o
 .text.nrfx_prs_acquire
                0x000000000000320c       0x74 Output/Debug/Obj/twi_sensor_pca10056/nrfx_prs.o
                0x000000000000320c                nrfx_prs_acquire
 .text.__NVIC_EnableIRQ
                0x0000000000003280       0x34 Output/Debug/Obj/twi_sensor_pca10056/nrfx_twim.o
 .text.__NVIC_ClearPendingIRQ
                0x00000000000032b4       0x38 Output/Debug/Obj/twi_sensor_pca10056/nrfx_twim.o
 .text.__NVIC_SetPriority
                0x00000000000032ec       0x50 Output/Debug/Obj/twi_sensor_pca10056/nrfx_twim.o
 .text.nrfx_is_in_ram
                0x000000000000333c       0x1c Output/Debug/Obj/twi_sensor_pca10056/nrfx_twim.o
 .text.nrfx_get_irq_number
                0x0000000000003358       0x10 Output/Debug/Obj/twi_sensor_pca10056/nrfx_twim.o
 .text._NRFX_IRQ_PRIORITY_SET
                0x0000000000003368       0x40 Output/Debug/Obj/twi_sensor_pca10056/nrfx_twim.o
 .text._NRFX_IRQ_ENABLE
                0x00000000000033a8       0x1c Output/Debug/Obj/twi_sensor_pca10056/nrfx_twim.o
 .text._NRFX_IRQ_PENDING_CLEAR
                0x00000000000033c4       0x1c Output/Debug/Obj/twi_sensor_pca10056/nrfx_twim.o
 .text.nrf_twim_task_trigger
                0x00000000000033e0       0x1c Output/Debug/Obj/twi_sensor_pca10056/nrfx_twim.o
 .text.nrf_twim_event_clear
                0x00000000000033fc       0x2a Output/Debug/Obj/twi_sensor_pca10056/nrfx_twim.o
 .text.nrf_twim_event_check
                0x0000000000003426       0x24 Output/Debug/Obj/twi_sensor_pca10056/nrfx_twim.o
 .text.nrf_twim_int_enable
                0x000000000000344a       0x14 Output/Debug/Obj/twi_sensor_pca10056/nrfx_twim.o
 .text.nrf_twim_int_disable
                0x000000000000345e       0x14 Output/Debug/Obj/twi_sensor_pca10056/nrfx_twim.o
 .text.nrf_twim_enable
                0x0000000000003472       0x12 Output/Debug/Obj/twi_sensor_pca10056/nrfx_twim.o
 .text.nrf_twim_disable
                0x0000000000003484       0x12 Output/Debug/Obj/twi_sensor_pca10056/nrfx_twim.o
 .text.nrf_twim_pins_set
                0x0000000000003496       0x1e Output/Debug/Obj/twi_sensor_pca10056/nrfx_twim.o
 .text.nrf_twim_frequency_set
                0x00000000000034b4       0x14 Output/Debug/Obj/twi_sensor_pca10056/nrfx_twim.o
 .text.nrf_twim_errorsrc_get_and_clear
                0x00000000000034c8       0x1c Output/Debug/Obj/twi_sensor_pca10056/nrfx_twim.o
 .text.nrf_twim_address_set
                0x00000000000034e4       0x1a Output/Debug/Obj/twi_sensor_pca10056/nrfx_twim.o
 .text.nrf_twim_tx_buffer_set
                0x00000000000034fe       0x1e Output/Debug/Obj/twi_sensor_pca10056/nrfx_twim.o
 .text.nrf_twim_rx_buffer_set
                0x000000000000351c       0x1e Output/Debug/Obj/twi_sensor_pca10056/nrfx_twim.o
 .text.nrf_twim_shorts_set
                0x000000000000353a       0x14 Output/Debug/Obj/twi_sensor_pca10056/nrfx_twim.o
 .text.nrf_twim_txd_amount_get
                0x000000000000354e       0x10 Output/Debug/Obj/twi_sensor_pca10056/nrfx_twim.o
 .text.nrf_twim_shorts_get
                0x000000000000355e       0x10 Output/Debug/Obj/twi_sensor_pca10056/nrfx_twim.o
 .text.nrf_twim_rxd_amount_get
                0x000000000000356e       0x10 Output/Debug/Obj/twi_sensor_pca10056/nrfx_twim.o
 .text.nrf_twim_tx_list_enable
                0x000000000000357e       0x12 Output/Debug/Obj/twi_sensor_pca10056/nrfx_twim.o
 .text.nrf_twim_tx_list_disable
                0x0000000000003590       0x12 Output/Debug/Obj/twi_sensor_pca10056/nrfx_twim.o
 .text.nrf_twim_rx_list_enable
                0x00000000000035a2       0x12 Output/Debug/Obj/twi_sensor_pca10056/nrfx_twim.o
 .text.nrf_twim_rx_list_disable
                0x00000000000035b4       0x12 Output/Debug/Obj/twi_sensor_pca10056/nrfx_twim.o
 *fill*         0x00000000000035c6        0x2 
 .text.nrf_gpio_pin_port_decode
                0x00000000000035c8       0x4c Output/Debug/Obj/twi_sensor_pca10056/nrfx_twim.o
 .text.nrf_gpio_cfg
                0x0000000000003614       0x62 Output/Debug/Obj/twi_sensor_pca10056/nrfx_twim.o
 .text.nrf_gpio_pin_present_check
                0x0000000000003676       0x50 Output/Debug/Obj/twi_sensor_pca10056/nrfx_twim.o
 .text.twi_process_error
                0x00000000000036c6       0x40 Output/Debug/Obj/twi_sensor_pca10056/nrfx_twim.o
 *fill*         0x0000000000003706        0x2 
 .text.xfer_completeness_check
                0x0000000000003708       0xfc Output/Debug/Obj/twi_sensor_pca10056/nrfx_twim.o
 .text.nrfx_twim_init
                0x0000000000003804      0x148 Output/Debug/Obj/twi_sensor_pca10056/nrfx_twim.o
                0x0000000000003804                nrfx_twim_init
 .text.nrfx_twim_enable
                0x000000000000394c       0x50 Output/Debug/Obj/twi_sensor_pca10056/nrfx_twim.o
                0x000000000000394c                nrfx_twim_enable
 .text.twim_list_enable_handle
                0x000000000000399c       0x40 Output/Debug/Obj/twi_sensor_pca10056/nrfx_twim.o
 .text.twim_xfer
                0x00000000000039dc      0x440 Output/Debug/Obj/twi_sensor_pca10056/nrfx_twim.o
 .text.nrfx_twim_xfer
                0x0000000000003e1c       0x9c Output/Debug/Obj/twi_sensor_pca10056/nrfx_twim.o
                0x0000000000003e1c                nrfx_twim_xfer
 .text.nrfx_twim_tx
                0x0000000000003eb8       0x50 Output/Debug/Obj/twi_sensor_pca10056/nrfx_twim.o
                0x0000000000003eb8                nrfx_twim_tx
 .text.nrfx_twim_rx
                0x0000000000003f08       0x44 Output/Debug/Obj/twi_sensor_pca10056/nrfx_twim.o
                0x0000000000003f08                nrfx_twim_rx
 .text.twim_irq_handler
                0x0000000000003f4c      0x2a4 Output/Debug/Obj/twi_sensor_pca10056/nrfx_twim.o
 .text.SPIM0_SPIS0_TWIM0_TWIS0_SPI0_TWI0_IRQHandler
                0x00000000000041f0       0x18 Output/Debug/Obj/twi_sensor_pca10056/nrfx_twim.o
                0x00000000000041f0                SPIM0_SPIS0_TWIM0_TWIS0_SPI0_TWI0_IRQHandler
 .text.nrfx_coredep_delay_us
                0x0000000000004208       0x30 Output/Debug/Obj/twi_sensor_pca10056/main.o
 .text.nrf_gpio_pin_port_decode
                0x0000000000004238       0x4c Output/Debug/Obj/twi_sensor_pca10056/main.o
 .text.nrf_gpio_cfg
                0x0000000000004284       0x62 Output/Debug/Obj/twi_sensor_pca10056/main.o
 .text.nrf_gpio_pin_set
                0x00000000000042e6       0x28 Output/Debug/Obj/twi_sensor_pca10056/main.o
 .text.nrf_gpio_port_out_set
                0x000000000000430e       0x14 Output/Debug/Obj/twi_sensor_pca10056/main.o
 .text.nrf_gpio_pin_present_check
                0x0000000000004322       0x50 Output/Debug/Obj/twi_sensor_pca10056/main.o
 .text.nrf_drv_twi_enable
                0x0000000000004372       0x18 Output/Debug/Obj/twi_sensor_pca10056/main.o
 .text.nrf_drv_twi_tx
                0x000000000000438a       0x40 Output/Debug/Obj/twi_sensor_pca10056/main.o
 .text.nrf_drv_twi_rx
                0x00000000000043ca       0x38 Output/Debug/Obj/twi_sensor_pca10056/main.o
 .text.nrf_delay_ms
                0x0000000000004402       0x2a Output/Debug/Obj/twi_sensor_pca10056/main.o
 .text.platform_read
                0x000000000000442c       0x68 Output/Debug/Obj/twi_sensor_pca10056/main.o
 .text.platform_write
                0x0000000000004494       0xe0 Output/Debug/Obj/twi_sensor_pca10056/main.o
 .text.twi_init
                0x0000000000004574       0x5c Output/Debug/Obj/twi_sensor_pca10056/main.o
                0x0000000000004574                twi_init
 .text.main     0x00000000000045d0      0x584 Output/Debug/Obj/twi_sensor_pca10056/main.o
                0x00000000000045d0                main
 .text._DoInit  0x0000000000004b54       0x9c Output/Debug/Obj/twi_sensor_pca10056/SEGGER_RTT.o
 .text._WriteBlocking
                0x0000000000004bf0       0xb2 Output/Debug/Obj/twi_sensor_pca10056/SEGGER_RTT.o
 .text._WriteNoCheck
                0x0000000000004ca2       0x7e Output/Debug/Obj/twi_sensor_pca10056/SEGGER_RTT.o
 .text._GetAvailWriteSpace
                0x0000000000004d20       0x3c Output/Debug/Obj/twi_sensor_pca10056/SEGGER_RTT.o
 .text.SEGGER_RTT_WriteNoLock
                0x0000000000004d5c       0xa0 Output/Debug/Obj/twi_sensor_pca10056/SEGGER_RTT.o
                0x0000000000004d5c                SEGGER_RTT_WriteNoLock
 .text.SEGGER_RTT_Init
                0x0000000000004dfc        0xa Output/Debug/Obj/twi_sensor_pca10056/SEGGER_RTT.o
                0x0000000000004dfc                SEGGER_RTT_Init
 *fill*         0x0000000000004e06        0x2 
 .text.__NVIC_SystemReset
                0x0000000000004e08       0x28 Output/Debug/Obj/twi_sensor_pca10056/system_nrf52840.o
 .text.nrf52_errata_36
                0x0000000000004e30       0x64 Output/Debug/Obj/twi_sensor_pca10056/system_nrf52840.o
 .text.nrf52_errata_66
                0x0000000000004e94       0x64 Output/Debug/Obj/twi_sensor_pca10056/system_nrf52840.o
 .text.nrf52_errata_98
                0x0000000000004ef8       0x64 Output/Debug/Obj/twi_sensor_pca10056/system_nrf52840.o
 .text.nrf52_errata_103
                0x0000000000004f5c       0x64 Output/Debug/Obj/twi_sensor_pca10056/system_nrf52840.o
 .text.nrf52_errata_115
                0x0000000000004fc0       0x64 Output/Debug/Obj/twi_sensor_pca10056/system_nrf52840.o
 .text.nrf52_errata_120
                0x0000000000005024       0x64 Output/Debug/Obj/twi_sensor_pca10056/system_nrf52840.o
 .text.nrf52_errata_136
                0x0000000000005088       0x64 Output/Debug/Obj/twi_sensor_pca10056/system_nrf52840.o
 .text.nrf52_errata_249
                0x00000000000050ec       0x64 Output/Debug/Obj/twi_sensor_pca10056/system_nrf52840.o
 .text.nrf52_handle_approtect
                0x0000000000005150       0x20 Output/Debug/Obj/twi_sensor_pca10056/system_nrf52840.o
 .text.nvmc_wait
                0x0000000000005170       0x18 Output/Debug/Obj/twi_sensor_pca10056/system_nrf52840.o
                0x0000000000005170                nvmc_wait
 .text.nvmc_config
                0x0000000000005188       0x20 Output/Debug/Obj/twi_sensor_pca10056/system_nrf52840.o
                0x0000000000005188                nvmc_config
 .text.SystemCoreClockUpdate
                0x00000000000051a8       0x14 Output/Debug/Obj/twi_sensor_pca10056/system_nrf52840.o
                0x00000000000051a8                SystemCoreClockUpdate
 .text.SystemInit
                0x00000000000051bc      0x228 Output/Debug/Obj/twi_sensor_pca10056/system_nrf52840.o
                0x00000000000051bc                SystemInit
 .text.libc.__SEGGER_RTL_ascii_mbtowc
                0x00000000000053e4       0x30 C:/Program Files/SEGGER/SEGGER Embedded Studio for ARM 7.10a/lib/libc_v7em_fpv4_sp_d16_hard_t_le_eabi_balanced.a(mbops.o)
                0x00000000000053e4                __SEGGER_RTL_ascii_mbtowc
 .text.libc.__SEGGER_RTL_ascii_wctomb
                0x0000000000005414        0xe C:/Program Files/SEGGER/SEGGER Embedded Studio for ARM 7.10a/lib/libc_v7em_fpv4_sp_d16_hard_t_le_eabi_balanced.a(mbops.o)
                0x0000000000005414                __SEGGER_RTL_ascii_wctomb
 .text.libc.__SEGGER_RTL_isctype
                0x0000000000005422       0x20 C:/Program Files/SEGGER/SEGGER Embedded Studio for ARM 7.10a/lib/libc_v7em_fpv4_sp_d16_hard_t_le_eabi_balanced.a(mbops.o)
 .text.libc.isprint
                0x0000000000005442        0x6 C:/Program Files/SEGGER/SEGGER Embedded Studio for ARM 7.10a/lib/libc_v7em_fpv4_sp_d16_hard_t_le_eabi_balanced.a(mbops.o)
                0x0000000000005442                isprint
 .text.libc.__SEGGER_RTL_ascii_isctype
                0x0000000000005448       0x20 C:/Program Files/SEGGER/SEGGER Embedded Studio for ARM 7.10a/lib/libc_v7em_fpv4_sp_d16_hard_t_le_eabi_balanced.a(mbops.o)
 .text.libc.__SEGGER_RTL_ascii_toupper
                0x0000000000005468        0xc C:/Program Files/SEGGER/SEGGER Embedded Studio for ARM 7.10a/lib/libc_v7em_fpv4_sp_d16_hard_t_le_eabi_balanced.a(mbops.o)
 .text.libc.__SEGGER_RTL_ascii_tolower
                0x0000000000005474        0xc C:/Program Files/SEGGER/SEGGER Embedded Studio for ARM 7.10a/lib/libc_v7em_fpv4_sp_d16_hard_t_le_eabi_balanced.a(mbops.o)
 .text.libc.__SEGGER_RTL_ascii_iswctype
                0x0000000000005480       0x20 C:/Program Files/SEGGER/SEGGER Embedded Studio for ARM 7.10a/lib/libc_v7em_fpv4_sp_d16_hard_t_le_eabi_balanced.a(mbops.o)
 .text.libc.__SEGGER_RTL_ascii_towupper
                0x00000000000054a0        0xc C:/Program Files/SEGGER/SEGGER Embedded Studio for ARM 7.10a/lib/libc_v7em_fpv4_sp_d16_hard_t_le_eabi_balanced.a(mbops.o)
 .text.libc.__SEGGER_RTL_ascii_towlower
                0x00000000000054ac        0xc C:/Program Files/SEGGER/SEGGER Embedded Studio for ARM 7.10a/lib/libc_v7em_fpv4_sp_d16_hard_t_le_eabi_balanced.a(mbops.o)
 .text.libc.strlen
                0x00000000000054b8       0x60 C:/Program Files/SEGGER/SEGGER Embedded Studio for ARM 7.10a/lib/libc_v7em_fpv4_sp_d16_hard_t_le_eabi_balanced.a(strasmops_arm.o)
                0x00000000000054b8                strlen
 .text.libc.memcpy
                0x0000000000005518       0x64 C:/Program Files/SEGGER/SEGGER Embedded Studio for ARM 7.10a/lib/libc_v7em_fpv4_sp_d16_hard_t_le_eabi_balanced.a(strasmops_arm.o)
                0x0000000000005518                __aeabi_memcpy
                0x0000000000005518                memcpy
                0x000000000000553a                __aeabi_memcpy8
                0x000000000000553a                __aeabi_memcpy4
 .text.libc.__aeabi_memclr
                0x000000000000557c       0x68 C:/Program Files/SEGGER/SEGGER Embedded Studio for ARM 7.10a/lib/libc_v7em_fpv4_sp_d16_hard_t_le_eabi_balanced.a(strasmops_arm.o)
                0x000000000000557c                __aeabi_memclr8
                0x000000000000557c                __aeabi_memclr
                0x000000000000557c                __aeabi_memclr4
                0x000000000000557e                __aeabi_memset4
                0x000000000000557e                __aeabi_memset8
                0x000000000000557e                __aeabi_memset
                0x0000000000005584                memset
 .text.libc.__SEGGER_RTL_init_heap
                0x00000000000055e4       0x14 C:/Program Files/SEGGER/SEGGER Embedded Studio for ARM 7.10a/lib/heapops_basic_v7em_fpv4_sp_d16_hard_t_le_eabi_balanced.a(heapops_basic.o)
                0x00000000000055e4                __SEGGER_RTL_init_heap
                0x00000000000055f8                __text_end__ = (__text_start__ + SIZEOF (.text))
                0x000000000000522c                __text_size__ = SIZEOF (.text)
                0x00000000000055f8                __text_load_end__ = __text_end__

.vfp11_veneer   0x0000000100000000        0x0
 .vfp11_veneer  0x0000000100000000        0x0 linker stubs

.v4_bx          0x0000000100000000        0x0
 .v4_bx         0x0000000100000000        0x0 linker stubs

.iplt           0x0000000100000000        0x0
 .iplt          0x0000000100000000        0x0 Output/Debug/Obj/twi_sensor_pca10056/thumb_crt0.o
                0x0000000000000001                . = ASSERT (((__text_start__ == __text_end__) || ((__text_end__ - __FLASH1_segment_start__) <= __FLASH1_segment_size__)), error: .text is too large to fit in FLASH1 memory segment)
                0x00000000000055f8                __log_const_data_load_start__ = ALIGN (__text_end__, 0x4)

.log_const_data
                0x00000000000055f8       0x28
                0x00000000000055f8                __log_const_data_start__ = .
                0x00000000000055f8                __start_log_const_data = __log_const_data_start__
 *(SORT_BY_NAME(.log_const_data*))
 .log_const_data_PRS
                0x00000000000055f8        0x8 Output/Debug/Obj/twi_sensor_pca10056/nrfx_prs.o
                0x00000000000055f8                m_nrf_log_PRS_logs_data_const
 .log_const_data_TWIM
                0x0000000000005600        0x8 Output/Debug/Obj/twi_sensor_pca10056/nrfx_twim.o
                0x0000000000005600                m_nrf_log_TWIM_logs_data_const
 .log_const_data_UART
                0x0000000000005608        0x8 Output/Debug/Obj/twi_sensor_pca10056/nrfx_uart.o
                0x0000000000005608                m_nrf_log_UART_logs_data_const
 .log_const_data_UARTE
                0x0000000000005610        0x8 Output/Debug/Obj/twi_sensor_pca10056/nrfx_uarte.o
                0x0000000000005610                m_nrf_log_UARTE_logs_data_const
 .log_const_data_app
                0x0000000000005618        0x8 Output/Debug/Obj/twi_sensor_pca10056/nrf_log_frontend.o
                0x0000000000005618                m_nrf_log_app_logs_data_const
                0x0000000000005620                __log_const_data_end__ = (__log_const_data_start__ + SIZEOF (.log_const_data))
                0x0000000000000028                __log_const_data_size__ = SIZEOF (.log_const_data)
                0x0000000000005620                __stop_log_const_data = __log_const_data_end__
                0x0000000000005620                __log_const_data_load_end__ = __log_const_data_end__
                0x0000000000000001                . = ASSERT (((__log_const_data_start__ == __log_const_data_end__) || ((__log_const_data_end__ - __FLASH1_segment_start__) <= __FLASH1_segment_size__)), error: .log_const_data is too large to fit in FLASH1 memory segment)
                0x0000000000005620                __log_backends_load_start__ = ALIGN (__log_const_data_end__, 0x4)

.log_backends   0x0000000000005620       0x10
                0x0000000000005620                __log_backends_start__ = .
                0x0000000000005620                __start_log_backends = __log_backends_start__
 *(SORT_BY_NAME(.log_backends*))
 .log_backends  0x0000000000005620       0x10 Output/Debug/Obj/twi_sensor_pca10056/nrf_log_default_backends.o
                0x0000000000005630                __log_backends_end__ = (__log_backends_start__ + SIZEOF (.log_backends))
                0x0000000000000010                __log_backends_size__ = SIZEOF (.log_backends)
                0x0000000000005630                __stop_log_backends = __log_backends_end__
                0x0000000000005630                __log_backends_load_end__ = __log_backends_end__
                0x0000000000000001                . = ASSERT (((__log_backends_start__ == __log_backends_end__) || ((__log_backends_end__ - __FLASH1_segment_start__) <= __FLASH1_segment_size__)), error: .log_backends is too large to fit in FLASH1 memory segment)
                0x0000000000005630                __nrf_balloc_load_start__ = ALIGN (__log_backends_end__, 0x4)

.nrf_balloc     0x0000000000005630       0x14
                0x0000000000005630                __nrf_balloc_start__ = .
                0x0000000000005630                __start_nrf_balloc = __nrf_balloc_start__
 *(.nrf_balloc*)
 .nrf_balloc    0x0000000000005630       0x14 Output/Debug/Obj/twi_sensor_pca10056/nrf_log_frontend.o
                0x0000000000005630                log_mempool
                0x0000000000005644                __nrf_balloc_end__ = (__nrf_balloc_start__ + SIZEOF (.nrf_balloc))
                0x0000000000000014                __nrf_balloc_size__ = SIZEOF (.nrf_balloc)
                0x0000000000005644                __stop_nrf_balloc = __nrf_balloc_end__
                0x0000000000005644                __nrf_balloc_load_end__ = __nrf_balloc_end__
                0x0000000000000001                . = ASSERT (((__nrf_balloc_start__ == __nrf_balloc_end__) || ((__nrf_balloc_end__ - __FLASH1_segment_start__) <= __FLASH1_segment_size__)), error: .nrf_balloc is too large to fit in FLASH1 memory segment)
                0x0000000000005644                __nrf_sections_load_start__ = ALIGN (__nrf_balloc_end__, 0x4)

.nrf_sections   0x0000000000005644        0x0
                0x0000000000005644                __nrf_sections_start__ = .
                0x0000000000005644                __start_nrf_sections = __nrf_sections_start__
 *(.nrf_sections .nrf_sections.*)
                0x0000000000005644                __nrf_sections_end__ = (__nrf_sections_start__ + SIZEOF (.nrf_sections))
                0x0000000000000000                __nrf_sections_size__ = SIZEOF (.nrf_sections)
                0x0000000000005644                __nrf_sections_load_end__ = __nrf_sections_end__
                0x0000000000000001                . = ASSERT (((__nrf_sections_start__ == __nrf_sections_end__) || ((__nrf_sections_end__ - __FLASH1_segment_start__) <= __FLASH1_segment_size__)), error: .nrf_sections is too large to fit in FLASH1 memory segment)
                0x0000000000005644                __log_dynamic_data_load_start__ = ALIGN (__nrf_sections_end__, 0x4)

.log_dynamic_data
                0x0000000020000000        0x0 load address 0x0000000000005644
                0x0000000020000000                __log_dynamic_data_start__ = .
 *(SORT_BY_NAME(.log_dynamic_data*))
                0x0000000020000000                __log_dynamic_data_end__ = (__log_dynamic_data_start__ + SIZEOF (.log_dynamic_data))
                0x0000000000000000                __log_dynamic_data_size__ = SIZEOF (.log_dynamic_data)
                0x0000000000005644                __log_dynamic_data_load_end__ = (__log_dynamic_data_load_start__ + SIZEOF (.log_dynamic_data))
                0x0000000000000001                . = ASSERT (((__log_dynamic_data_load_start__ == __log_dynamic_data_load_end__) || ((__log_dynamic_data_load_end__ - __FLASH1_segment_start__) <= __FLASH1_segment_size__)), error: .log_dynamic_data is too large to fit in FLASH1 memory segment)

.log_dynamic_data_run
                0x0000000020000000        0x0
                0x0000000020000000                __log_dynamic_data_run_start__ = .
                0x0000000020000000                __start_log_dynamic_data = __log_dynamic_data_run_start__
                0x0000000020000000                __log_dynamic_data_run_end__ = (__log_dynamic_data_run_start__ + SIZEOF (.log_dynamic_data))
                0x0000000000000000                __log_dynamic_data_run_size__ = (__log_dynamic_data_run_end__ - __log_dynamic_data_run_start__)
                0x0000000020000000                __stop_log_dynamic_data = __log_dynamic_data_run_end__
                0x0000000020000000                __log_dynamic_data_run_load_end__ = __log_dynamic_data_run_end__
                0x0000000000000001                . = ASSERT (((__log_dynamic_data_run_start__ == __log_dynamic_data_run_end__) || ((__log_dynamic_data_run_end__ - __RAM1_segment_start__) <= __RAM1_segment_size__)), error: .log_dynamic_data_run is too large to fit in RAM1 memory segment)
                0x0000000000005644                __log_filter_data_load_start__ = ALIGN ((__log_dynamic_data_load_start__ + SIZEOF (.log_dynamic_data)), 0x4)

.log_filter_data
                0x0000000020000000        0x0 load address 0x0000000000005644
                0x0000000020000000                __log_filter_data_start__ = .
 *(SORT_BY_NAME(.log_filter_data*))
                0x0000000020000000                __log_filter_data_end__ = (__log_filter_data_start__ + SIZEOF (.log_filter_data))
                0x0000000000000000                __log_filter_data_size__ = SIZEOF (.log_filter_data)
                0x0000000000005644                __log_filter_data_load_end__ = (__log_filter_data_load_start__ + SIZEOF (.log_filter_data))
                0x0000000000000001                . = ASSERT (((__log_filter_data_load_start__ == __log_filter_data_load_end__) || ((__log_filter_data_load_end__ - __FLASH1_segment_start__) <= __FLASH1_segment_size__)), error: .log_filter_data is too large to fit in FLASH1 memory segment)

.log_filter_data_run
                0x0000000020000000        0x0
                0x0000000020000000                __log_filter_data_run_start__ = .
                0x0000000020000000                __start_log_filter_data = __log_filter_data_run_start__
                0x0000000020000000                __log_filter_data_run_end__ = (__log_filter_data_run_start__ + SIZEOF (.log_filter_data))
                0x0000000000000000                __log_filter_data_run_size__ = (__log_filter_data_run_end__ - __log_filter_data_run_start__)
                0x0000000020000000                __stop_log_filter_data = __log_filter_data_run_end__
                0x0000000020000000                __log_filter_data_run_load_end__ = __log_filter_data_run_end__
                0x0000000000000001                . = ASSERT (((__log_filter_data_run_start__ == __log_filter_data_run_end__) || ((__log_filter_data_run_end__ - __RAM1_segment_start__) <= __RAM1_segment_size__)), error: .log_filter_data_run is too large to fit in RAM1 memory segment)
                0x0000000020000000                __nrf_sections_run_end_load_start__ = ALIGN (__log_filter_data_run_end__, 0x4)

.nrf_sections_run_end
                0x0000000020000000        0x0
                0x0000000020000000                __nrf_sections_run_end_start__ = .
                0x0000000020000000                __end_nrf_sections_run = __nrf_sections_run_end_start__
 *(.nrf_sections_run_end .nrf_sections_run_end.*)
                0x0000000020000000                __nrf_sections_run_end_end__ = (__nrf_sections_run_end_start__ + SIZEOF (.nrf_sections_run_end))
                0x0000000000000000                __nrf_sections_run_end_size__ = SIZEOF (.nrf_sections_run_end)
                0x0000000020000000                __nrf_sections_run_end_load_end__ = __nrf_sections_run_end_end__
                0x0000000000000001                . = ASSERT (((__nrf_sections_run_end_start__ == __nrf_sections_run_end_end__) || ((__nrf_sections_run_end_end__ - __RAM1_segment_start__) <= __RAM1_segment_size__)), error: .nrf_sections_run_end is too large to fit in RAM1 memory segment)
                0x0000000000005644                __dtors_load_start__ = ALIGN ((__log_filter_data_load_start__ + SIZEOF (.log_filter_data)), 0x4)

.dtors          0x0000000000005644        0x0
                0x0000000000005644                __dtors_start__ = .
 *(SORT_BY_NAME(.dtors.*))
 *(.dtors)
 *(.fini_array)
 *(SORT_BY_NAME(.fini_array.*))
                0x0000000000005644                __dtors_end__ = (__dtors_start__ + SIZEOF (.dtors))
                0x0000000000000000                __dtors_size__ = SIZEOF (.dtors)
                0x0000000000005644                __dtors_load_end__ = __dtors_end__
                0x0000000000000001                . = ASSERT (((__dtors_start__ == __dtors_end__) || ((__dtors_end__ - __FLASH1_segment_start__) <= __FLASH1_segment_size__)), error: .dtors is too large to fit in FLASH1 memory segment)
                0x0000000000005644                __ctors_load_start__ = ALIGN (__dtors_end__, 0x4)

.ctors          0x0000000000005644        0x0
                0x0000000000005644                __ctors_start__ = .
 *(SORT_BY_NAME(.ctors.*))
 *(.ctors)
 *(.init_array)
 *(SORT_BY_NAME(.init_array.*))
                0x0000000000005644                __ctors_end__ = (__ctors_start__ + SIZEOF (.ctors))
                0x0000000000000000                __ctors_size__ = SIZEOF (.ctors)
                0x0000000000005644                __ctors_load_end__ = __ctors_end__
                0x0000000000000001                . = ASSERT (((__ctors_start__ == __ctors_end__) || ((__ctors_end__ - __FLASH1_segment_start__) <= __FLASH1_segment_size__)), error: .ctors is too large to fit in FLASH1 memory segment)
                0x0000000000005644                __rodata_load_start__ = ALIGN (__ctors_end__, 0x4)

.rodata         0x0000000000005644      0xf8d
                0x0000000000005644                __rodata_start__ = .
 *(.rodata .rodata.* .gnu.linkonce.r.*)
 .rodata.nrf_log_backend_rtt_api
                0x0000000000005644        0xc Output/Debug/Obj/twi_sensor_pca10056/nrf_log_backend_rtt.o
                0x0000000000005644                nrf_log_backend_rtt_api
 .rodata.delay_machine_code.0
                0x0000000000005650        0x6 Output/Debug/Obj/twi_sensor_pca10056/nrf_log_backend_rtt.o
 *fill*         0x0000000000005656        0x2 
 .rodata        0x0000000000005658       0x7a Output/Debug/Obj/twi_sensor_pca10056/nrf_log_default_backends.o
 *fill*         0x00000000000056d2        0x2 
 .rodata.m_log_push_ringbuf
                0x00000000000056d4        0xc Output/Debug/Obj/twi_sensor_pca10056/nrf_log_frontend.o
 .rodata        0x00000000000056e0       0x79 Output/Debug/Obj/twi_sensor_pca10056/nrf_log_frontend.o
 *fill*         0x0000000000005759        0x3 
 .rodata        0x000000000000575c       0xaa Output/Debug/Obj/twi_sensor_pca10056/nrf_log_str_formatter.o
 *fill*         0x0000000000005806        0x2 
 .rodata        0x0000000000005808       0x70 Output/Debug/Obj/twi_sensor_pca10056/app_error_weak.o
 .rodata        0x0000000000005878       0x60 Output/Debug/Obj/twi_sensor_pca10056/app_util_platform.o
 .rodata        0x00000000000058d8       0x5b Output/Debug/Obj/twi_sensor_pca10056/nrf_balloc.o
 *fill*         0x0000000000005933        0x1 
 .rodata        0x0000000000005934       0x51 Output/Debug/Obj/twi_sensor_pca10056/nrf_fprintf.o
 *fill*         0x0000000000005985        0x3 
 .rodata        0x0000000000005988       0x58 Output/Debug/Obj/twi_sensor_pca10056/nrf_fprintf_format.o
 .rodata._aV2C.0
                0x00000000000059e0       0x10 Output/Debug/Obj/twi_sensor_pca10056/nrf_fprintf_format.o
 .rodata        0x00000000000059f0       0x5b Output/Debug/Obj/twi_sensor_pca10056/nrf_memobj.o
 *fill*         0x0000000000005a4b        0x1 
 .rodata.m_unknown_str
                0x0000000000005a4c       0x13 Output/Debug/Obj/twi_sensor_pca10056/nrf_strerror.o
 *fill*         0x0000000000005a5f        0x1 
 .rodata        0x0000000000005a60      0x3d1 Output/Debug/Obj/twi_sensor_pca10056/nrf_strerror.o
 *fill*         0x0000000000005e31        0x3 
 .rodata.nrf_strerror_array
                0x0000000000005e34      0x120 Output/Debug/Obj/twi_sensor_pca10056/nrf_strerror.o
 .rodata        0x0000000000005f54       0x2e Output/Debug/Obj/twi_sensor_pca10056/nrf_drv_twi.o
 *fill*         0x0000000000005f82        0xe 
 .rodata.delay_machine_code.0
                0x0000000000005f90        0x6 Output/Debug/Obj/twi_sensor_pca10056/nrf_drv_twi.o
 *fill*         0x0000000000005f96        0x2 
 .rodata        0x0000000000005f98       0x5e Output/Debug/Obj/twi_sensor_pca10056/nrfx_prs.o
 *fill*         0x0000000000005ff6        0x2 
 .rodata        0x0000000000005ff8       0xbf Output/Debug/Obj/twi_sensor_pca10056/nrfx_twim.o
 *fill*         0x00000000000060b7        0x1 
 .rodata.irq_handlers.0
                0x00000000000060b8        0x4 Output/Debug/Obj/twi_sensor_pca10056/nrfx_twim.o
 .rodata        0x00000000000060bc       0xbf Output/Debug/Obj/twi_sensor_pca10056/nrfx_uart.o
 *fill*         0x000000000000617b        0x1 
 .rodata        0x000000000000617c       0xc0 Output/Debug/Obj/twi_sensor_pca10056/nrfx_uarte.o
 .rodata        0x000000000000623c      0x142 Output/Debug/Obj/twi_sensor_pca10056/main.o
 *fill*         0x000000000000637e        0x2 
 .rodata.m_twi  0x0000000000006380       0x10 Output/Debug/Obj/twi_sensor_pca10056/main.o
 .rodata.delay_machine_code.0
                0x0000000000006390        0x6 Output/Debug/Obj/twi_sensor_pca10056/main.o
 *fill*         0x0000000000006396        0x2 
 .rodata        0x0000000000006398       0x17 Output/Debug/Obj/twi_sensor_pca10056/SEGGER_RTT.o
 *fill*         0x00000000000063af        0x1 
 .rodata.libc.__SEGGER_RTL_c_locale
                0x00000000000063b0        0xc C:/Program Files/SEGGER/SEGGER Embedded Studio for ARM 7.10a/lib/libc_v7em_fpv4_sp_d16_hard_t_le_eabi_balanced.a(mbops.o)
                0x00000000000063b0                __SEGGER_RTL_c_locale
 .rodata.libc..L.str
                0x00000000000063bc        0x2 C:/Program Files/SEGGER/SEGGER Embedded Studio for ARM 7.10a/lib/libc_v7em_fpv4_sp_d16_hard_t_le_eabi_balanced.a(mbops.o)
 *fill*         0x00000000000063be        0x2 
 .rodata.libc.__SEGGER_RTL_codeset_ascii
                0x00000000000063c0       0x20 C:/Program Files/SEGGER/SEGGER Embedded Studio for ARM 7.10a/lib/libc_v7em_fpv4_sp_d16_hard_t_le_eabi_balanced.a(mbops.o)
                0x00000000000063c0                __SEGGER_RTL_codeset_ascii
 .rodata.libc.__SEGGER_RTL_c_locale_abbrev_day_names
                0x00000000000063e0       0x1d C:/Program Files/SEGGER/SEGGER Embedded Studio for ARM 7.10a/lib/libc_v7em_fpv4_sp_d16_hard_t_le_eabi_balanced.a(mbops.o)
                0x00000000000063e0                __SEGGER_RTL_c_locale_abbrev_day_names
 .rodata.libc.__SEGGER_RTL_c_locale_abbrev_month_names
                0x00000000000063fd       0x31 C:/Program Files/SEGGER/SEGGER Embedded Studio for ARM 7.10a/lib/libc_v7em_fpv4_sp_d16_hard_t_le_eabi_balanced.a(mbops.o)
                0x00000000000063fd                __SEGGER_RTL_c_locale_abbrev_month_names
 .rodata.libc.__SEGGER_RTL_data_utf8_period
                0x000000000000642e        0x2 C:/Program Files/SEGGER/SEGGER Embedded Studio for ARM 7.10a/lib/libc_v7em_fpv4_sp_d16_hard_t_le_eabi_balanced.a(mbops.o)
                0x000000000000642e                __SEGGER_RTL_data_utf8_period
 .rodata.libc.__SEGGER_RTL_data_empty_string
                0x0000000000006430        0x1 C:/Program Files/SEGGER/SEGGER Embedded Studio for ARM 7.10a/lib/libc_v7em_fpv4_sp_d16_hard_t_le_eabi_balanced.a(mbops.o)
                0x0000000000006430                __SEGGER_RTL_data_empty_string
 .rodata.libc.__SEGGER_RTL_c_locale_day_names
                0x0000000000006431       0x3a C:/Program Files/SEGGER/SEGGER Embedded Studio for ARM 7.10a/lib/libc_v7em_fpv4_sp_d16_hard_t_le_eabi_balanced.a(mbops.o)
 .rodata.libc.__SEGGER_RTL_c_locale_month_names
                0x000000000000646b       0x57 C:/Program Files/SEGGER/SEGGER Embedded Studio for ARM 7.10a/lib/libc_v7em_fpv4_sp_d16_hard_t_le_eabi_balanced.a(mbops.o)
 .rodata.libc.__SEGGER_RTL_c_locale_am_pm_indicator
                0x00000000000064c2        0x7 C:/Program Files/SEGGER/SEGGER Embedded Studio for ARM 7.10a/lib/libc_v7em_fpv4_sp_d16_hard_t_le_eabi_balanced.a(mbops.o)
 .rodata.libc.__SEGGER_RTL_c_locale_date_format
                0x00000000000064c9        0x9 C:/Program Files/SEGGER/SEGGER Embedded Studio for ARM 7.10a/lib/libc_v7em_fpv4_sp_d16_hard_t_le_eabi_balanced.a(mbops.o)
 .rodata.libc.__SEGGER_RTL_c_locale_time_format
                0x00000000000064d2        0x9 C:/Program Files/SEGGER/SEGGER Embedded Studio for ARM 7.10a/lib/libc_v7em_fpv4_sp_d16_hard_t_le_eabi_balanced.a(mbops.o)
 .rodata.libc.__SEGGER_RTL_c_locale_date_time_format
                0x00000000000064db        0xf C:/Program Files/SEGGER/SEGGER Embedded Studio for ARM 7.10a/lib/libc_v7em_fpv4_sp_d16_hard_t_le_eabi_balanced.a(mbops.o)
 *fill*         0x00000000000064ea        0x2 
 .rodata.libc.__SEGGER_RTL_c_locale_data
                0x00000000000064ec       0x58 C:/Program Files/SEGGER/SEGGER Embedded Studio for ARM 7.10a/lib/libc_v7em_fpv4_sp_d16_hard_t_le_eabi_balanced.a(mbops.o)
                0x00000000000064ec                __SEGGER_RTL_c_locale_data
 .rodata.libc.__SEGGER_RTL_ascii_ctype_map
                0x0000000000006544       0x80 C:/Program Files/SEGGER/SEGGER Embedded Studio for ARM 7.10a/lib/libc_v7em_fpv4_sp_d16_hard_t_le_eabi_balanced.a(mbops.o)
 .rodata.libc.__SEGGER_RTL_ascii_ctype_mask
                0x00000000000065c4        0xd C:/Program Files/SEGGER/SEGGER Embedded Studio for ARM 7.10a/lib/libc_v7em_fpv4_sp_d16_hard_t_le_eabi_balanced.a(mbops.o)
                0x00000000000065d1                __rodata_end__ = (__rodata_start__ + SIZEOF (.rodata))
                0x0000000000000f8d                __rodata_size__ = SIZEOF (.rodata)
                0x00000000000065d1                __rodata_load_end__ = __rodata_end__

.rel.dyn        0x00000000000065d4        0x0
 .rel.iplt      0x00000000000065d4        0x0 Output/Debug/Obj/twi_sensor_pca10056/thumb_crt0.o
                0x0000000000000001                . = ASSERT (((__rodata_start__ == __rodata_end__) || ((__rodata_end__ - __FLASH1_segment_start__) <= __FLASH1_segment_size__)), error: .rodata is too large to fit in FLASH1 memory segment)
                0x00000000000065d4                __ARM.exidx_load_start__ = ALIGN (__rodata_end__, 0x4)

.ARM.exidx      0x00000000000065d4        0x0
                0x00000000000065d4                __ARM.exidx_start__ = .
                0x00000000000065d4                __exidx_start = __ARM.exidx_start__
 *(.ARM.exidx .ARM.exidx.*)
                0x00000000000065d4                __ARM.exidx_end__ = (__ARM.exidx_start__ + SIZEOF (.ARM.exidx))
                0x0000000000000000                __ARM.exidx_size__ = SIZEOF (.ARM.exidx)
                0x00000000000065d4                __exidx_end = __ARM.exidx_end__
                0x00000000000065d4                __ARM.exidx_load_end__ = __ARM.exidx_end__
                0x0000000000000001                . = ASSERT (((__ARM.exidx_start__ == __ARM.exidx_end__) || ((__ARM.exidx_end__ - __FLASH1_segment_start__) <= __FLASH1_segment_size__)), error: .ARM.exidx is too large to fit in FLASH1 memory segment)
                0x00000000000065d4                __fast_load_start__ = ALIGN (__ARM.exidx_end__, 0x4)

.fast           0x0000000020000000        0x0 load address 0x00000000000065d4
                0x0000000020000000                __fast_start__ = .
 *(.fast .fast.*)
                0x0000000020000000                __fast_end__ = (__fast_start__ + SIZEOF (.fast))
                0x0000000000000000                __fast_size__ = SIZEOF (.fast)
                0x00000000000065d4                __fast_load_end__ = (__fast_load_start__ + SIZEOF (.fast))
                0x0000000000000001                . = ASSERT (((__fast_load_start__ == __fast_load_end__) || ((__fast_load_end__ - __FLASH1_segment_start__) <= __FLASH1_segment_size__)), error: .fast is too large to fit in FLASH1 memory segment)

.fast_run       0x0000000020000000        0x0
                0x0000000020000000                __fast_run_start__ = .
                0x0000000020000000                __fast_run_end__ = (__fast_run_start__ + SIZEOF (.fast))
                0x0000000000000000                __fast_run_size__ = (__fast_run_end__ - __fast_run_start__)
                0x0000000020000000                __fast_run_load_end__ = __fast_run_end__
                0x0000000000000001                . = ASSERT (((__fast_run_start__ == __fast_run_end__) || ((__fast_run_end__ - __RAM1_segment_start__) <= __RAM1_segment_size__)), error: .fast_run is too large to fit in RAM1 memory segment)
                0x00000000000065d4                __data_load_start__ = ALIGN ((__fast_load_start__ + SIZEOF (.fast)), 0x4)

.data           0x0000000020000000       0x5c load address 0x00000000000065d4
                0x0000000020000000                __data_start__ = .
 *(.data .data.* .gnu.linkonce.d.*)
 .data.log_backend_cb_rtt_log_backend
                0x0000000020000000        0x8 Output/Debug/Obj/twi_sensor_pca10056/nrf_log_default_backends.o
 .data.m_buffer_mask
                0x0000000020000008        0x4 Output/Debug/Obj/twi_sensor_pca10056/nrf_log_frontend.o
 .data.severity_names
                0x000000002000000c       0x14 Output/Debug/Obj/twi_sensor_pca10056/nrf_log_str_formatter.o
 .data.m_colors
                0x0000000020000020       0x24 Output/Debug/Obj/twi_sensor_pca10056/nrf_log_str_formatter.o
 .data.SystemCoreClock
                0x0000000020000044        0x4 Output/Debug/Obj/twi_sensor_pca10056/system_nrf52840.o
                0x0000000020000044                SystemCoreClock
 .data.libc.__SEGGER_RTL_global_locale
                0x0000000020000048       0x14 C:/Program Files/SEGGER/SEGGER Embedded Studio for ARM 7.10a/lib/libc_v7em_fpv4_sp_d16_hard_t_le_eabi_balanced.a(mbops.o)
                0x0000000020000048                __SEGGER_RTL_global_locale
                0x0000000020000048                __RAL_global_locale
                0x000000002000005c                __data_end__ = (__data_start__ + SIZEOF (.data))
                0x000000000000005c                __data_size__ = SIZEOF (.data)
                0x0000000000006630                __data_load_end__ = (__data_load_start__ + SIZEOF (.data))

.igot.plt       0x0000000100000000        0x0
 .igot.plt      0x0000000100000000        0x0 Output/Debug/Obj/twi_sensor_pca10056/thumb_crt0.o
                0x0000000000000001                . = ASSERT (((__data_load_start__ == __data_load_end__) || ((__data_load_end__ - __FLASH1_segment_start__) <= __FLASH1_segment_size__)), error: .data is too large to fit in FLASH1 memory segment)

.data_run       0x0000000020000000        0x0
                0x0000000020000000                __data_run_start__ = .
                0x000000002000005c                __data_run_end__ = (__data_run_start__ + SIZEOF (.data))
                0x000000000000005c                __data_run_size__ = (__data_run_end__ - __data_run_start__)
                0x000000002000005c                __data_run_load_end__ = __data_run_end__
                0x0000000000000001                . = ASSERT (((__data_run_start__ == __data_run_end__) || ((__data_run_end__ - __RAM1_segment_start__) <= __RAM1_segment_size__)), error: .data_run is too large to fit in RAM1 memory segment)
                0x0000000000006630                __tdata_load_start__ = ALIGN ((__data_load_start__ + SIZEOF (.data)), 0x4)

.tdata          0x000000002000005c        0x0 load address 0x0000000000006630
                0x000000002000005c                __tdata_start__ = .
 *(.tdata .tdata.*)
                0x000000002000005c                __tdata_end__ = (__tdata_start__ + SIZEOF (.tdata))
                0x0000000000000000                __tdata_size__ = SIZEOF (.tdata)
                0x0000000000006630                __tdata_load_end__ = (__tdata_load_start__ + SIZEOF (.tdata))
                0x0000000000006630                __FLASH1_segment_used_end__ = (ALIGN ((__data_load_start__ + SIZEOF (.data)), 0x4) + SIZEOF (.tdata))
                0x0000000000006630                __FLASH1_segment_used_size__ = (__FLASH1_segment_used_end__ - __FLASH1_segment_start__)
                0x0000000000000001                . = ASSERT (((__tdata_load_start__ == __tdata_load_end__) || ((__tdata_load_end__ - __FLASH1_segment_start__) <= __FLASH1_segment_size__)), error: .tdata is too large to fit in FLASH1 memory segment)

.tdata_run      0x000000002000005c        0x0
                0x000000002000005c                __tdata_run_start__ = .
                0x000000002000005c                __tdata_run_end__ = (__tdata_run_start__ + SIZEOF (.tdata))
                0x0000000000000000                __tdata_run_size__ = (__tdata_run_end__ - __tdata_run_start__)
                0x000000002000005c                __tdata_run_load_end__ = __tdata_run_end__
                0x0000000000000001                . = ASSERT (((__tdata_run_start__ == __tdata_run_end__) || ((__tdata_run_end__ - __RAM1_segment_start__) <= __RAM1_segment_size__)), error: .tdata_run is too large to fit in RAM1 memory segment)
                0x000000002000005c                __bss_load_start__ = ALIGN (__tdata_run_end__, 0x4)

.bss            0x000000002000005c      0x8fc
                0x000000002000005c                __bss_start__ = .
 *(.bss .bss.* .gnu.linkonce.b.*)
 .bss.m_host_present
                0x000000002000005c        0x1 Output/Debug/Obj/twi_sensor_pca10056/nrf_log_backend_rtt.o
 *fill*         0x000000002000005d        0x3 
 .bss.m_string_buff
                0x0000000020000060       0x40 Output/Debug/Obj/twi_sensor_pca10056/nrf_log_backend_rtt.o
 .bss.log_mempool_nrf_balloc_pool_stack
                0x00000000200000a0        0x8 Output/Debug/Obj/twi_sensor_pca10056/nrf_log_frontend.o
 .bss.log_mempool_nrf_balloc_pool_mem
                0x00000000200000a8       0xc0 Output/Debug/Obj/twi_sensor_pca10056/nrf_log_frontend.o
 .bss.log_mempool_nrf_balloc_cb
                0x0000000020000168        0x8 Output/Debug/Obj/twi_sensor_pca10056/nrf_log_frontend.o
 .bss.m_log_push_ringbuf_buf
                0x0000000020000170       0x80 Output/Debug/Obj/twi_sensor_pca10056/nrf_log_frontend.o
 .bss.m_log_push_ringbuf_cb
                0x00000000200001f0       0x18 Output/Debug/Obj/twi_sensor_pca10056/nrf_log_frontend.o
 .bss.m_log_data
                0x0000000020000208      0x420 Output/Debug/Obj/twi_sensor_pca10056/nrf_log_frontend.o
 .bss.m_error_data.0
                0x0000000020000628       0x20 Output/Debug/Obj/twi_sensor_pca10056/app_error.o
 .bss.m_in_critical_region
                0x0000000020000648        0x4 Output/Debug/Obj/twi_sensor_pca10056/app_util_platform.o
 .bss.m_handlers
                0x000000002000064c        0x8 Output/Debug/Obj/twi_sensor_pca10056/nrf_drv_twi.o
 .bss.m_contexts
                0x0000000020000654        0x8 Output/Debug/Obj/twi_sensor_pca10056/nrf_drv_twi.o
 .bss.m_prs_box_4
                0x000000002000065c        0x8 Output/Debug/Obj/twi_sensor_pca10056/nrfx_prs.o
 .bss.m_cb      0x0000000020000664       0x34 Output/Debug/Obj/twi_sensor_pca10056/nrfx_twim.o
 .bss.data_raw_acceleration
                0x0000000020000698        0x6 Output/Debug/Obj/twi_sensor_pca10056/main.o
 *fill*         0x000000002000069e        0x2 
 .bss.data_raw_angular_rate
                0x00000000200006a0        0x6 Output/Debug/Obj/twi_sensor_pca10056/main.o
 *fill*         0x00000000200006a6        0x2 
 .bss.acceleration_mg
                0x00000000200006a8        0xc Output/Debug/Obj/twi_sensor_pca10056/main.o
 .bss.whoamI    0x00000000200006b4        0x2 Output/Debug/Obj/twi_sensor_pca10056/main.o
 *fill*         0x00000000200006b6        0x2 
 .bss.reg       0x00000000200006b8        0x2 Output/Debug/Obj/twi_sensor_pca10056/main.o
 .bss.rst       0x00000000200006ba        0x1 Output/Debug/Obj/twi_sensor_pca10056/main.o
 *fill*         0x00000000200006bb        0x1 
 .bss.acc_calib
                0x00000000200006bc        0xc Output/Debug/Obj/twi_sensor_pca10056/main.o
 .bss._SEGGER_RTT
                0x00000000200006c8       0x78 Output/Debug/Obj/twi_sensor_pca10056/SEGGER_RTT.o
                0x00000000200006c8                _SEGGER_RTT
 .bss._acUpBuffer
                0x0000000020000740      0x200 Output/Debug/Obj/twi_sensor_pca10056/SEGGER_RTT.o
 .bss._acDownBuffer
                0x0000000020000940       0x10 Output/Debug/Obj/twi_sensor_pca10056/SEGGER_RTT.o
 .bss.libc.__SEGGER_RTL_locale_ptr
                0x0000000020000950        0x4 C:/Program Files/SEGGER/SEGGER Embedded Studio for ARM 7.10a/lib/libc_v7em_fpv4_sp_d16_hard_t_le_eabi_balanced.a(mbops.o)
                0x0000000020000950                __SEGGER_RTL_locale_ptr
 .bss.libc.__SEGGER_RTL_heap_globals
                0x0000000020000954        0x4 C:/Program Files/SEGGER/SEGGER Embedded Studio for ARM 7.10a/lib/heapops_basic_v7em_fpv4_sp_d16_hard_t_le_eabi_balanced.a(heapops_basic.o)
 *(COMMON)
                0x0000000020000958                __bss_end__ = (__bss_start__ + SIZEOF (.bss))
                0x00000000000008fc                __bss_size__ = SIZEOF (.bss)
                0x0000000020000958                __bss_load_end__ = __bss_end__
                0x0000000000000001                . = ASSERT (((__bss_start__ == __bss_end__) || ((__bss_end__ - __RAM1_segment_start__) <= __RAM1_segment_size__)), error: .bss is too large to fit in RAM1 memory segment)
                0x0000000020000958                __tbss_load_start__ = ALIGN (__bss_end__, 0x4)

.tbss           0x0000000020000958        0x0
                0x0000000020000958                __tbss_start__ = .
 *(.tbss .tbss.*)
                0x0000000020000958                __tbss_end__ = (__tbss_start__ + SIZEOF (.tbss))
                0x0000000000000000                __tbss_size__ = SIZEOF (.tbss)
                0x0000000020000958                __tbss_load_end__ = __tbss_end__
                0x0000000000000001                . = ASSERT (((__tbss_start__ == __tbss_end__) || ((__tbss_end__ - __RAM1_segment_start__) <= __RAM1_segment_size__)), error: .tbss is too large to fit in RAM1 memory segment)
                0x0000000020000958                __non_init_load_start__ = ALIGN (__tbss_end__, 0x4)

.non_init       0x0000000020000958        0x0
                0x0000000020000958                __non_init_start__ = .
 *(.non_init .non_init.*)
                0x0000000020000958                __non_init_end__ = (__non_init_start__ + SIZEOF (.non_init))
                0x0000000000000000                __non_init_size__ = SIZEOF (.non_init)
                0x0000000020000958                __non_init_load_end__ = __non_init_end__
                0x0000000000000001                . = ASSERT (((__non_init_start__ == __non_init_end__) || ((__non_init_end__ - __RAM1_segment_start__) <= __RAM1_segment_size__)), error: .non_init is too large to fit in RAM1 memory segment)
                0x0000000020000958                __heap_load_start__ = ALIGN (__non_init_end__, 0x4)

.heap           0x0000000020000958     0x2000
                0x0000000020000958                __heap_start__ = .
 *(.heap .heap.*)
                0x0000000020002958                . = ALIGN (MAX ((__heap_start__ + __HEAPSIZE__), .), 0x4)
 *fill*         0x0000000020000958     0x2000 
                0x0000000020002958                __heap_end__ = (__heap_start__ + SIZEOF (.heap))
                0x0000000000002000                __heap_size__ = SIZEOF (.heap)
                0x0000000020002958                __heap_load_end__ = __heap_end__
                0x0000000000000001                . = ASSERT (((__heap_start__ == __heap_end__) || ((__heap_end__ - __RAM1_segment_start__) <= __RAM1_segment_size__)), error: .heap is too large to fit in RAM1 memory segment)
                0x0000000000000001                . = ASSERT ((__heap_size__ <= __HEAPSIZE__), error: .heap is larger than specified size)
                0x000000002003e000                __stack_load_start__ = (__RAM1_segment_start__ + (__RAM1_segment_size__ - 0x2000))

.stack          0x000000002003e000     0x2000
                0x000000002003e000                __stack_start__ = .
                0x000000002003e000                __StackLimit = __stack_start__
 *(.stack .stack.*)
                0x0000000020040000                . = ALIGN (MAX ((__stack_start__ + __STACKSIZE__), .), 0x8)
 *fill*         0x000000002003e000     0x2000 
                0x0000000020040000                __stack_end__ = (__stack_start__ + SIZEOF (.stack))
                0x0000000000002000                __stack_size__ = SIZEOF (.stack)
                0x0000000020040000                __StackTop = __stack_end__
                0x0000000020040000                __stack_load_end__ = __stack_end__
                0x0000000000000001                . = ASSERT (((__stack_start__ == __stack_end__) || ((__stack_end__ - __RAM1_segment_start__) <= __RAM1_segment_size__)), error: .stack is too large to fit in RAM1 memory segment)
                0x0000000000000001                . = ASSERT ((__heap_end__ <= __stack_start__), error: section .heap overlaps absolute placed section .stack)
                0x0000000000000001                . = ASSERT ((__stack_size__ <= __STACKSIZE__), error: .stack is larger than specified size)
                0x0000000020040000                __stack_process_load_start__ = ALIGN (__stack_end__, 0x8)

.stack_process  0x0000000020040000        0x0
                0x0000000020040000                __stack_process_start__ = .
 *(.stack_process .stack_process.*)
                0x0000000020040000                . = ALIGN (MAX ((__stack_process_start__ + __STACKSIZE_PROCESS__), .), 0x8)
                0x0000000020040000                __stack_process_end__ = (__stack_process_start__ + SIZEOF (.stack_process))
                0x0000000000000000                __stack_process_size__ = SIZEOF (.stack_process)
                0x0000000020040000                __stack_process_load_end__ = __stack_process_end__
                0x0000000020040000                __RAM1_segment_used_end__ = (ALIGN (__stack_end__, 0x8) + SIZEOF (.stack_process))
                0x0000000000040000                __RAM1_segment_used_size__ = (__RAM1_segment_used_end__ - __RAM1_segment_start__)
                0x0000000000000001                . = ASSERT (((__stack_process_start__ == __stack_process_end__) || ((__stack_process_end__ - __RAM1_segment_start__) <= __RAM1_segment_size__)), error: .stack_process is too large to fit in RAM1 memory segment)
                0x0000000000000001                . = ASSERT ((__stack_process_size__ <= __STACKSIZE_PROCESS__), error: .stack_process is larger than specified size)
START GROUP
LOAD Output/Debug/Obj/twi_sensor_pca10056/thumb_crt0.o
LOAD Output/Debug/Obj/twi_sensor_pca10056/nrf_log_backend_rtt.o
LOAD Output/Debug/Obj/twi_sensor_pca10056/nrf_log_backend_serial.o
LOAD Output/Debug/Obj/twi_sensor_pca10056/nrf_log_backend_uart.o
LOAD Output/Debug/Obj/twi_sensor_pca10056/nrf_log_default_backends.o
LOAD Output/Debug/Obj/twi_sensor_pca10056/nrf_log_frontend.o
LOAD Output/Debug/Obj/twi_sensor_pca10056/nrf_log_str_formatter.o
LOAD Output/Debug/Obj/twi_sensor_pca10056/boards.o
LOAD Output/Debug/Obj/twi_sensor_pca10056/app_error.o
LOAD Output/Debug/Obj/twi_sensor_pca10056/app_error_handler_gcc.o
LOAD Output/Debug/Obj/twi_sensor_pca10056/app_error_weak.o
LOAD Output/Debug/Obj/twi_sensor_pca10056/app_util_platform.o
LOAD Output/Debug/Obj/twi_sensor_pca10056/nrf_assert.o
LOAD Output/Debug/Obj/twi_sensor_pca10056/nrf_atomic.o
LOAD Output/Debug/Obj/twi_sensor_pca10056/nrf_balloc.o
LOAD Output/Debug/Obj/twi_sensor_pca10056/nrf_fprintf.o
LOAD Output/Debug/Obj/twi_sensor_pca10056/nrf_fprintf_format.o
LOAD Output/Debug/Obj/twi_sensor_pca10056/nrf_memobj.o
LOAD Output/Debug/Obj/twi_sensor_pca10056/nrf_ringbuf.o
LOAD Output/Debug/Obj/twi_sensor_pca10056/nrf_strerror.o
LOAD Output/Debug/Obj/twi_sensor_pca10056/lsm9ds1_reg.o
LOAD Output/Debug/Obj/twi_sensor_pca10056/nrf_drv_twi.o
LOAD Output/Debug/Obj/twi_sensor_pca10056/nrf_drv_uart.o
LOAD Output/Debug/Obj/twi_sensor_pca10056/nrfx_atomic.o
LOAD Output/Debug/Obj/twi_sensor_pca10056/nrfx_prs.o
LOAD Output/Debug/Obj/twi_sensor_pca10056/nrfx_twi.o
LOAD Output/Debug/Obj/twi_sensor_pca10056/nrfx_twim.o
LOAD Output/Debug/Obj/twi_sensor_pca10056/nrfx_uart.o
LOAD Output/Debug/Obj/twi_sensor_pca10056/nrfx_uarte.o
LOAD Output/Debug/Obj/twi_sensor_pca10056/main.o
LOAD Output/Debug/Obj/twi_sensor_pca10056/SEGGER_RTT.o
LOAD Output/Debug/Obj/twi_sensor_pca10056/SEGGER_RTT_printf.o
LOAD Output/Debug/Obj/twi_sensor_pca10056/ses_startup_nrf52840.o
LOAD Output/Debug/Obj/twi_sensor_pca10056/ses_startup_nrf_common.o
LOAD Output/Debug/Obj/twi_sensor_pca10056/system_nrf52840.o
LOAD C:/Program Files/SEGGER/SEGGER Embedded Studio for ARM 7.10a/lib/libc_v7em_fpv4_sp_d16_hard_t_le_eabi_balanced.a
LOAD C:/Program Files/SEGGER/SEGGER Embedded Studio for ARM 7.10a/lib/heapops_basic_v7em_fpv4_sp_d16_hard_t_le_eabi_balanced.a
LOAD C:/Program Files/SEGGER/SEGGER Embedded Studio for ARM 7.10a/lib/heapops_disable_interrupts_locking_v7em_fpv4_sp_d16_hard_t_le_eabi_balanced.a
END GROUP
OUTPUT(C:/EE414_Embedded_Systems/nRF5_SDK_17.1.0_ddde560/examples/peripheral/twi_sensor/pca10056/blank/ses/Output/Debug/Exe/twi_sensor_pca10056.elf elf32-littlearm)
LOAD linker stubs

.ARM.attributes
                0x0000000000000000       0x36
 .ARM.attributes
                0x0000000000000000       0x20 Output/Debug/Obj/twi_sensor_pca10056/thumb_crt0.o
 .ARM.attributes
                0x0000000000000020       0x36 Output/Debug/Obj/twi_sensor_pca10056/nrf_log_backend_rtt.o
 .ARM.attributes
                0x0000000000000056       0x36 Output/Debug/Obj/twi_sensor_pca10056/nrf_log_backend_serial.o
 .ARM.attributes
                0x000000000000008c       0x36 Output/Debug/Obj/twi_sensor_pca10056/nrf_log_default_backends.o
 .ARM.attributes
                0x00000000000000c2       0x36 Output/Debug/Obj/twi_sensor_pca10056/nrf_log_frontend.o
 .ARM.attributes
                0x00000000000000f8       0x36 Output/Debug/Obj/twi_sensor_pca10056/nrf_log_str_formatter.o
 .ARM.attributes
                0x000000000000012e       0x36 Output/Debug/Obj/twi_sensor_pca10056/app_error.o
 .ARM.attributes
                0x0000000000000164       0x36 Output/Debug/Obj/twi_sensor_pca10056/app_error_handler_gcc.o
 .ARM.attributes
                0x000000000000019a       0x36 Output/Debug/Obj/twi_sensor_pca10056/app_error_weak.o
 .ARM.attributes
                0x00000000000001d0       0x36 Output/Debug/Obj/twi_sensor_pca10056/app_util_platform.o
 .ARM.attributes
                0x0000000000000206       0x36 Output/Debug/Obj/twi_sensor_pca10056/nrf_assert.o
 .ARM.attributes
                0x000000000000023c       0x36 Output/Debug/Obj/twi_sensor_pca10056/nrf_atomic.o
 .ARM.attributes
                0x0000000000000272       0x36 Output/Debug/Obj/twi_sensor_pca10056/nrf_balloc.o
 .ARM.attributes
                0x00000000000002a8       0x36 Output/Debug/Obj/twi_sensor_pca10056/nrf_fprintf.o
 .ARM.attributes
                0x00000000000002de       0x36 Output/Debug/Obj/twi_sensor_pca10056/nrf_fprintf_format.o
 .ARM.attributes
                0x0000000000000314       0x36 Output/Debug/Obj/twi_sensor_pca10056/nrf_memobj.o
 .ARM.attributes
                0x000000000000034a       0x36 Output/Debug/Obj/twi_sensor_pca10056/nrf_ringbuf.o
 .ARM.attributes
                0x0000000000000380       0x36 Output/Debug/Obj/twi_sensor_pca10056/nrf_strerror.o
 .ARM.attributes
                0x00000000000003b6       0x36 Output/Debug/Obj/twi_sensor_pca10056/lsm9ds1_reg.o
 .ARM.attributes
                0x00000000000003ec       0x36 Output/Debug/Obj/twi_sensor_pca10056/nrf_drv_twi.o
 .ARM.attributes
                0x0000000000000422       0x36 Output/Debug/Obj/twi_sensor_pca10056/nrfx_prs.o
 .ARM.attributes
                0x0000000000000458       0x36 Output/Debug/Obj/twi_sensor_pca10056/nrfx_twim.o
 .ARM.attributes
                0x000000000000048e       0x36 Output/Debug/Obj/twi_sensor_pca10056/nrfx_uart.o
 .ARM.attributes
                0x00000000000004c4       0x36 Output/Debug/Obj/twi_sensor_pca10056/nrfx_uarte.o
 .ARM.attributes
                0x00000000000004fa       0x36 Output/Debug/Obj/twi_sensor_pca10056/main.o
 .ARM.attributes
                0x0000000000000530       0x36 Output/Debug/Obj/twi_sensor_pca10056/SEGGER_RTT.o
 .ARM.attributes
                0x0000000000000566       0x20 Output/Debug/Obj/twi_sensor_pca10056/ses_startup_nrf52840.o
 .ARM.attributes
                0x0000000000000586       0x20 Output/Debug/Obj/twi_sensor_pca10056/ses_startup_nrf_common.o
 .ARM.attributes
                0x00000000000005a6       0x36 Output/Debug/Obj/twi_sensor_pca10056/system_nrf52840.o
 .ARM.attributes
                0x00000000000005dc       0x3e C:/Program Files/SEGGER/SEGGER Embedded Studio for ARM 7.10a/lib/libc_v7em_fpv4_sp_d16_hard_t_le_eabi_balanced.a(mbops.o)
 .ARM.attributes
                0x000000000000061a       0x20 C:/Program Files/SEGGER/SEGGER Embedded Studio for ARM 7.10a/lib/libc_v7em_fpv4_sp_d16_hard_t_le_eabi_balanced.a(strasmops_arm.o)
 .ARM.attributes
                0x000000000000063a       0x36 C:/Program Files/SEGGER/SEGGER Embedded Studio for ARM 7.10a/lib/heapops_basic_v7em_fpv4_sp_d16_hard_t_le_eabi_balanced.a(heapops_basic.o)

.comment        0x0000000000000000       0x69
 .comment       0x0000000000000000       0x32 Output/Debug/Obj/twi_sensor_pca10056/nrf_log_backend_rtt.o
                                         0x33 (size before relaxing)
 .comment       0x0000000000000032       0x33 Output/Debug/Obj/twi_sensor_pca10056/nrf_log_backend_serial.o
 .comment       0x0000000000000032       0x33 Output/Debug/Obj/twi_sensor_pca10056/nrf_log_default_backends.o
 .comment       0x0000000000000032       0x33 Output/Debug/Obj/twi_sensor_pca10056/nrf_log_frontend.o
 .comment       0x0000000000000032       0x33 Output/Debug/Obj/twi_sensor_pca10056/nrf_log_str_formatter.o
 .comment       0x0000000000000032       0x33 Output/Debug/Obj/twi_sensor_pca10056/app_error.o
 .comment       0x0000000000000032       0x33 Output/Debug/Obj/twi_sensor_pca10056/app_error_handler_gcc.o
 .comment       0x0000000000000032       0x33 Output/Debug/Obj/twi_sensor_pca10056/app_error_weak.o
 .comment       0x0000000000000032       0x33 Output/Debug/Obj/twi_sensor_pca10056/app_util_platform.o
 .comment       0x0000000000000032       0x33 Output/Debug/Obj/twi_sensor_pca10056/nrf_assert.o
 .comment       0x0000000000000032       0x33 Output/Debug/Obj/twi_sensor_pca10056/nrf_atomic.o
 .comment       0x0000000000000032       0x33 Output/Debug/Obj/twi_sensor_pca10056/nrf_balloc.o
 .comment       0x0000000000000032       0x33 Output/Debug/Obj/twi_sensor_pca10056/nrf_fprintf.o
 .comment       0x0000000000000032       0x33 Output/Debug/Obj/twi_sensor_pca10056/nrf_fprintf_format.o
 .comment       0x0000000000000032       0x33 Output/Debug/Obj/twi_sensor_pca10056/nrf_memobj.o
 .comment       0x0000000000000032       0x33 Output/Debug/Obj/twi_sensor_pca10056/nrf_ringbuf.o
 .comment       0x0000000000000032       0x33 Output/Debug/Obj/twi_sensor_pca10056/nrf_strerror.o
 .comment       0x0000000000000032       0x33 Output/Debug/Obj/twi_sensor_pca10056/lsm9ds1_reg.o
 .comment       0x0000000000000032       0x33 Output/Debug/Obj/twi_sensor_pca10056/nrf_drv_twi.o
 .comment       0x0000000000000032       0x33 Output/Debug/Obj/twi_sensor_pca10056/nrfx_prs.o
 .comment       0x0000000000000032       0x33 Output/Debug/Obj/twi_sensor_pca10056/nrfx_twim.o
 .comment       0x0000000000000032       0x33 Output/Debug/Obj/twi_sensor_pca10056/nrfx_uart.o
 .comment       0x0000000000000032       0x33 Output/Debug/Obj/twi_sensor_pca10056/nrfx_uarte.o
 .comment       0x0000000000000032       0x33 Output/Debug/Obj/twi_sensor_pca10056/main.o
 .comment       0x0000000000000032       0x33 Output/Debug/Obj/twi_sensor_pca10056/SEGGER_RTT.o
 .comment       0x0000000000000032       0x33 Output/Debug/Obj/twi_sensor_pca10056/system_nrf52840.o
 .comment       0x0000000000000032       0x37 C:/Program Files/SEGGER/SEGGER Embedded Studio for ARM 7.10a/lib/libc_v7em_fpv4_sp_d16_hard_t_le_eabi_balanced.a(mbops.o)
                                         0x38 (size before relaxing)
 .comment       0x0000000000000069       0x33 C:/Program Files/SEGGER/SEGGER Embedded Studio for ARM 7.10a/lib/heapops_basic_v7em_fpv4_sp_d16_hard_t_le_eabi_balanced.a(heapops_basic.o)

.note.GNU-stack
                0x0000000000000000        0x0
 .note.GNU-stack
                0x0000000000000000        0x0 C:/Program Files/SEGGER/SEGGER Embedded Studio for ARM 7.10a/lib/libc_v7em_fpv4_sp_d16_hard_t_le_eabi_balanced.a(mbops.o)

.debug_line     0x0000000000000000    0x12f71
 .debug_line    0x0000000000000000      0x17e Output/Debug/Obj/twi_sensor_pca10056/thumb_crt0.o
 .debug_line    0x000000000000017e      0x949 Output/Debug/Obj/twi_sensor_pca10056/nrf_log_backend_rtt.o
 .debug_line    0x0000000000000ac7      0x69c Output/Debug/Obj/twi_sensor_pca10056/nrf_log_backend_serial.o
 .debug_line    0x0000000000001163      0x614 Output/Debug/Obj/twi_sensor_pca10056/nrf_log_default_backends.o
 .debug_line    0x0000000000001777     0x1095 Output/Debug/Obj/twi_sensor_pca10056/nrf_log_frontend.o
 .debug_line    0x000000000000280c      0x7c8 Output/Debug/Obj/twi_sensor_pca10056/nrf_log_str_formatter.o
 .debug_line    0x0000000000002fd4      0x3ad Output/Debug/Obj/twi_sensor_pca10056/app_error.o
 .debug_line    0x0000000000003381      0x3a7 Output/Debug/Obj/twi_sensor_pca10056/app_error_handler_gcc.o
 .debug_line    0x0000000000003728      0x67b Output/Debug/Obj/twi_sensor_pca10056/app_error_weak.o
 .debug_line    0x0000000000003da3      0x485 Output/Debug/Obj/twi_sensor_pca10056/app_util_platform.o